Component: ARM Compiler 5.06 update 7 (build 960) Tool: armlink [4d3601]

==============================================================================

Section Cross References

    startup_stm32f446xx.o(RESET) refers to startup_stm32f446xx.o(STACK) for __initial_sp
    startup_stm32f446xx.o(RESET) refers to startup_stm32f446xx.o(.text) for Reset_Handler
    startup_stm32f446xx.o(RESET) refers to stm32f4xx_it.o(i.NMI_Handler) for NMI_Handler
    startup_stm32f446xx.o(RESET) refers to stm32f4xx_it.o(i.HardFault_Handler) for HardFault_Handler
    startup_stm32f446xx.o(RESET) refers to stm32f4xx_it.o(i.MemManage_Handler) for MemManage_Handler
    startup_stm32f446xx.o(RESET) refers to stm32f4xx_it.o(i.BusFault_Handler) for BusFault_Handler
    startup_stm32f446xx.o(RESET) refers to stm32f4xx_it.o(i.UsageFault_Handler) for UsageFault_Handler
    startup_stm32f446xx.o(RESET) refers to stm32f4xx_it.o(i.SVC_Handler) for SVC_Handler
    startup_stm32f446xx.o(RESET) refers to stm32f4xx_it.o(i.DebugMon_Handler) for DebugMon_Handler
    startup_stm32f446xx.o(RESET) refers to stm32f4xx_it.o(i.PendSV_Handler) for PendSV_Handler
    startup_stm32f446xx.o(RESET) refers to stm32f4xx_it.o(i.SysTick_Handler) for SysTick_Handler
    startup_stm32f446xx.o(RESET) refers to stm32f4xx_it.o(i.TIM2_IRQHandler) for TIM2_IRQHandler
    startup_stm32f446xx.o(RESET) refers to stm32f4xx_it.o(i.EXTI15_10_IRQHandler) for EXTI15_10_IRQHandler
    startup_stm32f446xx.o(RESET) refers to stm32f4xx_it.o(i.CAN2_RX0_IRQHandler) for CAN2_RX0_IRQHandler
    startup_stm32f446xx.o(.text) refers to system_stm32f4xx.o(i.SystemInit) for SystemInit
    startup_stm32f446xx.o(.text) refers to entry.o(.ARM.Collect$$$$00000000) for __main
    cybergear.o(i.HAL_CAN_RxFifo0MsgPendingCallback) refers to stm32f4xx_hal_gpio.o(i.HAL_GPIO_TogglePin) for HAL_GPIO_TogglePin
    cybergear.o(i.HAL_CAN_RxFifo0MsgPendingCallback) refers to stm32f4xx_hal_can.o(i.HAL_CAN_GetRxMessage) for HAL_CAN_GetRxMessage
    cybergear.o(i.HAL_CAN_RxFifo0MsgPendingCallback) refers to cybergear.o(.data) for .data
    cybergear.o(i.HAL_CAN_RxFifo0MsgPendingCallback) refers to cybergear.o(.bss) for .bss
    cybergear.o(i.Set_Motor_Parameter) refers to stm32f4xx_hal_can.o(i.HAL_CAN_AddTxMessage) for HAL_CAN_AddTxMessage
    cybergear.o(i.Set_Motor_Parameter) refers to cybergear.o(.bss) for .bss
    cybergear.o(i.Set_Motor_Parameter) refers to cybergear.o(.data) for .data
    cybergear.o(i.Set_Motor_Parameter) refers to can.o(.bss) for hcan2
    cybergear.o(i.chack_cybergear) refers to stm32f4xx_hal_can.o(i.HAL_CAN_AddTxMessage) for HAL_CAN_AddTxMessage
    cybergear.o(i.chack_cybergear) refers to cybergear.o(.bss) for .bss
    cybergear.o(i.chack_cybergear) refers to cybergear.o(.data) for .data
    cybergear.o(i.chack_cybergear) refers to can.o(.bss) for hcan2
    cybergear.o(i.init_cybergear) refers to cybergear.o(i.set_mode_cybergear) for set_mode_cybergear
    cybergear.o(i.init_cybergear) refers to cybergear.o(i.start_cybergear) for start_cybergear
    cybergear.o(i.init_cybergear) refers to cybergear.o(.bss) for .bss
    cybergear.o(i.linked_state) refers to cybergear.o(.data) for .data
    cybergear.o(i.motor_controlmode) refers to cybergear.o(i.float_to_uint) for float_to_uint
    cybergear.o(i.motor_controlmode) refers to stm32f4xx_hal_can.o(i.HAL_CAN_AddTxMessage) for HAL_CAN_AddTxMessage
    cybergear.o(i.motor_controlmode) refers to cybergear.o(.bss) for .bss
    cybergear.o(i.motor_controlmode) refers to cybergear.o(.data) for .data
    cybergear.o(i.motor_controlmode) refers to can.o(.bss) for hcan2
    cybergear.o(i.set_CANID_cybergear) refers to stm32f4xx_hal_can.o(i.HAL_CAN_AddTxMessage) for HAL_CAN_AddTxMessage
    cybergear.o(i.set_CANID_cybergear) refers to cybergear.o(.bss) for .bss
    cybergear.o(i.set_CANID_cybergear) refers to cybergear.o(.data) for .data
    cybergear.o(i.set_CANID_cybergear) refers to can.o(.bss) for hcan2
    cybergear.o(i.set_current_cybergear) refers to cybergear.o(i.Set_Motor_Parameter) for Set_Motor_Parameter
    cybergear.o(i.set_mode_cybergear) refers to cybergear.o(i.Set_Motor_Parameter) for Set_Motor_Parameter
    cybergear.o(i.set_zeropos_cybergear) refers to stm32f4xx_hal_can.o(i.HAL_CAN_AddTxMessage) for HAL_CAN_AddTxMessage
    cybergear.o(i.set_zeropos_cybergear) refers to cybergear.o(.bss) for .bss
    cybergear.o(i.set_zeropos_cybergear) refers to cybergear.o(.data) for .data
    cybergear.o(i.set_zeropos_cybergear) refers to can.o(.bss) for hcan2
    cybergear.o(i.start_cybergear) refers to stm32f4xx_hal_can.o(i.HAL_CAN_AddTxMessage) for HAL_CAN_AddTxMessage
    cybergear.o(i.start_cybergear) refers to cybergear.o(.bss) for .bss
    cybergear.o(i.start_cybergear) refers to cybergear.o(.data) for .data
    cybergear.o(i.start_cybergear) refers to can.o(.bss) for hcan2
    cybergear.o(i.stop_cybergear) refers to stm32f4xx_hal_can.o(i.HAL_CAN_AddTxMessage) for HAL_CAN_AddTxMessage
[...]
    ..\Drivers\MPU6050\mllite\mpl.c          0x00000000   Number         0  mpl.o ABSOLUTE
    ..\Drivers\MPU6050\mllite\results_holder.c 0x00000000   Number         0  results_holder.o ABSOLUTE
    ..\Drivers\MPU6050\mllite\start_manager.c 0x00000000   Number         0  start_manager.o ABSOLUTE
    ..\Drivers\MPU6050\mllite\storage_manager.c 0x00000000   Number         0  storage_manager.o ABSOLUTE
    ..\Drivers\STM32F4xx_HAL_Driver\Src\stm32f4xx_hal.c 0x00000000   Number         0  stm32f4xx_hal.o ABSOLUTE
    ..\Drivers\STM32F4xx_HAL_Driver\Src\stm32f4xx_hal_can.c 0x00000000   Number         0  stm32f4xx_hal_can.o ABSOLUTE
    ..\Drivers\STM32F4xx_HAL_Driver\Src\stm32f4xx_hal_cortex.c 0x00000000   Number         0  stm32f4xx_hal_cortex.o ABSOLUTE
    ..\Drivers\STM32F4xx_HAL_Driver\Src\stm32f4xx_hal_dma.c 0x00000000   Number         0  stm32f4xx_hal_dma.o ABSOLUTE
    ..\Drivers\STM32F4xx_HAL_Driver\Src\stm32f4xx_hal_dma_ex.c 0x00000000   Number         0  stm32f4xx_hal_dma_ex.o ABSOLUTE
    ..\Drivers\STM32F4xx_HAL_Driver\Src\stm32f4xx_hal_exti.c 0x00000000   Number         0  stm32f4xx_hal_exti.o ABSOLUTE
    ..\Drivers\STM32F4xx_HAL_Driver\Src\stm32f4xx_hal_flash.c 0x00000000   Number         0  stm32f4xx_hal_flash.o ABSOLUTE
    ..\Drivers\STM32F4xx_HAL_Driver\Src\stm32f4xx_hal_flash_ex.c 0x00000000   Number         0  stm32f4xx_hal_flash_ex.o ABSOLUTE
    ..\Drivers\STM32F4xx_HAL_Driver\Src\stm32f4xx_hal_flash_ramfunc.c 0x00000000   Number         0  stm32f4xx_hal_flash_ramfunc.o ABSOLUTE
    ..\Drivers\STM32F4xx_HAL_Driver\Src\stm32f4xx_hal_gpio.c 0x00000000   Number         0  stm32f4xx_hal_gpio.o ABSOLUTE
    ..\Drivers\STM32F4xx_HAL_Driver\Src\stm32f4xx_hal_pcd.c 0x00000000   Number         0  stm32f4xx_hal_pcd.o ABSOLUTE
    ..\Drivers\STM32F4xx_HAL_Driver\Src\stm32f4xx_hal_pcd_ex.c 0x00000000   Number         0  stm32f4xx_hal_pcd_ex.o ABSOLUTE
    ..\Drivers\STM32F4xx_HAL_Driver\Src\stm32f4xx_hal_pwr.c 0x00000000   Number         0  stm32f4xx_hal_pwr.o ABSOLUTE
    ..\Drivers\STM32F4xx_HAL_Driver\Src\stm32f4xx_hal_pwr_ex.c 0x00000000   Number         0  stm32f4xx_hal_pwr_ex.o ABSOLUTE
    ..\Drivers\STM32F4xx_HAL_Driver\Src\stm32f4xx_hal_rcc.c 0x00000000   Number         0  stm32f4xx_hal_rcc.o ABSOLUTE
    ..\Drivers\STM32F4xx_HAL_Driver\Src\stm32f4xx_hal_rcc_ex.c 0x00000000   Number         0  stm32f4xx_hal_rcc_ex.o ABSOLUTE
    ..\Drivers\STM32F4xx_HAL_Driver\Src\stm32f4xx_hal_tim.c 0x00000000   Number         0  stm32f4xx_hal_tim.o ABSOLUTE
    ..\Drivers\STM32F4xx_HAL_Driver\Src\stm32f4xx_hal_tim_ex.c 0x00000000   Number         0  stm32f4xx_hal_tim_ex.o ABSOLUTE
    ..\Drivers\STM32F4xx_HAL_Driver\Src\stm32f4xx_hal_uart.c 0x00000000   Number         0  stm32f4xx_hal_uart.o ABSOLUTE
    ..\Drivers\STM32F4xx_HAL_Driver\Src\stm32f4xx_ll_usb.c 0x00000000   Number         0  stm32f4xx_ll_usb.o ABSOLUTE
    ..\\Core\\Src\\cybergear.c               0x00000000   Number         0  cybergear.o ABSOLUTE
    ..\\Core\\Src\\hx711.c                   0x00000000   Number         0  hx711.o ABSOLUTE
    ..\\Core\\Src\\i2c.c                     0x00000000   Number         0  i2c.o ABSOLUTE
    ..\\Core\\Src\\kalman.c                  0x00000000   Number         0  kalman.o ABSOLUTE
    ..\\Core\\Src\\usart.c                   0x00000000   Number         0  usart.o ABSOLUTE
    ..\\Drivers\\MPU6050\\MPU6050.c          0x00000000   Number         0  mpu6050.o ABSOLUTE
    ..\\Drivers\\MPU6050\\driver\\eMPL\\inv_i2c.c 0x00000000   Number         0  inv_i2c.o ABSOLUTE
    ..\\Drivers\\MPU6050\\driver\\eMPL\\inv_mpu.c 0x00000000   Number         0  inv_mpu.o ABSOLUTE
    ..\\Drivers\\MPU6050\\driver\\eMPL\\inv_mpu_dmp_motion_driver.c 0x00000000   Number         0  inv_mpu_dmp_motion_driver.o ABSOLUTE
    ..\\Drivers\\MPU6050\\driver\\stm32L\\log_stm32.c 0x00000000   Number         0  log_stm32.o ABSOLUTE
    MPL_LIB\mpl\fast_no_motion.c             0x00000000   Number         0  fast_no_motion.o ABSOLUTE
    MPL_LIB\mpl\fusion_9axis.c               0x00000000   Number         0  fusion_9axis.o ABSOLUTE
    MPL_LIB\mpl\gyro_tc.c                    0x00000000   Number         0  gyro_tc.o ABSOLUTE
    MPL_LIB\mpl\mag_disturb.c                0x00000000   Number         0  mag_disturb.o ABSOLUTE
    MPL_LIB\mpl\quaternion_supervisor.c      0x00000000   Number         0  quaternion_supervisor.o ABSOLUTE
    cdcmple.s                                0x00000000   Number         0  cdcmple.o ABSOLUTE
    cdrcmple.s                               0x00000000   Number         0  cdrcmple.o ABSOLUTE
    cfcmple.s                                0x00000000   Number         0  cfcmple.o ABSOLUTE
    cfrcmple.s                               0x00000000   Number         0  cfrcmple.o ABSOLUTE
    dc.s                                     0x00000000   Number         0  dc.o ABSOLUTE
    handlers.s                               0x00000000   Number         0  handlers.o ABSOLUTE
    init.s                                   0x00000000   Number         0  init.o ABSOLUTE
    startup_stm32f446xx.s                    0x00000000   Number         0  startup_stm32f446xx.o ABSOLUTE
    RESET                                    0x08000000   Section      452  startup_stm32f446xx.o(RESET)
    .ARM.Collect$$$$00000000                 0x080001c4   Section        0  entry.o(.ARM.Collect$$$$00000000)
    .ARM.Collect$$$$00000001                 0x080001c4   Section        4  entry2.o(.ARM.Collect$$$$00000001)
    .ARM.Collect$$$$00000004                 0x080001c8   Section        4  entry5.o(.ARM.Collect$$$$00000004)
    .ARM.Collect$$$$00000008                 0x080001cc   Section        0  entry7b.o(.ARM.Collect$$$$00000008)
    .ARM.Collect$$$$0000000A                 0x080001cc   Section        0  entry8b.o(.ARM.Collect$$$$0000000A)
    .ARM.Collect$$$$0000000B                 0x080001cc   Section        8  entry9a.o(.ARM.Collect$$$$0000000B)
    .ARM.Collect$$$$0000000E                 0x080001d4   Section        4  entry12b.o(.ARM.Collect$$$$0000000E)
    .ARM.Collect$$$$0000000F                 0x080001d8   Section        0  entry10a.o(.ARM.Collect$$$$0000000F)
    .ARM.Collect$$$$00000011                 0x080001d8   Section        0  entry11a.o(.ARM.Collect$$$$00000011)
    .ARM.Collect$$$$00002712                 0x080001d8   Section        4  entry2.o(.ARM.Collect$$$$00002712)
    __lit__00000000                          0x080001d8   Data           4  entry2.o(.ARM.Collect$$$$00002712)
    .text                                    0x080001dc   Section       36  startup_stm32f446xx.o(.text)
    $v0                                      0x080001dc   Number         0  startup_stm32f446xx.o(.text)
    .text                                    0x08000200   Section        0  uldiv.o(.text)
    .text                                    0x08000262   Section        0  llshl.o(.text)
    .text                                    0x08000280   Section        0  llsshr.o(.text)
    .text                                    0x080002a4   Section        0  memseta.o(.text)
    .text                                    0x080002c8   Section        0  dadd.o(.text)
    .text                                    0x08000416   Section        0  dmul.o(.text)
    .text                                    0x080004fa   Section        0  ddiv.o(.text)
    .text                                    0x080005d8   Section        0  dflti.o(.text)
    .text                                    0x080005fa   Section        0  dfltui.o(.text)
    .text                                    0x08000614   Section        0  dfixi.o(.text)
    .text                                    0x08000652   Section        0  f2d.o(.text)
    .text                                    0x08000678   Section       48  cdcmple.o(.text)
    .text                                    0x080006a8   Section       48  cdrcmple.o(.text)
    .text                                    0x080006d8   Section        0  d2f.o(.text)
    .text                                    0x08000710   Section        0  uidiv.o(.text)
    .text                                    0x0800073c   Section        0  llushr.o(.text)
    .text                                    0x0800075c   Section        0  iusefp.o(.text)
    .text                                    0x0800075c   Section        0  fepilogue.o(.text)
    .text                                    0x080007ca   Section        0  depilogue.o(.text)
    .text                                    0x08000884   Section        0  dfixul.o(.text)
    .text                                    0x080008b4   Section       36  init.o(.text)
    i.BusFault_Handler                       0x080008d8   Section        0  stm32f4xx_it.o(i.BusFault_Handler)
    i.CAN2_RX0_IRQHandler                    0x080008dc   Section        0  stm32f4xx_it.o(i.CAN2_RX0_IRQHandler)
    i.DebugMon_Handler                       0x080008e8   Section        0  stm32f4xx_it.o(i.DebugMon_Handler)
    i.EXTI15_10_IRQHandler                   0x080008ea   Section        0  stm32f4xx_it.o(i.EXTI15_10_IRQHandler)
    i.Error_Handler                          0x080008f2   Section        0  main.o(i.Error_Handler)
    i.Get_kalman_angle                       0x080008f8   Section        0  kalman.o(i.Get_kalman_angle)
    i.HAL_CAN_ActivateNotification           0x08000918   Section        0  stm32f4xx_hal_can.o(i.HAL_CAN_ActivateNotification)
    i.HAL_CAN_AddTxMessage                   0x0800093c   Section        0  stm32f4xx_hal_can.o(i.HAL_CAN_AddTxMessage)
    i.HAL_CAN_ConfigFilter                   0x08000a18   Section        0  stm32f4xx_hal_can.o(i.HAL_CAN_ConfigFilter)
    i.HAL_CAN_ErrorCallback                  0x08000b24   Section        0  stm32f4xx_hal_can.o(i.HAL_CAN_ErrorCallback)
    i.HAL_CAN_GetRxMessage                   0x08000b26   Section        0  stm32f4xx_hal_can.o(i.HAL_CAN_GetRxMessage)
    i.HAL_CAN_IRQHandler                     0x08000c0e   Section        0  stm32f4xx_hal_can.o(i.HAL_CAN_IRQHandler)
    i.HAL_CAN_Init                           0x08000e0a   Section        0  stm32f4xx_hal_can.o(i.HAL_CAN_Init)
    i.HAL_CAN_MspInit                        0x08000f24   Section        0  can.o(i.HAL_CAN_MspInit)
    i.HAL_CAN_RxFifo0FullCallback            0x08000fb0   Section        0  stm32f4xx_hal_can.o(i.HAL_CAN_RxFifo0FullCallback)
    i.HAL_CAN_RxFifo0MsgPendingCallback      0x08000fb4   Section        0  cybergear.o(i.HAL_CAN_RxFifo0MsgPendingCallback)
    i.HAL_CAN_RxFifo1FullCallback            0x08001020   Section        0  stm32f4xx_hal_can.o(i.HAL_CAN_RxFifo1FullCallback)
    i.HAL_CAN_RxFifo1MsgPendingCallback      0x08001022   Section        0  stm32f4xx_hal_can.o(i.HAL_CAN_RxFifo1MsgPendingCallback)
    i.HAL_CAN_SleepCallback                  0x08001024   Section        0  stm32f4xx_hal_can.o(i.HAL_CAN_SleepCallback)
    i.HAL_CAN_Start                          0x08001028   Section        0  stm32f4xx_hal_can.o(i.HAL_CAN_Start)
    i.HAL_CAN_TxMailbox0AbortCallback        0x08001080   Section        0  stm32f4xx_hal_can.o(i.HAL_CAN_TxMailbox0AbortCallback)
    i.HAL_CAN_TxMailbox0CompleteCallback     0x08001082   Section        0  stm32f4xx_hal_can.o(i.HAL_CAN_TxMailbox0CompleteCallback)
    i.HAL_CAN_TxMailbox1AbortCallback        0x08001084   Section        0  stm32f4xx_hal_can.o(i.HAL_CAN_TxMailbox1AbortCallback)
    i.HAL_CAN_TxMailbox1CompleteCallback     0x08001086   Section        0  stm32f4xx_hal_can.o(i.HAL_CAN_TxMailbox1CompleteCallback)
    i.HAL_CAN_TxMailbox2AbortCallback        0x08001088   Section        0  stm32f4xx_hal_can.o(i.HAL_CAN_TxMailbox2AbortCallback)
    i.HAL_CAN_TxMailbox2CompleteCallback     0x0800108a   Section        0  stm32f4xx_hal_can.o(i.HAL_CAN_TxMailbox2CompleteCallback)
    i.HAL_CAN_WakeUpFromRxMsgCallback        0x0800108c   Section        0  stm32f4xx_hal_can.o(i.HAL_CAN_WakeUpFromRxMsgCallback)
    i.HAL_Delay                              0x08001090   Section        0  stm32f4xx_hal.o(i.HAL_Delay)
    i.HAL_GPIO_EXTI_Callback                 0x080010b4   Section        0  main.o(i.HAL_GPIO_EXTI_Callback)
    i.HAL_GPIO_EXTI_IRQHandler               0x080010d0   Section        0  stm32f4xx_hal_gpio.o(i.HAL_GPIO_EXTI_IRQHandler)
    i.HAL_GPIO_Init                          0x080010e8   Section        0  stm32f4xx_hal_gpio.o(i.HAL_GPIO_Init)
    i.HAL_GPIO_ReadPin                       0x08001290   Section        0  stm32f4xx_hal_gpio.o(i.HAL_GPIO_ReadPin)
    i.HAL_GPIO_TogglePin                     0x0800129a   Section        0  stm32f4xx_hal_gpio.o(i.HAL_GPIO_TogglePin)
    i.HAL_GPIO_WritePin                      0x080012a8   Section        0  stm32f4xx_hal_gpio.o(i.HAL_GPIO_WritePin)
    i.HAL_GetTick                            0x080012b4   Section        0  stm32f4xx_hal.o(i.HAL_GetTick)
    i.HAL_I2C_Master_Receivex                0x080012c0   Section        0  i2c.o(i.HAL_I2C_Master_Receivex)
    i.HAL_I2C_Master_Transmitx               0x08001328   Section        0  i2c.o(i.HAL_I2C_Master_Transmitx)
    i.HAL_IncTick                            0x08001390   Section        0  stm32f4xx_hal.o(i.HAL_IncTick)
    i.HAL_Init                               0x080013a0   Section        0  stm32f4xx_hal.o(i.HAL_Init)
    i.HAL_InitTick                           0x080013d4   Section        0  stm32f4xx_hal.o(i.HAL_InitTick)
    i.HAL_MspInit                            0x08001414   Section        0  stm32f4xx_hal_msp.o(i.HAL_MspInit)
    i.HAL_NVIC_EnableIRQ                     0x08001444   Section        0  stm32f4xx_hal_cortex.o(i.HAL_NVIC_EnableIRQ)
    i.HAL_NVIC_SetPriority                   0x08001460   Section        0  stm32f4xx_hal_cortex.o(i.HAL_NVIC_SetPriority)
    i.HAL_NVIC_SetPriorityGrouping           0x080014a0   Section        0  stm32f4xx_hal_cortex.o(i.HAL_NVIC_SetPriorityGrouping)
    i.HAL_PWREx_EnableOverDrive              0x080014c4   Section        0  stm32f4xx_hal_pwr_ex.o(i.HAL_PWREx_EnableOverDrive)
    i.HAL_RCC_ClockConfig                    0x08001534   Section        0  stm32f4xx_hal_rcc.o(i.HAL_RCC_ClockConfig)
    i.HAL_RCC_GetPCLK1Freq                   0x08001668   Section        0  stm32f4xx_hal_rcc.o(i.HAL_RCC_GetPCLK1Freq)
    i.HAL_RCC_GetPCLK2Freq                   0x08001688   Section        0  stm32f4xx_hal_rcc.o(i.HAL_RCC_GetPCLK2Freq)
    i.HAL_RCC_GetSysClockFreq                0x080016a8   Section        0  stm32f4xx_hal_rcc_ex.o(i.HAL_RCC_GetSysClockFreq)
    i.HAL_RCC_OscConfig                      0x08001740   Section        0  stm32f4xx_hal_rcc_ex.o(i.HAL_RCC_OscConfig)
    i.HAL_SYSTICK_Config                     0x08001a84   Section        0  stm32f4xx_hal_cortex.o(i.HAL_SYSTICK_Config)
    i.HAL_TIMEx_BreakCallback                0x08001aac   Section        0  stm32f4xx_hal_tim_ex.o(i.HAL_TIMEx_BreakCallback)
    i.HAL_TIMEx_CommutCallback               0x08001aae   Section        0  stm32f4xx_hal_tim_ex.o(i.HAL_TIMEx_CommutCallback)
    i.HAL_TIMEx_MasterConfigSynchronization  0x08001ab0   Section        0  stm32f4xx_hal_tim_ex.o(i.HAL_TIMEx_MasterConfigSynchronization)
    i.HAL_TIM_Base_Init                      0x08001b40   Section        0  stm32f4xx_hal_tim.o(i.HAL_TIM_Base_Init)
    i.HAL_TIM_Base_MspInit                   0x08001b78   Section        0  tim.o(i.HAL_TIM_Base_MspInit)
    i.HAL_TIM_Base_Start_IT                  0x08001bb0   Section        0  stm32f4xx_hal_tim.o(i.HAL_TIM_Base_Start_IT)
    i.HAL_TIM_ConfigClockSource              0x08001bd2   Section        0  stm32f4xx_hal_tim.o(i.HAL_TIM_ConfigClockSource)
    i.HAL_TIM_IC_CaptureCallback             0x08001ca8   Section        0  stm32f4xx_hal_tim.o(i.HAL_TIM_IC_CaptureCallback)
    i.HAL_TIM_IRQHandler                     0x08001caa   Section        0  stm32f4xx_hal_tim.o(i.HAL_TIM_IRQHandler)
    i.HAL_TIM_OC_DelayElapsedCallback        0x08001e10   Section        0  stm32f4xx_hal_tim.o(i.HAL_TIM_OC_DelayElapsedCallback)
    i.HAL_TIM_PWM_PulseFinishedCallback      0x08001e12   Section        0  stm32f4xx_hal_tim.o(i.HAL_TIM_PWM_PulseFinishedCallback)
    i.HAL_TIM_PeriodElapsedCallback          0x08001e14   Section        0  stm32f4xx_hal_tim.o(i.HAL_TIM_PeriodElapsedCallback)
    i.HAL_TIM_TriggerCallback                0x08001e16   Section        0  stm32f4xx_hal_tim.o(i.HAL_TIM_TriggerCallback)
    i.HAL_UART_Init                          0x08001e18   Section        0  stm32f4xx_hal_uart.o(i.HAL_UART_Init)
    i.HAL_UART_MspInit                       0x08001e7c   Section        0  usart.o(i.HAL_UART_MspInit)
    i.HAL_UART_Transmit                      0x08001f04   Section        0  stm32f4xx_hal_uart.o(i.HAL_UART_Transmit)
    i.HardFault_Handler                      0x08001fbe   Section        0  stm32f4xx_it.o(i.HardFault_Handler)
    i.I2C_Bus_Free_Check                     0x08001fc0   Section        0  i2c.o(i.I2C_Bus_Free_Check)
    I2C_Bus_Free_Check                       0x08001fc1   Thumb Code    68  i2c.o(i.I2C_Bus_Free_Check)
    i.I2C_NAck                               0x08002008   Section        0  i2c.o(i.I2C_NAck)
    I2C_NAck                                 0x08002009   Thumb Code    68  i2c.o(i.I2C_NAck)
    i.I2C_Read_Byte                          0x08002050   Section        0  i2c.o(i.I2C_Read_Byte)
    I2C_Read_Byte                            0x08002051   Thumb Code   156  i2c.o(i.I2C_Read_Byte)
    i.I2C_Send_Byte                          0x080020f0   Section        0  i2c.o(i.I2C_Send_Byte)
    I2C_Send_Byte                            0x080020f1   Thumb Code   100  i2c.o(i.I2C_Send_Byte)
    i.I2C_Start                              0x08002158   Section        0  i2c.o(i.I2C_Start)
    I2C_Start                                0x08002159   Thumb Code    68  i2c.o(i.I2C_Start)
    i.I2C_Stop                               0x080021a0   Section        0  i2c.o(i.I2C_Stop)
    I2C_Stop                                 0x080021a1   Thumb Code    70  i2c.o(i.I2C_Stop)
    i.I2C_Wait_Ack                           0x080021ec   Section        0  i2c.o(i.I2C_Wait_Ack)
    I2C_Wait_Ack                             0x080021ed   Thumb Code    94  i2c.o(i.I2C_Wait_Ack)
    i.Kalman_getAngle                        0x08002250   Section        0  kalman.o(i.Kalman_getAngle)
    i.MPU6050_GetID                          0x08002426   Section        0  kalman.o(i.MPU6050_GetID)
    i.MPU6050_Init                           0x0800242c   Section        0  kalman.o(i.MPU6050_Init)
    i.MPU6050_ReadReg                        0x080024d0   Section        0  kalman.o(i.MPU6050_ReadReg)
    i.MPU6050_Read_All                       0x08002504   Section        0  kalman.o(i.MPU6050_Read_All)
    i.MPU6050_WriteReg                       0x08002768   Section        0  kalman.o(i.MPU6050_WriteReg)
    i.MX_CAN2_Filter_Init                    0x08002788   Section        0  can.o(i.MX_CAN2_Filter_Init)
    i.MX_CAN2_Init                           0x080027d0   Section        0  can.o(i.MX_CAN2_Init)
    i.MX_GPIO_Init                           0x08002814   Section        0  gpio.o(i.MX_GPIO_Init)
    i.MX_TIM2_Init                           0x08002908   Section        0  tim.o(i.MX_TIM2_Init)
    i.MX_UART5_Init                          0x0800296c   Section        0  usart.o(i.MX_UART5_Init)
    i.MemManage_Handler                      0x080029a4   Section        0  stm32f4xx_it.o(i.MemManage_Handler)
    i.NMI_Handler                            0x080029a6   Section        0  stm32f4xx_it.o(i.NMI_Handler)
    i.PendSV_Handler                         0x080029a8   Section        0  stm32f4xx_it.o(i.PendSV_Handler)
    i.SCL_Output                             0x080029ac   Section        0  i2c.o(i.SCL_Output)
    SCL_Output                               0x080029ad   Thumb Code    34  i2c.o(i.SCL_Output)
    i.SDA_Input                              0x080029d4   Section        0  i2c.o(i.SDA_Input)
    SDA_Input                                0x080029d5   Thumb Code    32  i2c.o(i.SDA_Input)
    i.SDA_Output                             0x080029f8   Section        0  i2c.o(i.SDA_Output)
    SDA_Output                               0x080029f9   Thumb Code    34  i2c.o(i.SDA_Output)
    i.SVC_Handler                            0x08002a20   Section        0  stm32f4xx_it.o(i.SVC_Handler)
    i.Set_Motor_Parameter                    0x08002a24   Section        0  cybergear.o(i.Set_Motor_Parameter)
    Set_Motor_Parameter                      0x08002a25   Thumb Code   120  cybergear.o(i.Set_Motor_Parameter)
    i.Soft_I2C_Init                          0x08002aa8   Section        0  i2c.o(i.Soft_I2C_Init)
    i.SysTick_Handler                        0x08002ad0   Section        0  stm32f4xx_it.o(i.SysTick_Handler)
    i.SystemClock_Config                     0x08002ad4   Section        0  main.o(i.SystemClock_Config)
    i.SystemInit                             0x08002b74   Section        0  system_stm32f4xx.o(i.SystemInit)
    i.TIM2_IRQHandler                        0x08002b90   Section        0  stm32f4xx_it.o(i.TIM2_IRQHandler)
    i.TIM_Base_SetConfig                     0x08002b9c   Section        0  stm32f4xx_hal_tim.o(i.TIM_Base_SetConfig)
    i.TIM_ETR_SetConfig                      0x08002c64   Section        0  stm32f4xx_hal_tim.o(i.TIM_ETR_SetConfig)
    i.TIM_ITRx_SetConfig                     0x08002c78   Section        0  stm32f4xx_hal_tim.o(i.TIM_ITRx_SetConfig)
    TIM_ITRx_SetConfig                       0x08002c79   Thumb Code    16  stm32f4xx_hal_tim.o(i.TIM_ITRx_SetConfig)
    i.TIM_TI1_ConfigInputStage               0x08002c88   Section        0  stm32f4xx_hal_tim.o(i.TIM_TI1_ConfigInputStage)
    TIM_TI1_ConfigInputStage                 0x08002c89   Thumb Code    34  stm32f4xx_hal_tim.o(i.TIM_TI1_ConfigInputStage)
    i.TIM_TI2_ConfigInputStage               0x08002caa   Section        0  stm32f4xx_hal_tim.o(i.TIM_TI2_ConfigInputStage)
    TIM_TI2_ConfigInputStage                 0x08002cab   Thumb Code    36  stm32f4xx_hal_tim.o(i.TIM_TI2_ConfigInputStage)
    i.UART_SetConfig                         0x08002cd0   Section        0  stm32f4xx_hal_uart.o(i.UART_SetConfig)
    UART_SetConfig                           0x08002cd1   Thumb Code   286  stm32f4xx_hal_uart.o(i.UART_SetConfig)
    i.UART_WaitOnFlagUntilTimeout            0x08002df8   Section        0  stm32f4xx_hal_uart.o(i.UART_WaitOnFlagUntilTimeout)
    UART_WaitOnFlagUntilTimeout              0x08002df9   Thumb Code   100  stm32f4xx_hal_uart.o(i.UART_WaitOnFlagUntilTimeout)
    i.UsageFault_Handler                     0x08002e5c   Section        0  stm32f4xx_it.o(i.UsageFault_Handler)
    i.__0printf                              0x08002e60   Section        0  printfa.o(i.__0printf)
    i.__ARM_fpclassify                       0x08002e80   Section        0  fpclassify.o(i.__ARM_fpclassify)
    i.__NVIC_SetPriority                     0x08002eb0   Section        0  stm32f4xx_hal_cortex.o(i.__NVIC_SetPriority)
    __NVIC_SetPriority                       0x08002eb1   Thumb Code    32  stm32f4xx_hal_cortex.o(i.__NVIC_SetPriority)
    i.__hardfp_atan                          0x08002ed0   Section        0  atan.o(i.__hardfp_atan)
    i.__hardfp_atan2                         0x080031a8   Section        0  atan2.o(i.__hardfp_atan2)
    i.__hardfp_sin                           0x080033a8   Section        0  sin.o(i.__hardfp_sin)
    i.__ieee754_rem_pio2                     0x08003470   Section        0  rred.o(i.__ieee754_rem_pio2)
    i.__kernel_cos                           0x080038a8   Section        0  cos_i.o(i.__kernel_cos)
    i.__kernel_poly                          0x08003a18   Section        0  poly.o(i.__kernel_poly)
    i.__kernel_sin                           0x08003b10   Section        0  sin_i.o(i.__kernel_sin)
    i.__mathlib_dbl_infnan                   0x08003c40   Section        0  dunder.o(i.__mathlib_dbl_infnan)
    i.__mathlib_dbl_infnan2                  0x08003c54   Section        0  dunder.o(i.__mathlib_dbl_infnan2)
    i.__mathlib_dbl_invalid                  0x08003c68   Section        0  dunder.o(i.__mathlib_dbl_invalid)
    i.__mathlib_dbl_underflow                0x08003c88   Section        0  dunder.o(i.__mathlib_dbl_underflow)
    i.__scatterload_copy                     0x08003ca8   Section       14  handlers.o(i.__scatterload_copy)
    i.__scatterload_null                     0x08003cb6   Section        2  handlers.o(i.__scatterload_null)
    i.__scatterload_zeroinit                 0x08003cb8   Section       14  handlers.o(i.__scatterload_zeroinit)
    i.__set_errno                            0x08003cc8   Section        0  errno.o(i.__set_errno)
    i._fp_digits                             0x08003cd4   Section        0  printfa.o(i._fp_digits)
    _fp_digits                               0x08003cd5   Thumb Code   366  printfa.o(i._fp_digits)
    i._printf_core                           0x08003e58   Section        0  printfa.o(i._printf_core)
    _printf_core                             0x08003e59   Thumb Code  1704  printfa.o(i._printf_core)
    i._printf_post_padding                   0x0800450c   Section        0  printfa.o(i._printf_post_padding)
    _printf_post_padding                     0x0800450d   Thumb Code    36  printfa.o(i._printf_post_padding)
    i._printf_pre_padding                    0x08004530   Section        0  printfa.o(i._printf_pre_padding)
    _printf_pre_padding                      0x08004531   Thumb Code    46  printfa.o(i._printf_pre_padding)
    i.atan                                   0x0800455e   Section        0  atan.o(i.atan)
    i.delay_xus                              0x08004570   Section        0  i2c.o(i.delay_xus)
    delay_xus                                0x08004571   Thumb Code    96  i2c.o(i.delay_xus)
    i.fabs                                   0x080045d4   Section        0  fabs.o(i.fabs)
    i.float_to_uint                          0x080045ec   Section        0  cybergear.o(i.float_to_uint)
    float_to_uint                            0x080045ed   Thumb Code    74  cybergear.o(i.float_to_uint)
    i.fputc                                  0x08004638   Section        0  main.o(i.fputc)
    i.init_cybergear                         0x08004650   Section        0  cybergear.o(i.init_cybergear)
    i.linked_state                           0x08004680   Section        0  cybergear.o(i.linked_state)
    i.main                                   0x0800468c   Section        0  main.o(i.main)
    i.motor_controlmode                      0x080048dc   Section        0  cybergear.o(i.motor_controlmode)
    i.set_mode_cybergear                     0x08004a04   Section        0  cybergear.o(i.set_mode_cybergear)
    i.start_cybergear                        0x08004a18   Section        0  cybergear.o(i.start_cybergear)
    i.stop_cybergear                         0x08004a44   Section        0  cybergear.o(i.stop_cybergear)
    .constdata                               0x08004a74   Section       16  system_stm32f4xx.o(.constdata)
    .constdata                               0x08004a84   Section        8  system_stm32f4xx.o(.constdata)
    .constdata                               0x08004a90   Section      152  atan.o(.constdata)
    atanhi                                   0x08004a90   Data          32  atan.o(.constdata)
    atanlo                                   0x08004ab0   Data          32  atan.o(.constdata)
    aTodd                                    0x08004ad0   Data          40  atan.o(.constdata)
    aTeven                                   0x08004af8   Data          48  atan.o(.constdata)
    .constdata                               0x08004b28   Section       48  cos_i.o(.constdata)
    C                                        0x08004b28   Data          48  cos_i.o(.constdata)
    .constdata                               0x08004b58   Section        8  qnan.o(.constdata)
    .constdata                               0x08004b60   Section      200  rred.o(.constdata)
    pio2s                                    0x08004b60   Data          48  rred.o(.constdata)
    twooverpi                                0x08004b90   Data         152  rred.o(.constdata)
    .constdata                               0x08004c28   Section       40  sin_i.o(.constdata)
    S                                        0x08004c28   Data          40  sin_i.o(.constdata)
    .data                                    0x20000000   Section       20  cybergear.o(.data)
    .data                                    0x20000014   Section        1  i2c.o(.data)
    Soft_Free_State                          0x20000014   Data           1  i2c.o(.data)
    .data                                    0x20000018   Section       80  kalman.o(.data)
    .data                                    0x20000068   Section        1  main.o(.data)
    .data                                    0x2000006c   Section       12  stm32f4xx_hal.o(.data)
    .data                                    0x20000078   Section        4  system_stm32f4xx.o(.data)
    .data                                    0x2000007c   Section        4  stdout.o(.data)
    .data                                    0x20000080   Section        4  errno.o(.data)
    _errno                                   0x20000080   Data           4  errno.o(.data)
    .bss                                     0x20000084   Section       52  cybergear.o(.bss)
    .bss                                     0x200000b8   Section       32  cybergear.o(.bss)
    .bss                                     0x200000d8   Section       88  kalman.o(.bss)
    .bss                                     0x20000130   Section       40  can.o(.bss)
    .bss                                     0x20000158   Section       64  tim.o(.bss)
    .bss                                     0x20000198   Section       64  usart.o(.bss)
    STACK                                    0x200001d8   Section     2048  startup_stm32f446xx.o(STACK)

    Global Symbols

    Symbol Name                              Value     Ov Type        Size  Object(Section)

    BuildAttributes$$THM_ISAv4$E$P$D$K$B$S$7EM$VFPi3$EXTD16$VFPS$VFMA$PE$A:L22UL41UL21$X:L11$S22US41US21$IEEE1$IW$USESV6$~STKCKD$USESV7$~SHL$OTIME$ROPI$IEEEX$EBA8$MICROLIB$REQ8$PRES8$EABIv2 0x00000000   Number         0  anon$$obj.o ABSOLUTE
    __ARM_use_no_argv                        0x00000000   Number         0  main.o ABSOLUTE
    _printf_a                                0x00000000   Number         0  stubs.o ABSOLUTE
    _printf_c                                0x00000000   Number         0  stubs.o ABSOLUTE
    _printf_charcount                        0x00000000   Number         0  stubs.o ABSOLUTE
    _printf_d                                0x00000000   Number         0  stubs.o ABSOLUTE
    _printf_e                                0x00000000   Number         0  stubs.o ABSOLUTE
    _printf_f                                0x00000000   Number         0  stubs.o ABSOLUTE
    _printf_flags                            0x00000000   Number         0  stubs.o ABSOLUTE
    _printf_fp_dec                           0x00000000   Number         0  stubs.o ABSOLUTE
    _printf_fp_hex                           0x00000000   Number         0  stubs.o ABSOLUTE
    _printf_g                                0x00000000   Number         0  stubs.o ABSOLUTE
    _printf_i                                0x00000000   Number         0  stubs.o ABSOLUTE
    _printf_int_dec                          0x00000000   Number         0  stubs.o ABSOLUTE
    _printf_l                                0x00000000   Number         0  stubs.o ABSOLUTE
    _printf_lc                               0x00000000   Number         0  stubs.o ABSOLUTE
    _printf_ll                               0x00000000   Number         0  stubs.o ABSOLUTE
    _printf_lld                              0x00000000   Number         0  stubs.o ABSOLUTE
    _printf_lli                              0x00000000   Number         0  stubs.o ABSOLUTE
    _printf_llo                              0x00000000   Number         0  stubs.o ABSOLUTE
    _printf_llu                              0x00000000   Number         0  stubs.o ABSOLUTE
    _printf_llx                              0x00000000   Number         0  stubs.o ABSOLUTE
    _printf_longlong_dec                     0x00000000   Number         0  stubs.o ABSOLUTE
    _printf_longlong_hex                     0x00000000   Number         0  stubs.o ABSOLUTE
    _printf_longlong_oct                     0x00000000   Number         0  stubs.o ABSOLUTE
    _printf_ls                               0x00000000   Number         0  stubs.o ABSOLUTE
    _printf_mbtowc                           0x00000000   Number         0  stubs.o ABSOLUTE
    _printf_n                                0x00000000   Number         0  stubs.o ABSOLUTE
    _printf_o                                0x00000000   Number         0  stubs.o ABSOLUTE
    _printf_p                                0x00000000   Number         0  stubs.o ABSOLUTE
    _printf_percent                          0x00000000   Number         0  stubs.o ABSOLUTE
    _printf_pre_padding                      0x00000000   Number         0  stubs.o ABSOLUTE
    _printf_return_value                     0x00000000   Number         0  stubs.o ABSOLUTE
    _printf_s                                0x00000000   Number         0  stubs.o ABSOLUTE
    _printf_sizespec                         0x00000000   Number         0  stubs.o ABSOLUTE
    _printf_str                              0x00000000   Number         0  stubs.o ABSOLUTE
    _printf_truncate_signed                  0x00000000   Number         0  stubs.o ABSOLUTE
    _printf_truncate_unsigned                0x00000000   Number         0  stubs.o ABSOLUTE
    _printf_u                                0x00000000   Number         0  stubs.o ABSOLUTE
    _printf_wc                               0x00000000   Number         0  stubs.o ABSOLUTE
    _printf_wctomb                           0x00000000   Number         0  stubs.o ABSOLUTE
    _printf_widthprec                        0x00000000   Number         0  stubs.o ABSOLUTE
    _printf_x                                0x00000000   Number         0  stubs.o ABSOLUTE
    __arm_fini_                               - Undefined Weak Reference
    __cpp_initialize__aeabi_                  - Undefined Weak Reference
    __cxa_finalize                            - Undefined Weak Reference
    __decompress                              - Undefined Weak Reference
    _clock_init                               - Undefined Weak Reference
    _microlib_exit                            - Undefined Weak Reference
    __Vectors_Size                           0x000001c4   Number         0  startup_stm32f446xx.o ABSOLUTE
    __Vectors                                0x08000000   Data           4  startup_stm32f446xx.o(RESET)
    __Vectors_End                            0x080001c4   Data           0  startup_stm32f446xx.o(RESET)
    __main                                   0x080001c5   Thumb Code     0  entry.o(.ARM.Collect$$$$00000000)
    _main_stk                                0x080001c5   Thumb Code     0  entry2.o(.ARM.Collect$$$$00000001)
    _main_scatterload                        0x080001c9   Thumb Code     0  entry5.o(.ARM.Collect$$$$00000004)
    __main_after_scatterload                 0x080001cd   Thumb Code     0  entry5.o(.ARM.Collect$$$$00000004)
    _main_clock                              0x080001cd   Thumb Code     0  entry7b.o(.ARM.Collect$$$$00000008)
    _main_cpp_init                           0x080001cd   Thumb Code     0  entry8b.o(.ARM.Collect$$$$0000000A)
    _main_init                               0x080001cd   Thumb Code     0  entry9a.o(.ARM.Collect$$$$0000000B)
    __rt_lib_shutdown_fini                   0x080001d5   Thumb Code     0  entry12b.o(.ARM.Collect$$$$0000000E)
    __rt_final_cpp                           0x080001d9   Thumb Code     0  entry10a.o(.ARM.Collect$$$$0000000F)
    __rt_final_exit                          0x080001d9   Thumb Code     0  entry11a.o(.ARM.Collect$$$$00000011)
    Reset_Handler                            0x080001dd   Thumb Code     8  startup_stm32f446xx.o(.text)
    ADC_IRQHandler                           0x080001f7   Thumb Code     0  startup_stm32f446xx.o(.text)
    CAN1_RX0_IRQHandler                      0x080001f7   Thumb Code     0  startup_stm32f446xx.o(.text)
    CAN1_RX1_IRQHandler                      0x080001f7   Thumb Code     0  startup_stm32f446xx.o(.text)
    CAN1_SCE_IRQHandler                      0x080001f7   Thumb Code     0  startup_stm32f446xx.o(.text)
    CAN1_TX_IRQHandler                       0x080001f7   Thumb Code     0  startup_stm32f446xx.o(.text)
    CAN2_RX1_IRQHandler                      0x080001f7   Thumb Code     0  startup_stm32f446xx.o(.text)
    CAN2_SCE_IRQHandler                      0x080001f7   Thumb Code     0  startup_stm32f446xx.o(.text)
    CAN2_TX_IRQHandler                       0x080001f7   Thumb Code     0  startup_stm32f446xx.o(.text)
    CEC_IRQHandler                           0x080001f7   Thumb Code     0  startup_stm32f446xx.o(.text)
    DCMI_IRQHandler                          0x080001f7   Thumb Code     0  startup_stm32f446xx.o(.text)
    DMA1_Stream0_IRQHandler                  0x080001f7   Thumb Code     0  startup_stm32f446xx.o(.text)
    DMA1_Stream1_IRQHandler                  0x080001f7   Thumb Code     0  startup_stm32f446xx.o(.text)
    DMA1_Stream2_IRQHandler                  0x080001f7   Thumb Code     0  startup_stm32f446xx.o(.text)
    DMA1_Stream3_IRQHandler                  0x080001f7   Thumb Code     0  startup_stm32f446xx.o(.text)
    DMA1_Stream4_IRQHandler                  0x080001f7   Thumb Code     0  startup_stm32f446xx.o(.text)
    DMA1_Stream5_IRQHandler                  0x080001f7   Thumb Code     0  startup_stm32f446xx.o(.text)
    DMA1_Stream6_IRQHandler                  0x080001f7   Thumb Code     0  startup_stm32f446xx.o(.text)
    DMA1_Stream7_IRQHandler                  0x080001f7   Thumb Code     0  startup_stm32f446xx.o(.text)
    DMA2_Stream0_IRQHandler                  0x080001f7   Thumb Code     0  startup_stm32f446xx.o(.text)
    DMA2_Stream1_IRQHandler                  0x080001f7   Thumb Code     0  startup_stm32f446xx.o(.text)
    DMA2_Stream2_IRQHandler                  0x080001f7   Thumb Code     0  startup_stm32f446xx.o(.text)
    DMA2_Stream3_IRQHandler                  0x080001f7   Thumb Code     0  startup_stm32f446xx.o(.text)
    DMA2_Stream4_IRQHandler                  0x080001f7   Thumb Code     0  startup_stm32f446xx.o(.text)
    DMA2_Stream5_IRQHandler                  0x080001f7   Thumb Code     0  startup_stm32f446xx.o(.text)
    DMA2_Stream6_IRQHandler                  0x080001f7   Thumb Code     0  startup_stm32f446xx.o(.text)
    DMA2_Stream7_IRQHandler                  0x080001f7   Thumb Code     0  startup_stm32f446xx.o(.text)
    EXTI0_IRQHandler                         0x080001f7   Thumb Code     0  startup_stm32f446xx.o(.text)
    EXTI1_IRQHandler                         0x080001f7   Thumb Code     0  startup_stm32f446xx.o(.text)
    EXTI2_IRQHandler                         0x080001f7   Thumb Code     0  startup_stm32f446xx.o(.text)
    EXTI3_IRQHandler                         0x080001f7   Thumb Code     0  startup_stm32f446xx.o(.text)
    EXTI4_IRQHandler                         0x080001f7   Thumb Code     0  startup_stm32f446xx.o(.text)
    EXTI9_5_IRQHandler                       0x080001f7   Thumb Code     0  startup_stm32f446xx.o(.text)
    FLASH_IRQHandler                         0x080001f7   Thumb Code     0  startup_stm32f446xx.o(.text)
    FMC_IRQHandler                           0x080001f7   Thumb Code     0  startup_stm32f446xx.o(.text)
    FMPI2C1_ER_IRQHandler                    0x080001f7   Thumb Code     0  startup_stm32f446xx.o(.text)
    FMPI2C1_EV_IRQHandler                    0x080001f7   Thumb Code     0  startup_stm32f446xx.o(.text)
    FPU_IRQHandler                           0x080001f7   Thumb Code     0  startup_stm32f446xx.o(.text)
    I2C1_ER_IRQHandler                       0x080001f7   Thumb Code     0  startup_stm32f446xx.o(.text)
    I2C1_EV_IRQHandler                       0x080001f7   Thumb Code     0  startup_stm32f446xx.o(.text)
    I2C2_ER_IRQHandler                       0x080001f7   Thumb Code     0  startup_stm32f446xx.o(.text)
    I2C2_EV_IRQHandler                       0x080001f7   Thumb Code     0  startup_stm32f446xx.o(.text)
    I2C3_ER_IRQHandler                       0x080001f7   Thumb Code     0  startup_stm32f446xx.o(.text)
    I2C3_EV_IRQHandler                       0x080001f7   Thumb Code     0  startup_stm32f446xx.o(.text)
    OTG_FS_IRQHandler                        0x080001f7   Thumb Code     0  startup_stm32f446xx.o(.text)
    OTG_FS_WKUP_IRQHandler                   0x080001f7   Thumb Code     0  startup_stm32f446xx.o(.text)
    OTG_HS_EP1_IN_IRQHandler                 0x080001f7   Thumb Code     0  startup_stm32f446xx.o(.text)
    OTG_HS_EP1_OUT_IRQHandler                0x080001f7   Thumb Code     0  startup_stm32f446xx.o(.text)
    OTG_HS_IRQHandler                        0x080001f7   Thumb Code     0  startup_stm32f446xx.o(.text)
    OTG_HS_WKUP_IRQHandler                   0x080001f7   Thumb Code     0  startup_stm32f446xx.o(.text)
    PVD_IRQHandler                           0x080001f7   Thumb Code     0  startup_stm32f446xx.o(.text)
    QUADSPI_IRQHandler                       0x080001f7   Thumb Code     0  startup_stm32f446xx.o(.text)
    RCC_IRQHandler                           0x080001f7   Thumb Code     0  startup_stm32f446xx.o(.text)
    RTC_Alarm_IRQHandler                     0x080001f7   Thumb Code     0  startup_stm32f446xx.o(.text)
    RTC_WKUP_IRQHandler                      0x080001f7   Thumb Code     0  startup_stm32f446xx.o(.text)
    SAI1_IRQHandler                          0x080001f7   Thumb Code     0  startup_stm32f446xx.o(.text)
    SAI2_IRQHandler                          0x080001f7   Thumb Code     0  startup_stm32f446xx.o(.text)
    SDIO_IRQHandler                          0x080001f7   Thumb Code     0  startup_stm32f446xx.o(.text)
    SPDIF_RX_IRQHandler                      0x080001f7   Thumb Code     0  startup_stm32f446xx.o(.text)
    SPI1_IRQHandler                          0x080001f7   Thumb Code     0  startup_stm32f446xx.o(.text)
    SPI2_IRQHandler                          0x080001f7   Thumb Code     0  startup_stm32f446xx.o(.text)
    SPI3_IRQHandler                          0x080001f7   Thumb Code     0  startup_stm32f446xx.o(.text)
    SPI4_IRQHandler                          0x080001f7   Thumb Code     0  startup_stm32f446xx.o(.text)
    TAMP_STAMP_IRQHandler                    0x080001f7   Thumb Code     0  startup_stm32f446xx.o(.text)
    TIM1_BRK_TIM9_IRQHandler                 0x080001f7   Thumb Code     0  startup_stm32f446xx.o(.text)
    TIM1_CC_IRQHandler                       0x080001f7   Thumb Code     0  startup_stm32f446xx.o(.text)
    TIM1_TRG_COM_TIM11_IRQHandler            0x080001f7   Thumb Code     0  startup_stm32f446xx.o(.text)
    TIM1_UP_TIM10_IRQHandler                 0x080001f7   Thumb Code     0  startup_stm32f446xx.o(.text)
    TIM3_IRQHandler                          0x080001f7   Thumb Code     0  startup_stm32f446xx.o(.text)
    TIM4_IRQHandler                          0x080001f7   Thumb Code     0  startup_stm32f446xx.o(.text)
    TIM5_IRQHandler                          0x080001f7   Thumb Code     0  startup_stm32f446xx.o(.text)
    TIM6_DAC_IRQHandler                      0x080001f7   Thumb Code     0  startup_stm32f446xx.o(.text)
    TIM7_IRQHandler                          0x080001f7   Thumb Code     0  startup_stm32f446xx.o(.text)
    TIM8_BRK_TIM12_IRQHandler                0x080001f7   Thumb Code     0  startup_stm32f446xx.o(.text)
    TIM8_CC_IRQHandler                       0x080001f7   Thumb Code     0  startup_stm32f446xx.o(.text)
    TIM8_TRG_COM_TIM14_IRQHandler            0x080001f7   Thumb Code     0  startup_stm32f446xx.o(.text)
    TIM8_UP_TIM13_IRQHandler                 0x080001f7   Thumb Code     0  startup_stm32f446xx.o(.text)
    UART4_IRQHandler                         0x080001f7   Thumb Code     0  startup_stm32f446xx.o(.text)
    UART5_IRQHandler                         0x080001f7   Thumb Code     0  startup_stm32f446xx.o(.text)
    USART1_IRQHandler                        0x080001f7   Thumb Code     0  startup_stm32f446xx.o(.text)
    USART2_IRQHandler                        0x080001f7   Thumb Code     0  startup_stm32f446xx.o(.text)
    USART3_IRQHandler                        0x080001f7   Thumb Code     0  startup_stm32f446xx.o(.text)
    USART6_IRQHandler                        0x080001f7   Thumb Code     0  startup_stm32f446xx.o(.text)
    WWDG_IRQHandler                          0x080001f7   Thumb Code     0  startup_stm32f446xx.o(.text)
    __aeabi_uldivmod                         0x08000201   Thumb Code    98  uldiv.o(.text)
    __aeabi_llsl                             0x08000263   Thumb Code    30  llshl.o(.text)
    _ll_shift_l                              0x08000263   Thumb Code     0  llshl.o(.text)
    __aeabi_lasr                             0x08000281   Thumb Code    36  llsshr.o(.text)
    _ll_sshift_r                             0x08000281   Thumb Code     0  llsshr.o(.text)
    __aeabi_memset                           0x080002a5   Thumb Code    14  memseta.o(.text)
    __aeabi_memset4                          0x080002a5   Thumb Code     0  memseta.o(.text)
    __aeabi_memset8                          0x080002a5   Thumb Code     0  memseta.o(.text)
    __aeabi_memclr                           0x080002b3   Thumb Code     4  memseta.o(.text)
    __aeabi_memclr4                          0x080002b3   Thumb Code     0  memseta.o(.text)
    __aeabi_memclr8                          0x080002b3   Thumb Code     0  memseta.o(.text)
    _memset$wrapper                          0x080002b7   Thumb Code    18  memseta.o(.text)
    __aeabi_dadd                             0x080002c9   Thumb Code   322  dadd.o(.text)
    __aeabi_dsub                             0x0800040b   Thumb Code     6  dadd.o(.text)
    __aeabi_drsub                            0x08000411   Thumb Code     6  dadd.o(.text)
    __aeabi_dmul                             0x08000417   Thumb Code   228  dmul.o(.text)
    __aeabi_ddiv                             0x080004fb   Thumb Code   222  ddiv.o(.text)
    __aeabi_i2d                              0x080005d9   Thumb Code    34  dflti.o(.text)
    __aeabi_ui2d                             0x080005fb   Thumb Code    26  dfltui.o(.text)
    __aeabi_d2iz                             0x08000615   Thumb Code    62  dfixi.o(.text)
    __aeabi_f2d                              0x08000653   Thumb Code    38  f2d.o(.text)
    __aeabi_cdcmpeq                          0x08000679   Thumb Code     0  cdcmple.o(.text)
    __aeabi_cdcmple                          0x08000679   Thumb Code    48  cdcmple.o(.text)
    __aeabi_cdrcmple                         0x080006a9   Thumb Code    48  cdrcmple.o(.text)
    __aeabi_d2f                              0x080006d9   Thumb Code    56  d2f.o(.text)
    __aeabi_uidiv                            0x08000711   Thumb Code     0  uidiv.o(.text)
    __aeabi_uidivmod                         0x08000711   Thumb Code    44  uidiv.o(.text)
    __aeabi_llsr                             0x0800073d   Thumb Code    32  llushr.o(.text)
    _ll_ushift_r                             0x0800073d   Thumb Code     0  llushr.o(.text)
    __I$use$fp                               0x0800075d   Thumb Code     0  iusefp.o(.text)
    _float_round                             0x0800075d   Thumb Code    18  fepilogue.o(.text)
    _float_epilogue                          0x0800076f   Thumb Code    92  fepilogue.o(.text)
    _double_round                            0x080007cb   Thumb Code    30  depilogue.o(.text)
    _double_epilogue                         0x080007e9   Thumb Code   156  depilogue.o(.text)
    __aeabi_d2ulz                            0x08000885   Thumb Code    48  dfixul.o(.text)
    __scatterload                            0x080008b5   Thumb Code    28  init.o(.text)
    __scatterload_rt2                        0x080008b5   Thumb Code     0  init.o(.text)
    BusFault_Handler                         0x080008d9   Thumb Code     2  stm32f4xx_it.o(i.BusFault_Handler)
    CAN2_RX0_IRQHandler                      0x080008dd   Thumb Code     6  stm32f4xx_it.o(i.CAN2_RX0_IRQHandler)
    DebugMon_Handler                         0x080008e9   Thumb Code     2  stm32f4xx_it.o(i.DebugMon_Handler)
    EXTI15_10_IRQHandler                     0x080008eb   Thumb Code     8  stm32f4xx_it.o(i.EXTI15_10_IRQHandler)
    Error_Handler                            0x080008f3   Thumb Code     4  main.o(i.Error_Handler)
    Get_kalman_angle                         0x080008f9   Thumb Code    28  kalman.o(i.Get_kalman_angle)
    HAL_CAN_ActivateNotification             0x08000919   Thumb Code    36  stm32f4xx_hal_can.o(i.HAL_CAN_ActivateNotification)
    HAL_CAN_AddTxMessage                     0x0800093d   Thumb Code   220  stm32f4xx_hal_can.o(i.HAL_CAN_AddTxMessage)
    HAL_CAN_ConfigFilter                     0x08000a19   Thumb Code   262  stm32f4xx_hal_can.o(i.HAL_CAN_ConfigFilter)
    HAL_CAN_ErrorCallback                    0x08000b25   Thumb Code     2  stm32f4xx_hal_can.o(i.HAL_CAN_ErrorCallback)
    HAL_CAN_GetRxMessage                     0x08000b27   Thumb Code   232  stm32f4xx_hal_can.o(i.HAL_CAN_GetRxMessage)
    HAL_CAN_IRQHandler                       0x08000c0f   Thumb Code   508  stm32f4xx_hal_can.o(i.HAL_CAN_IRQHandler)
    HAL_CAN_Init                             0x08000e0b   Thumb Code   282  stm32f4xx_hal_can.o(i.HAL_CAN_Init)
    HAL_CAN_MspInit                          0x08000f25   Thumb Code   126  can.o(i.HAL_CAN_MspInit)
    HAL_CAN_RxFifo0FullCallback              0x08000fb1   Thumb Code     2  stm32f4xx_hal_can.o(i.HAL_CAN_RxFifo0FullCallback)
    HAL_CAN_RxFifo0MsgPendingCallback        0x08000fb5   Thumb Code    96  cybergear.o(i.HAL_CAN_RxFifo0MsgPendingCallback)
    HAL_CAN_RxFifo1FullCallback              0x08001021   Thumb Code     2  stm32f4xx_hal_can.o(i.HAL_CAN_RxFifo1FullCallback)
    HAL_CAN_RxFifo1MsgPendingCallback        0x08001023   Thumb Code     2  stm32f4xx_hal_can.o(i.HAL_CAN_RxFifo1MsgPendingCallback)
    HAL_CAN_SleepCallback                    0x08001025   Thumb Code     2  stm32f4xx_hal_can.o(i.HAL_CAN_SleepCallback)
    HAL_CAN_Start                            0x08001029   Thumb Code    88  stm32f4xx_hal_can.o(i.HAL_CAN_Start)
    HAL_CAN_TxMailbox0AbortCallback          0x08001081   Thumb Code     2  stm32f4xx_hal_can.o(i.HAL_CAN_TxMailbox0AbortCallback)
    HAL_CAN_TxMailbox0CompleteCallback       0x08001083   Thumb Code     2  stm32f4xx_hal_can.o(i.HAL_CAN_TxMailbox0CompleteCallback)
    HAL_CAN_TxMailbox1AbortCallback          0x08001085   Thumb Code     2  stm32f4xx_hal_can.o(i.HAL_CAN_TxMailbox1AbortCallback)
    HAL_CAN_TxMailbox1CompleteCallback       0x08001087   Thumb Code     2  stm32f4xx_hal_can.o(i.HAL_CAN_TxMailbox1CompleteCallback)
    HAL_CAN_TxMailbox2AbortCallback          0x08001089   Thumb Code     2  stm32f4xx_hal_can.o(i.HAL_CAN_TxMailbox2AbortCallback)
    HAL_CAN_TxMailbox2CompleteCallback       0x0800108b   Thumb Code     2  stm32f4xx_hal_can.o(i.HAL_CAN_TxMailbox2CompleteCallback)
    HAL_CAN_WakeUpFromRxMsgCallback          0x0800108d   Thumb Code     2  stm32f4xx_hal_can.o(i.HAL_CAN_WakeUpFromRxMsgCallback)
    HAL_Delay                                0x08001091   Thumb Code    32  stm32f4xx_hal.o(i.HAL_Delay)
    HAL_GPIO_EXTI_Callback                   0x080010b5   Thumb Code    24  main.o(i.HAL_GPIO_EXTI_Callback)
    HAL_GPIO_EXTI_IRQHandler                 0x080010d1   Thumb Code    18  stm32f4xx_hal_gpio.o(i.HAL_GPIO_EXTI_IRQHandler)
    HAL_GPIO_Init                            0x080010e9   Thumb Code   384  stm32f4xx_hal_gpio.o(i.HAL_GPIO_Init)
    HAL_GPIO_ReadPin                         0x08001291   Thumb Code    10  stm32f4xx_hal_gpio.o(i.HAL_GPIO_ReadPin)
    HAL_GPIO_TogglePin                       0x0800129b   Thumb Code    14  stm32f4xx_hal_gpio.o(i.HAL_GPIO_TogglePin)
    HAL_GPIO_WritePin                        0x080012a9   Thumb Code    10  stm32f4xx_hal_gpio.o(i.HAL_GPIO_WritePin)
    HAL_GetTick                              0x080012b5   Thumb Code     6  stm32f4xx_hal.o(i.HAL_GetTick)
    HAL_I2C_Master_Receivex                  0x080012c1   Thumb Code   100  i2c.o(i.HAL_I2C_Master_Receivex)
    HAL_I2C_Master_Transmitx                 0x08001329   Thumb Code   100  i2c.o(i.HAL_I2C_Master_Transmitx)
    HAL_IncTick                              0x08001391   Thumb Code    12  stm32f4xx_hal.o(i.HAL_IncTick)
    HAL_Init                                 0x080013a1   Thumb Code    48  stm32f4xx_hal.o(i.HAL_Init)
    HAL_InitTick                             0x080013d5   Thumb Code    54  stm32f4xx_hal.o(i.HAL_InitTick)
    HAL_MspInit                              0x08001415   Thumb Code    42  stm32f4xx_hal_msp.o(i.HAL_MspInit)
    HAL_NVIC_EnableIRQ                       0x08001445   Thumb Code    26  stm32f4xx_hal_cortex.o(i.HAL_NVIC_EnableIRQ)
    HAL_NVIC_SetPriority                     0x08001461   Thumb Code    60  stm32f4xx_hal_cortex.o(i.HAL_NVIC_SetPriority)
    HAL_NVIC_SetPriorityGrouping             0x080014a1   Thumb Code    26  stm32f4xx_hal_cortex.o(i.HAL_NVIC_SetPriorityGrouping)
    HAL_PWREx_EnableOverDrive                0x080014c5   Thumb Code    98  stm32f4xx_hal_pwr_ex.o(i.HAL_PWREx_EnableOverDrive)
    HAL_RCC_ClockConfig                      0x08001535   Thumb Code   288  stm32f4xx_hal_rcc.o(i.HAL_RCC_ClockConfig)
    HAL_RCC_GetPCLK1Freq                     0x08001669   Thumb Code    20  stm32f4xx_hal_rcc.o(i.HAL_RCC_GetPCLK1Freq)
    HAL_RCC_GetPCLK2Freq                     0x08001689   Thumb Code    20  stm32f4xx_hal_rcc.o(i.HAL_RCC_GetPCLK2Freq)
    HAL_RCC_GetSysClockFreq                  0x080016a9   Thumb Code   140  stm32f4xx_hal_rcc_ex.o(i.HAL_RCC_GetSysClockFreq)
    HAL_RCC_OscConfig                        0x08001741   Thumb Code   814  stm32f4xx_hal_rcc_ex.o(i.HAL_RCC_OscConfig)
    HAL_SYSTICK_Config                       0x08001a85   Thumb Code    40  stm32f4xx_hal_cortex.o(i.HAL_SYSTICK_Config)
    HAL_TIMEx_BreakCallback                  0x08001aad   Thumb Code     2  stm32f4xx_hal_tim_ex.o(i.HAL_TIMEx_BreakCallback)
    HAL_TIMEx_CommutCallback                 0x08001aaf   Thumb Code     2  stm32f4xx_hal_tim_ex.o(i.HAL_TIMEx_CommutCallback)
    HAL_TIMEx_MasterConfigSynchronization    0x08001ab1   Thumb Code   116  stm32f4xx_hal_tim_ex.o(i.HAL_TIMEx_MasterConfigSynchronization)
    HAL_TIM_Base_Init                        0x08001b41   Thumb Code    54  stm32f4xx_hal_tim.o(i.HAL_TIM_Base_Init)
    HAL_TIM_Base_MspInit                     0x08001b79   Thumb Code    50  tim.o(i.HAL_TIM_Base_MspInit)
    HAL_TIM_Base_Start_IT                    0x08001bb1   Thumb Code    34  stm32f4xx_hal_tim.o(i.HAL_TIM_Base_Start_IT)
    HAL_TIM_ConfigClockSource                0x08001bd3   Thumb Code   214  stm32f4xx_hal_tim.o(i.HAL_TIM_ConfigClockSource)
    HAL_TIM_IC_CaptureCallback               0x08001ca9   Thumb Code     2  stm32f4xx_hal_tim.o(i.HAL_TIM_IC_CaptureCallback)
    HAL_TIM_IRQHandler                       0x08001cab   Thumb Code   358  stm32f4xx_hal_tim.o(i.HAL_TIM_IRQHandler)
    HAL_TIM_OC_DelayElapsedCallback          0x08001e11   Thumb Code     2  stm32f4xx_hal_tim.o(i.HAL_TIM_OC_DelayElapsedCallback)
    HAL_TIM_PWM_PulseFinishedCallback        0x08001e13   Thumb Code     2  stm32f4xx_hal_tim.o(i.HAL_TIM_PWM_PulseFinishedCallback)
    HAL_TIM_PeriodElapsedCallback            0x08001e15   Thumb Code     2  stm32f4xx_hal_tim.o(i.HAL_TIM_PeriodElapsedCallback)
    HAL_TIM_TriggerCallback                  0x08001e17   Thumb Code     2  stm32f4xx_hal_tim.o(i.HAL_TIM_TriggerCallback)
    HAL_UART_Init                            0x08001e19   Thumb Code    98  stm32f4xx_hal_uart.o(i.HAL_UART_Init)
    HAL_UART_MspInit                         0x08001e7d   Thumb Code   118  usart.o(i.HAL_UART_MspInit)
    HAL_UART_Transmit                        0x08001f05   Thumb Code   186  stm32f4xx_hal_uart.o(i.HAL_UART_Transmit)
    HardFault_Handler                        0x08001fbf   Thumb Code     2  stm32f4xx_it.o(i.HardFault_Handler)
    Kalman_getAngle                          0x08002251   Thumb Code   470  kalman.o(i.Kalman_getAngle)
    MPU6050_GetID                            0x08002427   Thumb Code     6  kalman.o(i.MPU6050_GetID)
    MPU6050_Init                             0x0800242d   Thumb Code   164  kalman.o(i.MPU6050_Init)
    MPU6050_ReadReg                          0x080024d1   Thumb Code    50  kalman.o(i.MPU6050_ReadReg)
    MPU6050_Read_All                         0x08002505   Thumb Code   542  kalman.o(i.MPU6050_Read_All)
    MPU6050_WriteReg                         0x08002769   Thumb Code    30  kalman.o(i.MPU6050_WriteReg)
    MX_CAN2_Filter_Init                      0x08002789   Thumb Code    66  can.o(i.MX_CAN2_Filter_Init)
    MX_CAN2_Init                             0x080027d1   Thumb Code    60  can.o(i.MX_CAN2_Init)
    MX_GPIO_Init                             0x08002815   Thumb Code   224  gpio.o(i.MX_GPIO_Init)
    MX_TIM2_Init                             0x08002909   Thumb Code    96  tim.o(i.MX_TIM2_Init)
    MX_UART5_Init                            0x0800296d   Thumb Code    48  usart.o(i.MX_UART5_Init)
    MemManage_Handler                        0x080029a5   Thumb Code     2  stm32f4xx_it.o(i.MemManage_Handler)
    NMI_Handler                              0x080029a7   Thumb Code     2  stm32f4xx_it.o(i.NMI_Handler)
    PendSV_Handler                           0x080029a9   Thumb Code     2  stm32f4xx_it.o(i.PendSV_Handler)
    SVC_Handler                              0x08002a21   Thumb Code     2  stm32f4xx_it.o(i.SVC_Handler)
    Soft_I2C_Init                            0x08002aa9   Thumb Code    36  i2c.o(i.Soft_I2C_Init)
    SysTick_Handler                          0x08002ad1   Thumb Code     4  stm32f4xx_it.o(i.SysTick_Handler)
    SystemClock_Config                       0x08002ad5   Thumb Code   152  main.o(i.SystemClock_Config)
    SystemInit                               0x08002b75   Thumb Code    22  system_stm32f4xx.o(i.SystemInit)
    TIM2_IRQHandler                          0x08002b91   Thumb Code     6  stm32f4xx_it.o(i.TIM2_IRQHandler)
    TIM_Base_SetConfig                       0x08002b9d   Thumb Code   156  stm32f4xx_hal_tim.o(i.TIM_Base_SetConfig)
    TIM_ETR_SetConfig                        0x08002c65   Thumb Code    20  stm32f4xx_hal_tim.o(i.TIM_ETR_SetConfig)
    UsageFault_Handler                       0x08002e5d   Thumb Code     2  stm32f4xx_it.o(i.UsageFault_Handler)
    __0printf                                0x08002e61   Thumb Code    22  printfa.o(i.__0printf)
    __1printf                                0x08002e61   Thumb Code     0  printfa.o(i.__0printf)
    __2printf                                0x08002e61   Thumb Code     0  printfa.o(i.__0printf)
    __c89printf                              0x08002e61   Thumb Code     0  printfa.o(i.__0printf)
    printf                                   0x08002e61   Thumb Code     0  printfa.o(i.__0printf)
    __ARM_fpclassify                         0x08002e81   Thumb Code    48  fpclassify.o(i.__ARM_fpclassify)
    __hardfp_atan                            0x08002ed1   Thumb Code   622  atan.o(i.__hardfp_atan)
    __hardfp_atan2                           0x080031a9   Thumb Code   448  atan2.o(i.__hardfp_atan2)
    __hardfp_sin                             0x080033a9   Thumb Code   180  sin.o(i.__hardfp_sin)
    __ieee754_rem_pio2                       0x08003471   Thumb Code   938  rred.o(i.__ieee754_rem_pio2)
    __kernel_cos                             0x080038a9   Thumb Code   322  cos_i.o(i.__kernel_cos)
    __kernel_poly                            0x08003a19   Thumb Code   248  poly.o(i.__kernel_poly)
    __kernel_sin                             0x08003b11   Thumb Code   280  sin_i.o(i.__kernel_sin)
    __mathlib_dbl_infnan                     0x08003c41   Thumb Code    20  dunder.o(i.__mathlib_dbl_infnan)
    __mathlib_dbl_infnan2                    0x08003c55   Thumb Code    20  dunder.o(i.__mathlib_dbl_infnan2)
    __mathlib_dbl_invalid                    0x08003c69   Thumb Code    24  dunder.o(i.__mathlib_dbl_invalid)
    __mathlib_dbl_underflow                  0x08003c89   Thumb Code    24  dunder.o(i.__mathlib_dbl_underflow)
    __scatterload_copy                       0x08003ca9   Thumb Code    14  handlers.o(i.__scatterload_copy)
    __scatterload_null                       0x08003cb7   Thumb Code     2  handlers.o(i.__scatterload_null)
    __scatterload_zeroinit                   0x08003cb9   Thumb Code    14  handlers.o(i.__scatterload_zeroinit)
    __set_errno                              0x08003cc9   Thumb Code     6  errno.o(i.__set_errno)
    atan                                     0x0800455f   Thumb Code    16  atan.o(i.atan)
    fabs                                     0x080045d5   Thumb Code    24  fabs.o(i.fabs)
    fputc                                    0x08004639   Thumb Code    20  main.o(i.fputc)
    init_cybergear                           0x08004651   Thumb Code    44  cybergear.o(i.init_cybergear)
    linked_state                             0x08004681   Thumb Code     6  cybergear.o(i.linked_state)
    main                                     0x0800468d   Thumb Code   500  main.o(i.main)
    motor_controlmode                        0x080048dd   Thumb Code   274  cybergear.o(i.motor_controlmode)
    set_mode_cybergear                       0x08004a05   Thumb Code    18  cybergear.o(i.set_mode_cybergear)
    start_cybergear                          0x08004a19   Thumb Code    30  cybergear.o(i.start_cybergear)
    stop_cybergear                           0x08004a45   Thumb Code    34  cybergear.o(i.stop_cybergear)
    AHBPrescTable                            0x08004a74   Data          16  system_stm32f4xx.o(.constdata)
    APBPrescTable                            0x08004a84   Data           8  system_stm32f4xx.o(.constdata)
    __mathlib_zero                           0x08004b58   Data           8  qnan.o(.constdata)
    Region$$Table$$Base                      0x08004c50   Number         0  anon$$obj.o(Region$$Table)
    Region$$Table$$Limit                     0x08004c70   Number         0  anon$$obj.o(Region$$Table)
    send_mail_box                            0x20000000   Data           4  cybergear.o(.data)
    byte                                     0x20000004   Data           4  cybergear.o(.data)
    local                                    0x20000008   Data           4  cybergear.o(.data)
    rx_data                                  0x2000000c   Data           8  cybergear.o(.data)
    sensor                                   0x20000018   Data           4  kalman.o(.data)
    timer                                    0x2000001c   Data           4  kalman.o(.data)
    KalmanY                                  0x20000020   Data          72  kalman.o(.data)
    nextstate                                0x20000068   Data           1  main.o(.data)
    uwTickFreq                               0x2000006c   Data           1  stm32f4xx_hal.o(.data)
    uwTickPrio                               0x20000070   Data           4  stm32f4xx_hal.o(.data)
    uwTick                                   0x20000074   Data           4  stm32f4xx_hal.o(.data)
    SystemCoreClock                          0x20000078   Data           4  system_stm32f4xx.o(.data)
    __stdout                                 0x2000007c   Data           4  stdout.o(.data)
    rxMsg                                    0x20000084   Data          28  cybergear.o(.bss)
    txMsg                                    0x200000a0   Data          24  cybergear.o(.bss)
    mi_motor                                 0x200000b8   Data          32  cybergear.o(.bss)
    data                                     0x200000d8   Data          88  kalman.o(.bss)
    hcan2                                    0x20000130   Data          40  can.o(.bss)
    htim2                                    0x20000158   Data          64  tim.o(.bss)
    huart5                                   0x20000198   Data          64  usart.o(.bss)
    __initial_sp                             0x200009d8   Data           0  startup_stm32f446xx.o(STACK)



==============================================================================

Memory Map of the image

  Image Entry point : 0x080001c5

  Load Region LR_IROM1 (Base: 0x08000000, Size: 0x00004cf4, Max: 0x00040000, ABSOLUTE)

    Execution Region ER_IROM1 (Exec base: 0x08000000, Load base: 0x08000000, Size: 0x00004c70, Max: 0x00040000, ABSOLUTE)

    Exec Addr    Load Addr    Size         Type   Attr      Idx    E Section Name        Object

    0x08000000   0x08000000   0x000001c4   Data   RO            3    RESET               startup_stm32f446xx.o
    0x080001c4   0x080001c4   0x00000000   Code   RO         6165  * .ARM.Collect$$$$00000000  mc_w.l(entry.o)
    0x080001c4   0x080001c4   0x00000004   Code   RO         6551    .ARM.Collect$$$$00000001  mc_w.l(entry2.o)
    0x080001c8   0x080001c8   0x00000004   Code   RO         6554    .ARM.Collect$$$$00000004  mc_w.l(entry5.o)
    0x080001cc   0x080001cc   0x00000000   Code   RO         6556    .ARM.Collect$$$$00000008  mc_w.l(entry7b.o)
    0x080001cc   0x080001cc   0x00000000   Code   RO         6558    .ARM.Collect$$$$0000000A  mc_w.l(entry8b.o)
    0x080001cc   0x080001cc   0x00000008   Code   RO         6559    .ARM.Collect$$$$0000000B  mc_w.l(entry9a.o)
    0x080001d4   0x080001d4   0x00000004   Code   RO         6566    .ARM.Collect$$$$0000000E  mc_w.l(entry12b.o)
    0x080001d8   0x080001d8   0x00000000   Code   RO         6561    .ARM.Collect$$$$0000000F  mc_w.l(entry10a.o)
    0x080001d8   0x080001d8   0x00000000   Code   RO         6563    .ARM.Collect$$$$00000011  mc_w.l(entry11a.o)
    0x080001d8   0x080001d8   0x00000004   Code   RO         6552    .ARM.Collect$$$$00002712  mc_w.l(entry2.o)
    0x080001dc   0x080001dc   0x00000024   Code   RO            4    .text               startup_stm32f446xx.o
    0x08000200   0x08000200   0x00000062   Code   RO         6168    .text               mc_w.l(uldiv.o)
    0x08000262   0x08000262   0x0000001e   Code   RO         6172    .text               mc_w.l(llshl.o)
    0x08000280   0x08000280   0x00000024   Code   RO         6174    .text               mc_w.l(llsshr.o)
    0x080002a4   0x080002a4   0x00000024   Code   RO         6180    .text               mc_w.l(memseta.o)
    0x080002c8   0x080002c8   0x0000014e   Code   RO         6457    .text               mf_w.l(dadd.o)
    0x08000416   0x08000416   0x000000e4   Code   RO         6459    .text               mf_w.l(dmul.o)
    0x080004fa   0x080004fa   0x000000de   Code   RO         6461    .text               mf_w.l(ddiv.o)
    0x080005d8   0x080005d8   0x00000022   Code   RO         6471    .text               mf_w.l(dflti.o)
    0x080005fa   0x080005fa   0x0000001a   Code   RO         6473    .text               mf_w.l(dfltui.o)
    0x08000614   0x08000614   0x0000003e   Code   RO         6479    .text               mf_w.l(dfixi.o)
    0x08000652   0x08000652   0x00000026   Code   RO         6481    .text               mf_w.l(f2d.o)
    0x08000678   0x08000678   0x00000030   Code   RO         6483    .text               mf_w.l(cdcmple.o)
    0x080006a8   0x080006a8   0x00000030   Code   RO         6485    .text               mf_w.l(cdrcmple.o)
    0x080006d8   0x080006d8   0x00000038   Code   RO         6487    .text               mf_w.l(d2f.o)
    0x08000710   0x08000710   0x0000002c   Code   RO         6568    .text               mc_w.l(uidiv.o)
    0x0800073c   0x0800073c   0x00000020   Code   RO         6570    .text               mc_w.l(llushr.o)
    0x0800075c   0x0800075c   0x00000000   Code   RO         6579    .text               mc_w.l(iusefp.o)
    0x0800075c   0x0800075c   0x0000006e   Code   RO         6580    .text               mf_w.l(fepilogue.o)
    0x080007ca   0x080007ca   0x000000ba   Code   RO         6582    .text               mf_w.l(depilogue.o)
    0x08000884   0x08000884   0x00000030   Code   RO         6588    .text               mf_w.l(dfixul.o)
    0x080008b4   0x080008b4   0x00000024   Code   RO         6590    .text               mc_w.l(init.o)
    0x080008d8   0x080008d8   0x00000002   Code   RO          729    i.BusFault_Handler  stm32f4xx_it.o
    0x080008da   0x080008da   0x00000002   PAD
    0x080008dc   0x080008dc   0x0000000c   Code   RO          730    i.CAN2_RX0_IRQHandler  stm32f4xx_it.o
    0x080008e8   0x080008e8   0x00000002   Code   RO          731    i.DebugMon_Handler  stm32f4xx_it.o
    0x080008ea   0x080008ea   0x00000008   Code   RO          732    i.EXTI15_10_IRQHandler  stm32f4xx_it.o
    0x080008f2   0x080008f2   0x00000004   Code   RO          510    i.Error_Handler     main.o
    0x080008f6   0x080008f6   0x00000002   PAD
    0x080008f8   0x080008f8   0x00000020   Code   RO          432    i.Get_kalman_angle  kalman.o
    0x08000918   0x08000918   0x00000024   Code   RO          902    i.HAL_CAN_ActivateNotification  stm32f4xx_hal_can.o
    0x0800093c   0x0800093c   0x000000dc   Code   RO          903    i.HAL_CAN_AddTxMessage  stm32f4xx_hal_can.o
    0x08000a18   0x08000a18   0x0000010c   Code   RO          904    i.HAL_CAN_ConfigFilter  stm32f4xx_hal_can.o
    0x08000b24   0x08000b24   0x00000002   Code   RO          907    i.HAL_CAN_ErrorCallback  stm32f4xx_hal_can.o
    0x08000b26   0x08000b26   0x000000e8   Code   RO          910    i.HAL_CAN_GetRxMessage  stm32f4xx_hal_can.o
    0x08000c0e   0x08000c0e   0x000001fc   Code   RO          914    i.HAL_CAN_IRQHandler  stm32f4xx_hal_can.o
    0x08000e0a   0x08000e0a   0x0000011a   Code   RO          915    i.HAL_CAN_Init      stm32f4xx_hal_can.o
    0x08000f24   0x08000f24   0x0000008c   Code   RO          598    i.HAL_CAN_MspInit   can.o
    0x08000fb0   0x08000fb0   0x00000002   Code   RO          922    i.HAL_CAN_RxFifo0FullCallback  stm32f4xx_hal_can.o
    0x08000fb2   0x08000fb2   0x00000002   PAD
    0x08000fb4   0x08000fb4   0x0000006c   Code   RO           13    i.HAL_CAN_RxFifo0MsgPendingCallback  cybergear.o
    0x08001020   0x08001020   0x00000002   Code   RO          924    i.HAL_CAN_RxFifo1FullCallback  stm32f4xx_hal_can.o
    0x08001022   0x08001022   0x00000002   Code   RO          925    i.HAL_CAN_RxFifo1MsgPendingCallback  stm32f4xx_hal_can.o
    0x08001024   0x08001024   0x00000002   Code   RO          926    i.HAL_CAN_SleepCallback  stm32f4xx_hal_can.o
    0x08001026   0x08001026   0x00000002   PAD
    0x08001028   0x08001028   0x00000058   Code   RO          927    i.HAL_CAN_Start     stm32f4xx_hal_can.o
    0x08001080   0x08001080   0x00000002   Code   RO          929    i.HAL_CAN_TxMailbox0AbortCallback  stm32f4xx_hal_can.o
    0x08001082   0x08001082   0x00000002   Code   RO          930    i.HAL_CAN_TxMailbox0CompleteCallback  stm32f4xx_hal_can.o
    0x08001084   0x08001084   0x00000002   Code   RO          931    i.HAL_CAN_TxMailbox1AbortCallback  stm32f4xx_hal_can.o
    0x08001086   0x08001086   0x00000002   Code   RO          932    i.HAL_CAN_TxMailbox1CompleteCallback  stm32f4xx_hal_can.o
    0x08001088   0x08001088   0x00000002   Code   RO          933    i.HAL_CAN_TxMailbox2AbortCallback  stm32f4xx_hal_can.o
    0x0800108a   0x0800108a   0x00000002   Code   RO          934    i.HAL_CAN_TxMailbox2CompleteCallback  stm32f4xx_hal_can.o
    0x0800108c   0x0800108c   0x00000002   Code   RO          936    i.HAL_CAN_WakeUpFromRxMsgCallback  stm32f4xx_hal_can.o
    0x0800108e   0x0800108e   0x00000002   PAD
    0x08001090   0x08001090   0x00000024   Code   RO         2118    i.HAL_Delay         stm32f4xx_hal.o
    0x080010b4   0x080010b4   0x0000001c   Code   RO          511    i.HAL_GPIO_EXTI_Callback  main.o
    0x080010d0   0x080010d0   0x00000018   Code   RO         1573    i.HAL_GPIO_EXTI_IRQHandler  stm32f4xx_hal_gpio.o
    0x080010e8   0x080010e8   0x000001a8   Code   RO         1574    i.HAL_GPIO_Init     stm32f4xx_hal_gpio.o
    0x08001290   0x08001290   0x0000000a   Code   RO         1576    i.HAL_GPIO_ReadPin  stm32f4xx_hal_gpio.o
    0x0800129a   0x0800129a   0x0000000e   Code   RO         1577    i.HAL_GPIO_TogglePin  stm32f4xx_hal_gpio.o
    0x080012a8   0x080012a8   0x0000000a   Code   RO         1578    i.HAL_GPIO_WritePin  stm32f4xx_hal_gpio.o
    0x080012b2   0x080012b2   0x00000002   PAD
    0x080012b4   0x080012b4   0x0000000c   Code   RO         2124    i.HAL_GetTick       stm32f4xx_hal.o
    0x080012c0   0x080012c0   0x00000068   Code   RO          323    i.HAL_I2C_Master_Receivex  i2c.o
    0x08001328   0x08001328   0x00000068   Code   RO          324    i.HAL_I2C_Master_Transmitx  i2c.o
    0x08001390   0x08001390   0x00000010   Code   RO         2130    i.HAL_IncTick       stm32f4xx_hal.o
    0x080013a0   0x080013a0   0x00000034   Code   RO         2131    i.HAL_Init          stm32f4xx_hal.o
    0x080013d4   0x080013d4   0x00000040   Code   RO         2132    i.HAL_InitTick      stm32f4xx_hal.o
    0x08001414   0x08001414   0x00000030   Code   RO          823    i.HAL_MspInit       stm32f4xx_hal_msp.o
    0x08001444   0x08001444   0x0000001a   Code   RO         1981    i.HAL_NVIC_EnableIRQ  stm32f4xx_hal_cortex.o
    0x0800145e   0x0800145e   0x00000002   PAD
    0x08001460   0x08001460   0x00000040   Code   RO         1987    i.HAL_NVIC_SetPriority  stm32f4xx_hal_cortex.o
    0x080014a0   0x080014a0   0x00000024   Code   RO         1988    i.HAL_NVIC_SetPriorityGrouping  stm32f4xx_hal_cortex.o
    0x080014c4   0x080014c4   0x00000070   Code   RO         1910    i.HAL_PWREx_EnableOverDrive  stm32f4xx_hal_pwr_ex.o
    0x08001534   0x08001534   0x00000134   Code   RO         1136    i.HAL_RCC_ClockConfig  stm32f4xx_hal_rcc.o
    0x08001668   0x08001668   0x00000020   Code   RO         1143    i.HAL_RCC_GetPCLK1Freq  stm32f4xx_hal_rcc.o
    0x08001688   0x08001688   0x00000020   Code   RO         1144    i.HAL_RCC_GetPCLK2Freq  stm32f4xx_hal_rcc.o
    0x080016a8   0x080016a8   0x00000098   Code   RO         1247    i.HAL_RCC_GetSysClockFreq  stm32f4xx_hal_rcc_ex.o
    0x08001740   0x08001740   0x00000344   Code   RO         1248    i.HAL_RCC_OscConfig  stm32f4xx_hal_rcc_ex.o
    0x08001a84   0x08001a84   0x00000028   Code   RO         1992    i.HAL_SYSTICK_Config  stm32f4xx_hal_cortex.o
    0x08001aac   0x08001aac   0x00000002   Code   RO         3046    i.HAL_TIMEx_BreakCallback  stm32f4xx_hal_tim_ex.o
    0x08001aae   0x08001aae   0x00000002   Code   RO         3047    i.HAL_TIMEx_CommutCallback  stm32f4xx_hal_tim_ex.o
    0x08001ab0   0x08001ab0   0x00000090   Code   RO         3064    i.HAL_TIMEx_MasterConfigSynchronization  stm32f4xx_hal_tim_ex.o
    0x08001b40   0x08001b40   0x00000036   Code   RO         2371    i.HAL_TIM_Base_Init  stm32f4xx_hal_tim.o
    0x08001b76   0x08001b76   0x00000002   PAD
    0x08001b78   0x08001b78   0x00000038   Code   RO          646    i.HAL_TIM_Base_MspInit  tim.o
    0x08001bb0   0x08001bb0   0x00000022   Code   RO         2376    i.HAL_TIM_Base_Start_IT  stm32f4xx_hal_tim.o
    0x08001bd2   0x08001bd2   0x000000d6   Code   RO         2380    i.HAL_TIM_ConfigClockSource  stm32f4xx_hal_tim.o
    0x08001ca8   0x08001ca8   0x00000002   Code   RO         2400    i.HAL_TIM_IC_CaptureCallback  stm32f4xx_hal_tim.o
    0x08001caa   0x08001caa   0x00000166   Code   RO         2414    i.HAL_TIM_IRQHandler  stm32f4xx_hal_tim.o
    0x08001e10   0x08001e10   0x00000002   Code   RO         2417    i.HAL_TIM_OC_DelayElapsedCallback  stm32f4xx_hal_tim.o
    0x08001e12   0x08001e12   0x00000002   Code   RO         2444    i.HAL_TIM_PWM_PulseFinishedCallback  stm32f4xx_hal_tim.o
    0x08001e14   0x08001e14   0x00000002   Code   RO         2452    i.HAL_TIM_PeriodElapsedCallback  stm32f4xx_hal_tim.o
    0x08001e16   0x08001e16   0x00000002   Code   RO         2457    i.HAL_TIM_TriggerCallback  stm32f4xx_hal_tim.o
    0x08001e18   0x08001e18   0x00000062   Code   RO         3322    i.HAL_UART_Init     stm32f4xx_hal_uart.o
    0x08001e7a   0x08001e7a   0x00000002   PAD
    0x08001e7c   0x08001e7c   0x00000088   Code   RO          688    i.HAL_UART_MspInit  usart.o
    0x08001f04   0x08001f04   0x000000ba   Code   RO         3330    i.HAL_UART_Transmit  stm32f4xx_hal_uart.o
    0x08001fbe   0x08001fbe   0x00000002   Code   RO          733    i.HardFault_Handler  stm32f4xx_it.o
    0x08001fc0   0x08001fc0   0x00000048   Code   RO          325    i.I2C_Bus_Free_Check  i2c.o
    0x08002008   0x08002008   0x00000048   Code   RO          326    i.I2C_NAck          i2c.o
    0x08002050   0x08002050   0x000000a0   Code   RO          327    i.I2C_Read_Byte     i2c.o
    0x080020f0   0x080020f0   0x00000068   Code   RO          328    i.I2C_Send_Byte     i2c.o
    0x08002158   0x08002158   0x00000048   Code   RO          329    i.I2C_Start         i2c.o
    0x080021a0   0x080021a0   0x0000004c   Code   RO          330    i.I2C_Stop          i2c.o
    0x080021ec   0x080021ec   0x00000064   Code   RO          331    i.I2C_Wait_Ack      i2c.o
    0x08002250   0x08002250   0x000001d6   Code   RO          433    i.Kalman_getAngle   kalman.o
    0x08002426   0x08002426   0x00000006   Code   RO          435    i.MPU6050_GetID     kalman.o
    0x0800242c   0x0800242c   0x000000a4   Code   RO          436    i.MPU6050_Init      kalman.o
    0x080024d0   0x080024d0   0x00000032   Code   RO          437    i.MPU6050_ReadReg   kalman.o
    0x08002502   0x08002502   0x00000002   PAD
    0x08002504   0x08002504   0x00000264   Code   RO          438    i.MPU6050_Read_All  kalman.o
    0x08002768   0x08002768   0x0000001e   Code   RO          439    i.MPU6050_WriteReg  kalman.o
    0x08002786   0x08002786   0x00000002   PAD
    0x08002788   0x08002788   0x00000048   Code   RO          599    i.MX_CAN2_Filter_Init  can.o
    0x080027d0   0x080027d0   0x00000044   Code   RO          600    i.MX_CAN2_Init      can.o
    0x08002814   0x08002814   0x000000f4   Code   RO          573    i.MX_GPIO_Init      gpio.o
    0x08002908   0x08002908   0x00000064   Code   RO          647    i.MX_TIM2_Init      tim.o
    0x0800296c   0x0800296c   0x00000038   Code   RO          689    i.MX_UART5_Init     usart.o
    0x080029a4   0x080029a4   0x00000002   Code   RO          734    i.MemManage_Handler  stm32f4xx_it.o
    0x080029a6   0x080029a6   0x00000002   Code   RO          735    i.NMI_Handler       stm32f4xx_it.o
    0x080029a8   0x080029a8   0x00000002   Code   RO          736    i.PendSV_Handler    stm32f4xx_it.o
    0x080029aa   0x080029aa   0x00000002   PAD
    0x080029ac   0x080029ac   0x00000028   Code   RO          332    i.SCL_Output        i2c.o
    0x080029d4   0x080029d4   0x00000024   Code   RO          333    i.SDA_Input         i2c.o
    0x080029f8   0x080029f8   0x00000028   Code   RO          334    i.SDA_Output        i2c.o
    0x08002a20   0x08002a20   0x00000002   Code   RO          737    i.SVC_Handler       stm32f4xx_it.o
    0x08002a22   0x08002a22   0x00000002   PAD
    0x08002a24   0x08002a24   0x00000084   Code   RO           14    i.Set_Motor_Parameter  cybergear.o
    0x08002aa8   0x08002aa8   0x00000028   Code   RO          335    i.Soft_I2C_Init     i2c.o
    0x08002ad0   0x08002ad0   0x00000004   Code   RO          738    i.SysTick_Handler   stm32f4xx_it.o
    0x08002ad4   0x08002ad4   0x000000a0   Code   RO          512    i.SystemClock_Config  main.o
    0x08002b74   0x08002b74   0x0000001c   Code   RO         3624    i.SystemInit        system_stm32f4xx.o
    0x08002b90   0x08002b90   0x0000000c   Code   RO          739    i.TIM2_IRQHandler   stm32f4xx_it.o
    0x08002b9c   0x08002b9c   0x000000c8   Code   RO         2459    i.TIM_Base_SetConfig  stm32f4xx_hal_tim.o
    0x08002c64   0x08002c64   0x00000014   Code   RO         2470    i.TIM_ETR_SetConfig  stm32f4xx_hal_tim.o
    0x08002c78   0x08002c78   0x00000010   Code   RO         2471    i.TIM_ITRx_SetConfig  stm32f4xx_hal_tim.o
    0x08002c88   0x08002c88   0x00000022   Code   RO         2477    i.TIM_TI1_ConfigInputStage  stm32f4xx_hal_tim.o
    0x08002caa   0x08002caa   0x00000024   Code   RO         2479    i.TIM_TI2_ConfigInputStage  stm32f4xx_hal_tim.o
    0x08002cce   0x08002cce   0x00000002   PAD
    0x08002cd0   0x08002cd0   0x00000128   Code   RO         3348    i.UART_SetConfig    stm32f4xx_hal_uart.o
    0x08002df8   0x08002df8   0x00000064   Code   RO         3350    i.UART_WaitOnFlagUntilTimeout  stm32f4xx_hal_uart.o
    0x08002e5c   0x08002e5c   0x00000002   Code   RO          740    i.UsageFault_Handler  stm32f4xx_it.o
    0x08002e5e   0x08002e5e   0x00000002   PAD
    0x08002e60   0x08002e60   0x00000020   Code   RO         6421    i.__0printf         mc_w.l(printfa.o)
    0x08002e80   0x08002e80   0x00000030   Code   RO         6516    i.__ARM_fpclassify  m_wm.l(fpclassify.o)
    0x08002eb0   0x08002eb0   0x00000020   Code   RO         1994    i.__NVIC_SetPriority  stm32f4xx_hal_cortex.o
    0x08002ed0   0x08002ed0   0x000002d8   Code   RO         6015    i.__hardfp_atan     m_wm.l(atan.o)
    0x080031a8   0x080031a8   0x00000200   Code   RO         6029    i.__hardfp_atan2    m_wm.l(atan2.o)
    0x080033a8   0x080033a8   0x000000c8   Code   RO         6117    i.__hardfp_sin      m_wm.l(sin.o)
    0x08003470   0x08003470   0x00000438   Code   RO         6537    i.__ieee754_rem_pio2  m_wm.l(rred.o)
    0x080038a8   0x080038a8   0x00000170   Code   RO         6493    i.__kernel_cos      m_wm.l(cos_i.o)
    0x08003a18   0x08003a18   0x000000f8   Code   RO         6534    i.__kernel_poly     m_wm.l(poly.o)
    0x08003b10   0x08003b10   0x00000130   Code   RO         6545    i.__kernel_sin      m_wm.l(sin_i.o)
    0x08003c40   0x08003c40   0x00000014   Code   RO         6497    i.__mathlib_dbl_infnan  m_wm.l(dunder.o)
    0x08003c54   0x08003c54   0x00000014   Code   RO         6498    i.__mathlib_dbl_infnan2  m_wm.l(dunder.o)
    0x08003c68   0x08003c68   0x00000020   Code   RO         6499    i.__mathlib_dbl_invalid  m_wm.l(dunder.o)
    0x08003c88   0x08003c88   0x00000020   Code   RO         6502    i.__mathlib_dbl_underflow  m_wm.l(dunder.o)
    0x08003ca8   0x08003ca8   0x0000000e   Code   RO         6594    i.__scatterload_copy  mc_w.l(handlers.o)
    0x08003cb6   0x08003cb6   0x00000002   Code   RO         6595    i.__scatterload_null  mc_w.l(handlers.o)
    0x08003cb8   0x08003cb8   0x0000000e   Code   RO         6596    i.__scatterload_zeroinit  mc_w.l(handlers.o)
    0x08003cc6   0x08003cc6   0x00000002   PAD
    0x08003cc8   0x08003cc8   0x0000000c   Code   RO         6574    i.__set_errno       mc_w.l(errno.o)
    0x08003cd4   0x08003cd4   0x00000184   Code   RO         6428    i._fp_digits        mc_w.l(printfa.o)
    0x08003e58   0x08003e58   0x000006b4   Code   RO         6429    i._printf_core      mc_w.l(printfa.o)
    0x0800450c   0x0800450c   0x00000024   Code   RO         6430    i._printf_post_padding  mc_w.l(printfa.o)
    0x08004530   0x08004530   0x0000002e   Code   RO         6431    i._printf_pre_padding  mc_w.l(printfa.o)
    0x0800455e   0x0800455e   0x00000010   Code   RO         6017    i.atan              m_wm.l(atan.o)
    0x0800456e   0x0800456e   0x00000002   PAD
    0x08004570   0x08004570   0x00000064   Code   RO          337    i.delay_xus         i2c.o
    0x080045d4   0x080045d4   0x00000018   Code   RO         6512    i.fabs              m_wm.l(fabs.o)
    0x080045ec   0x080045ec   0x0000004a   Code   RO           16    i.float_to_uint     cybergear.o
    0x08004636   0x08004636   0x00000002   PAD
    0x08004638   0x08004638   0x00000018   Code   RO          513    i.fputc             main.o
    0x08004650   0x08004650   0x00000030   Code   RO           17    i.init_cybergear    cybergear.o
    0x08004680   0x08004680   0x0000000c   Code   RO           18    i.linked_state      cybergear.o
    0x0800468c   0x0800468c   0x00000250   Code   RO          514    i.main              main.o
    0x080048dc   0x080048dc   0x00000128   Code   RO           19    i.motor_controlmode  cybergear.o
    0x08004a04   0x08004a04   0x00000012   Code   RO           22    i.set_mode_cybergear  cybergear.o
    0x08004a16   0x08004a16   0x00000002   PAD
    0x08004a18   0x08004a18   0x0000002c   Code   RO           24    i.start_cybergear   cybergear.o
    0x08004a44   0x08004a44   0x00000030   Code   RO           25    i.stop_cybergear    cybergear.o
    0x08004a74   0x08004a74   0x00000010   Data   RO         3625    .constdata          system_stm32f4xx.o
    0x08004a84   0x08004a84   0x00000008   Data   RO         3626    .constdata          system_stm32f4xx.o
    0x08004a8c   0x08004a8c   0x00000004   PAD
    0x08004a90   0x08004a90   0x00000098   Data   RO         6018    .constdata          m_wm.l(atan.o)
    0x08004b28   0x08004b28   0x00000030   Data   RO         6494    .constdata          m_wm.l(cos_i.o)
    0x08004b58   0x08004b58   0x00000008   Data   RO         6536    .constdata          m_wm.l(qnan.o)
    0x08004b60   0x08004b60   0x000000c8   Data   RO         6539    .constdata          m_wm.l(rred.o)
    0x08004c28   0x08004c28   0x00000028   Data   RO         6546    .constdata          m_wm.l(sin_i.o)
    0x08004c50   0x08004c50   0x00000020   Data   RO         6592    Region$$Table       anon$$obj.o


    Execution Region RW_IRAM1 (Exec base: 0x20000000, Load base: 0x08004c70, Size: 0x000009d8, Max: 0x00020000, ABSOLUTE)

    Exec Addr    Load Addr    Size         Type   Attr      Idx    E Section Name        Object

    0x20000000   0x08004c70   0x00000014   Data   RW           28    .data               cybergear.o
    0x20000014   0x08004c84   0x00000001   Data   RW          338    .data               i2c.o
    0x20000015   0x08004c85   0x00000003   PAD
    0x20000018   0x08004c88   0x00000050   Data   RW          441    .data               kalman.o
    0x20000068   0x08004cd8   0x00000001   Data   RW          515    .data               main.o
    0x20000069   0x08004cd9   0x00000003   PAD
    0x2000006c   0x08004cdc   0x0000000c   Data   RW         2138    .data               stm32f4xx_hal.o
    0x20000078   0x08004ce8   0x00000004   Data   RW         3627    .data               system_stm32f4xx.o
    0x2000007c   0x08004cec   0x00000004   Data   RW         6567    .data               mc_w.l(stdout.o)
    0x20000080   0x08004cf0   0x00000004   Data   RW         6575    .data               mc_w.l(errno.o)
    0x20000084        -       0x00000034   Zero   RW           26    .bss                cybergear.o
    0x200000b8        -       0x00000020   Zero   RW           27    .bss                cybergear.o
    0x200000d8        -       0x00000058   Zero   RW          440    .bss                kalman.o
    0x20000130        -       0x00000028   Zero   RW          601    .bss                can.o
    0x20000158        -       0x00000040   Zero   RW          648    .bss                tim.o
    0x20000198        -       0x00000040   Zero   RW          690    .bss                usart.o
    0x200001d8        -       0x00000800   Zero   RW            1    STACK               startup_stm32f446xx.o


==============================================================================

Image component sizes


      Code (inc. data)   RO Data    RW Data    ZI Data      Debug   Object Name

       280         28          0          0         40       2323   can.o
       780         84          0         20         84     726419   cybergear.o
       244         20          0          0          0       1047   gpio.o
      1120         64          0          1          0      10869   i2c.o
      1364         74          0         80         88       6768   kalman.o
       808        108          0          1          0       4249   main.o
        36          8        452          0       2048        840   startup_stm32f446xx.o
       180         28          0         12          0       9313   stm32f4xx_hal.o
      1658          6          0          0          0      14367   stm32f4xx_hal_can.o
       198         14          0          0          0      33975   stm32f4xx_hal_cortex.o
       482         46          0          0          0       4323   stm32f4xx_hal_gpio.o
        48          6          0          0          0        866   stm32f4xx_hal_msp.o
       112         14          0          0          0       1296   stm32f4xx_hal_pwr_ex.o
       372         44          0          0          0       2906   stm32f4xx_hal_rcc.o
       988         34          0          0          0       2726   stm32f4xx_hal_rcc_ex.o
       976         44          0          0          0      10641   stm32f4xx_hal_tim.o
       148         28          0          0          0       2473   stm32f4xx_hal_tim_ex.o
       680         10          0          0          0       4144   stm32f4xx_hal_uart.o
        52         12          0          0          0       5641   stm32f4xx_it.o
        28          6         24          4          0       1167   system_stm32f4xx.o
       156         10          0          0         64       1710   tim.o
       192         26          0          0         64       1768   usart.o

    ----------------------------------------------------------------------
     10936        714        512        124       2388     849831   Object Totals
         0          0         32          0          0          0   (incl. Generated)
        34          0          4          6          0          0   (incl. Padding)

    ----------------------------------------------------------------------

      Code (inc. data)   RO Data    RW Data    ZI Data      Debug   Library Member Name

       744        106        152          0          0        352   atan.o
       512         64          0          0          0        208   atan2.o
       368         46         48          0          0        200   cos_i.o
       104         16          0          0          0        496   dunder.o
        24          0          0          0          0        124   fabs.o
        48          0          0          0          0        124   fpclassify.o
       248          0          0          0          0        152   poly.o
         0          0          8          0          0          0   qnan.o
      1080        142        200          0          0        188   rred.o
       200         20          0          0          0        164   sin.o
       304         24         40          0          0        208   sin_i.o
         0          0          0          0          0          0   entry.o
         0          0          0          0          0          0   entry10a.o
         0          0          0          0          0          0   entry11a.o
         4          0          0          0          0          0   entry12b.o
         8          4          0          0          0          0   entry2.o
         4          0          0          0          0          0   entry5.o
         0          0          0          0          0          0   entry7b.o
         0          0          0          0          0          0   entry8b.o
         8          4          0          0          0          0   entry9a.o
        12          6          0          4          0         68   errno.o
        30          0          0          0          0          0   handlers.o
        36          8          0          0          0         68   init.o
         0          0          0          0          0          0   iusefp.o
        30          0          0          0          0         68   llshl.o
        36          0          0          0          0         68   llsshr.o
        32          0          0          0          0         68   llushr.o
        36          0          0          0          0        108   memseta.o
      2218         90          0          0          0        464   printfa.o
         0          0          0          4          0          0   stdout.o
        44          0          0          0          0         80   uidiv.o
        98          0          0          0          0         92   uldiv.o
        48          0          0          0          0         68   cdcmple.o
        48          0          0          0          0         68   cdrcmple.o
        56          0          0          0          0         88   d2f.o
       334          0          0          0          0        148   dadd.o
       222          0          0          0          0        100   ddiv.o
       186          0          0          0          0        176   depilogue.o
        62          0          0          0          0         80   dfixi.o
        48          0          0          0          0         68   dfixul.o
        34          0          0          0          0         76   dflti.o
        26          0          0          0          0         76   dfltui.o
       228          0          0          0          0         96   dmul.o
        38          0          0          0          0         68   f2d.o
       110          0          0          0          0        168   fepilogue.o

    ----------------------------------------------------------------------
      7672        530        448          8          0       4580   Library Totals
         4          0          0          0          0          0   (incl. Padding)

    ----------------------------------------------------------------------

      Code (inc. data)   RO Data    RW Data    ZI Data      Debug   Library Name

      3632        418        448          0          0       2216   m_wm.l
      2596        112          0          8          0       1084   mc_w.l
      1440          0          0          0          0       1280   mf_w.l

    ----------------------------------------------------------------------
      7672        530        448          8          0       4580   Library Totals

    ----------------------------------------------------------------------

==============================================================================


      Code (inc. data)   RO Data    RW Data    ZI Data      Debug   

     18608       1244        960        132       2388     840919   Grand Totals
     18608       1244        960        132       2388     840919   ELF Image Totals
     18608       1244        960        132          0          0   ROM Totals

==============================================================================

    Total RO  Size (Code + RO Data)                19568 (  19.11kB)
    Total RW  Size (RW Data + ZI Data)              2520 (   2.46kB)
    Total ROM Size (Code + RO Data + RW Data)      19700 (  19.24kB)

==============================================================================

