Component: ARM Compiler 5.06 update 7 (build 960) Tool: armlink [4d3601]

==============================================================================

Section Cross References

    startup_stm32f446xx.o(RESET) refers to startup_stm32f446xx.o(STACK) for __initial_sp
    startup_stm32f446xx.o(RESET) refers to startup_stm32f446xx.o(.text) for Reset_Handler
    startup_stm32f446xx.o(RESET) refers to stm32f4xx_it.o(i.NMI_Handler) for NMI_Handler
    startup_stm32f446xx.o(RESET) refers to stm32f4xx_it.o(i.HardFault_Handler) for HardFault_Handler
    startup_stm32f446xx.o(RESET) refers to stm32f4xx_it.o(i.MemManage_Handler) for MemManage_Handler
    startup_stm32f446xx.o(RESET) refers to stm32f4xx_it.o(i.BusFault_Handler) for BusFault_Handler
    startup_stm32f446xx.o(RESET) refers to stm32f4xx_it.o(i.UsageFault_Handler) for UsageFault_Handler
    startup_stm32f446xx.o(RESET) refers to stm32f4xx_it.o(i.SVC_Handler) for SVC_Handler
    startup_stm32f446xx.o(RESET) refers to stm32f4xx_it.o(i.DebugMon_Handler) for DebugMon_Handler
    startup_stm32f446xx.o(RESET) refers to stm32f4xx_it.o(i.PendSV_Handler) for PendSV_Handler
    startup_stm32f446xx.o(RESET) refers to stm32f4xx_it.o(i.SysTick_Handler) for SysTick_Handler
    startup_stm32f446xx.o(RESET) refers to stm32f4xx_it.o(i.TIM2_IRQHandler) for TIM2_IRQHandler
    startup_stm32f446xx.o(RESET) refers to stm32f4xx_it.o(i.CAN2_RX0_IRQHandler) for CAN2_RX0_IRQHandler
    startup_stm32f446xx.o(RESET) refers to stm32f4xx_it.o(i.OTG_FS_IRQHandler) for OTG_FS_IRQHandler
    startup_stm32f446xx.o(.text) refers to system_stm32f4xx.o(i.SystemInit) for SystemInit
    startup_stm32f446xx.o(.text) refers to entry.o(.ARM.Collect$$$$00000000) for __main
    cybergear.o(i.HAL_CAN_RxFifo0MsgPendingCallback) refers to stm32f4xx_hal_gpio.o(i.HAL_GPIO_TogglePin) for HAL_GPIO_TogglePin
    cybergear.o(i.HAL_CAN_RxFifo0MsgPendingCallback) refers to stm32f4xx_hal_can.o(i.HAL_CAN_GetRxMessage) for HAL_CAN_GetRxMessage
    cybergear.o(i.HAL_CAN_RxFifo0MsgPendingCallback) refers to cybergear.o(.data) for .data
    cybergear.o(i.HAL_CAN_RxFifo0MsgPendingCallback) refers to cybergear.o(.bss) for .bss
    cybergear.o(i.Set_Motor_Parameter) refers to stm32f4xx_hal_can.o(i.HAL_CAN_AddTxMessage) for HAL_CAN_AddTxMessage
    cybergear.o(i.Set_Motor_Parameter) refers to cybergear.o(.bss) for .bss
    cybergear.o(i.Set_Motor_Parameter) refers to cybergear.o(.data) for .data
    cybergear.o(i.Set_Motor_Parameter) refers to can.o(.bss) for hcan2
    cybergear.o(i.chack_cybergear) refers to stm32f4xx_hal_can.o(i.HAL_CAN_AddTxMessage) for HAL_CAN_AddTxMessage
    cybergear.o(i.chack_cybergear) refers to cybergear.o(.bss) for .bss
    cybergear.o(i.chack_cybergear) refers to cybergear.o(.data) for .data
    cybergear.o(i.chack_cybergear) refers to can.o(.bss) for hcan2
    cybergear.o(i.init_cybergear) refers to cybergear.o(i.set_mode_cybergear) for set_mode_cybergear
    cybergear.o(i.init_cybergear) refers to cybergear.o(i.start_cybergear) for start_cybergear
    cybergear.o(i.init_cybergear) refers to cybergear.o(.bss) for .bss
    cybergear.o(i.linked_state) refers to cybergear.o(.data) for .data
    cybergear.o(i.motor_controlmode) refers to cybergear.o(i.float_to_uint) for float_to_uint
    cybergear.o(i.motor_controlmode) refers to stm32f4xx_hal_can.o(i.HAL_CAN_AddTxMessage) for HAL_CAN_AddTxMessage
    cybergear.o(i.motor_controlmode) refers to cybergear.o(.bss) for .bss
    cybergear.o(i.motor_controlmode) refers to cybergear.o(.data) for .data
    cybergear.o(i.motor_controlmode) refers to can.o(.bss) for hcan2
    cybergear.o(i.set_CANID_cybergear) refers to stm32f4xx_hal_can.o(i.HAL_CAN_AddTxMessage) for HAL_CAN_AddTxMessage
    cybergear.o(i.set_CANID_cybergear) refers to cybergear.o(.bss) for .bss
    cybergear.o(i.set_CANID_cybergear) refers to cybergear.o(.data) for .data
    cybergear.o(i.set_CANID_cybergear) refers to can.o(.bss) for hcan2
    cybergear.o(i.set_current_cybergear) refers to cybergear.o(i.Set_Motor_Parameter) for Set_Motor_Parameter
    cybergear.o(i.set_mode_cybergear) refers to cybergear.o(i.Set_Motor_Parameter) for Set_Motor_Parameter
    cybergear.o(i.set_zeropos_cybergear) refers to stm32f4xx_hal_can.o(i.HAL_CAN_AddTxMessage) for HAL_CAN_AddTxMessage
    cybergear.o(i.set_zeropos_cybergear) refers to cybergear.o(.bss) for .bss
    cybergear.o(i.set_zeropos_cybergear) refers to cybergear.o(.data) for .data
    cybergear.o(i.set_zeropos_cybergear) refers to can.o(.bss) for hcan2
    cybergear.o(i.start_cybergear) refers to stm32f4xx_hal_can.o(i.HAL_CAN_AddTxMessage) for HAL_CAN_AddTxMessage
    cybergear.o(i.start_cybergear) refers to cybergear.o(.bss) for .bss
    cybergear.o(i.start_cybergear) refers to cybergear.o(.data) for .data
    cybergear.o(i.start_cybergear) refers to can.o(.bss) for hcan2
    cybergear.o(i.stop_cybergear) refers to stm32f4xx_hal_can.o(i.HAL_CAN_AddTxMessage) for HAL_CAN_AddTxMessage
[...]
    NMI_Handler                              0x0800580f   Thumb Code     2  stm32f4xx_it.o(i.NMI_Handler)
    OTG_FS_IRQHandler                        0x08005811   Thumb Code     6  stm32f4xx_it.o(i.OTG_FS_IRQHandler)
    PendSV_Handler                           0x0800598b   Thumb Code     2  stm32f4xx_it.o(i.PendSV_Handler)
    SVC_Handler                              0x08005a01   Thumb Code     2  stm32f4xx_it.o(i.SVC_Handler)
    Soft_I2C_Init                            0x08005a91   Thumb Code    36  i2c.o(i.Soft_I2C_Init)
    SysTick_Handler                          0x08005ab9   Thumb Code     4  stm32f4xx_it.o(i.SysTick_Handler)
    SystemClock_Config                       0x08005abd   Thumb Code   174  main.o(i.SystemClock_Config)
    SystemInit                               0x08005b75   Thumb Code    22  system_stm32f4xx.o(i.SystemInit)
    TIM2_IRQHandler                          0x08005b91   Thumb Code     6  stm32f4xx_it.o(i.TIM2_IRQHandler)
    TIM_Base_SetConfig                       0x08005b9d   Thumb Code   156  stm32f4xx_hal_tim.o(i.TIM_Base_SetConfig)
    TIM_ETR_SetConfig                        0x08005c65   Thumb Code    20  stm32f4xx_hal_tim.o(i.TIM_ETR_SetConfig)
    USBD_CDC_GetDeviceQualifierDescriptor    0x08005dc9   Thumb Code     8  usbd_cdc.o(i.USBD_CDC_GetDeviceQualifierDescriptor)
    USBD_CDC_ReceivePacket                   0x08005e9b   Thumb Code    40  usbd_cdc.o(i.USBD_CDC_ReceivePacket)
    USBD_CDC_RegisterInterface               0x08005ec3   Thumb Code    14  usbd_cdc.o(i.USBD_CDC_RegisterInterface)
    USBD_CDC_SetRxBuffer                     0x08005ed1   Thumb Code    12  usbd_cdc.o(i.USBD_CDC_SetRxBuffer)
    USBD_CDC_SetTxBuffer                     0x08005edd   Thumb Code    16  usbd_cdc.o(i.USBD_CDC_SetTxBuffer)
    USBD_CDC_TransmitPacket                  0x08005f9d   Thumb Code    54  usbd_cdc.o(i.USBD_CDC_TransmitPacket)
    USBD_ClrClassConfig                      0x08005fd3   Thumb Code    16  usbd_core.o(i.USBD_ClrClassConfig)
    USBD_CtlContinueRx                       0x08005fe3   Thumb Code    16  usbd_ioreq.o(i.USBD_CtlContinueRx)
    USBD_CtlContinueSendData                 0x08005ff3   Thumb Code    16  usbd_ioreq.o(i.USBD_CtlContinueSendData)
    USBD_CtlError                            0x08006003   Thumb Code    22  usbd_ctlreq.o(i.USBD_CtlError)
    USBD_CtlPrepareRx                        0x08006019   Thumb Code    30  usbd_ioreq.o(i.USBD_CtlPrepareRx)
    USBD_CtlReceiveStatus                    0x08006037   Thumb Code    22  usbd_ioreq.o(i.USBD_CtlReceiveStatus)
    USBD_CtlSendData                         0x0800604d   Thumb Code    26  usbd_ioreq.o(i.USBD_CtlSendData)
    USBD_CtlSendStatus                       0x08006067   Thumb Code    22  usbd_ioreq.o(i.USBD_CtlSendStatus)
    USBD_FS_ConfigStrDescriptor              0x0800607d   Thumb Code    16  usbd_desc.o(i.USBD_FS_ConfigStrDescriptor)
    USBD_FS_DeviceDescriptor                 0x0800609d   Thumb Code     8  usbd_desc.o(i.USBD_FS_DeviceDescriptor)
    USBD_FS_InterfaceStrDescriptor           0x080060a9   Thumb Code    16  usbd_desc.o(i.USBD_FS_InterfaceStrDescriptor)
    USBD_FS_LangIDStrDescriptor              0x080060cd   Thumb Code     8  usbd_desc.o(i.USBD_FS_LangIDStrDescriptor)
    USBD_FS_ManufacturerStrDescriptor        0x080060d9   Thumb Code    16  usbd_desc.o(i.USBD_FS_ManufacturerStrDescriptor)
    USBD_FS_ProductStrDescriptor             0x08006101   Thumb Code    16  usbd_desc.o(i.USBD_FS_ProductStrDescriptor)
    USBD_FS_SerialStrDescriptor              0x0800612d   Thumb Code    48  usbd_desc.o(i.USBD_FS_SerialStrDescriptor)
    USBD_FS_USR_BOSDescriptor                0x08006165   Thumb Code     8  usbd_desc.o(i.USBD_FS_USR_BOSDescriptor)
    USBD_GetString                           0x0800626b   Thumb Code    72  usbd_ctlreq.o(i.USBD_GetString)
    USBD_Get_USB_Status                      0x080062b3   Thumb Code    24  usbd_conf.o(i.USBD_Get_USB_Status)
    USBD_Init                                0x080062cb   Thumb Code    52  usbd_core.o(i.USBD_Init)
    USBD_LL_ClearStallEP                     0x080062ff   Thumb Code    18  usbd_conf.o(i.USBD_LL_ClearStallEP)
    USBD_LL_CloseEP                          0x08006311   Thumb Code    18  usbd_conf.o(i.USBD_LL_CloseEP)
    USBD_LL_DataInStage                      0x08006323   Thumb Code   170  usbd_core.o(i.USBD_LL_DataInStage)
    USBD_LL_DataOutStage                     0x080063cd   Thumb Code   110  usbd_core.o(i.USBD_LL_DataOutStage)
    USBD_LL_DevConnected                     0x0800643b   Thumb Code     4  usbd_core.o(i.USBD_LL_DevConnected)
    USBD_LL_DevDisconnected                  0x0800643f   Thumb Code    24  usbd_core.o(i.USBD_LL_DevDisconnected)
    USBD_LL_GetRxDataSize                    0x08006457   Thumb Code     8  usbd_conf.o(i.USBD_LL_GetRxDataSize)
    USBD_LL_Init                             0x08006461   Thumb Code    90  usbd_conf.o(i.USBD_LL_Init)
    USBD_LL_IsStallEP                        0x080064c1   Thumb Code    32  usbd_conf.o(i.USBD_LL_IsStallEP)
    USBD_LL_IsoINIncomplete                  0x080064e1   Thumb Code     4  usbd_core.o(i.USBD_LL_IsoINIncomplete)
    USBD_LL_IsoOUTIncomplete                 0x080064e5   Thumb Code     4  usbd_core.o(i.USBD_LL_IsoOUTIncomplete)
    USBD_LL_OpenEP                           0x080064e9   Thumb Code    24  usbd_conf.o(i.USBD_LL_OpenEP)
    USBD_LL_PrepareReceive                   0x08006501   Thumb Code    18  usbd_conf.o(i.USBD_LL_PrepareReceive)
    USBD_LL_Reset                            0x08006513   Thumb Code    82  usbd_core.o(i.USBD_LL_Reset)
    USBD_LL_Resume                           0x08006565   Thumb Code    20  usbd_core.o(i.USBD_LL_Resume)
    USBD_LL_SOF                              0x08006579   Thumb Code    24  usbd_core.o(i.USBD_LL_SOF)
    USBD_LL_SetSpeed                         0x08006591   Thumb Code     6  usbd_core.o(i.USBD_LL_SetSpeed)
    USBD_LL_SetUSBAddress                    0x08006597   Thumb Code    18  usbd_conf.o(i.USBD_LL_SetUSBAddress)
    USBD_LL_SetupStage                       0x080065a9   Thumb Code    96  usbd_core.o(i.USBD_LL_SetupStage)
    USBD_LL_StallEP                          0x08006609   Thumb Code    18  usbd_conf.o(i.USBD_LL_StallEP)
    USBD_LL_Start                            0x0800661b   Thumb Code    18  usbd_conf.o(i.USBD_LL_Start)
    USBD_LL_Suspend                          0x0800662d   Thumb Code    18  usbd_core.o(i.USBD_LL_Suspend)
    USBD_LL_Transmit                         0x0800663f   Thumb Code    18  usbd_conf.o(i.USBD_LL_Transmit)
    USBD_ParseSetupRequest                   0x08006651   Thumb Code    44  usbd_ctlreq.o(i.USBD_ParseSetupRequest)
    USBD_RegisterClass                       0x0800667d   Thumb Code    34  usbd_core.o(i.USBD_RegisterClass)
    USBD_SetClassConfig                      0x0800669f   Thumb Code    20  usbd_core.o(i.USBD_SetClassConfig)
    USBD_Start                               0x08006771   Thumb Code     4  usbd_core.o(i.USBD_Start)
    USBD_StdDevReq                           0x08006775   Thumb Code   276  usbd_ctlreq.o(i.USBD_StdDevReq)
    USBD_StdEPReq                            0x08006889   Thumb Code   332  usbd_ctlreq.o(i.USBD_StdEPReq)
    USBD_StdItfReq                           0x080069d5   Thumb Code    82  usbd_ctlreq.o(i.USBD_StdItfReq)
    USB_ActivateEndpoint                     0x08006a29   Thumb Code   122  stm32f4xx_ll_usb.o(i.USB_ActivateEndpoint)
    USB_ActivateSetup                        0x08006aa9   Thumb Code    28  stm32f4xx_ll_usb.o(i.USB_ActivateSetup)
    USB_CoreInit                             0x08006ac5   Thumb Code   112  stm32f4xx_ll_usb.o(i.USB_CoreInit)
    USB_DeactivateEndpoint                   0x08006b71   Thumb Code   194  stm32f4xx_ll_usb.o(i.USB_DeactivateEndpoint)
    USB_DevConnect                           0x08006c3d   Thumb Code    28  stm32f4xx_ll_usb.o(i.USB_DevConnect)
    USB_DevDisconnect                        0x08006c59   Thumb Code    28  stm32f4xx_ll_usb.o(i.USB_DevDisconnect)
    USB_DevInit                              0x08006c75   Thumb Code   358  stm32f4xx_ll_usb.o(i.USB_DevInit)
    USB_DisableGlobalInt                     0x08006de5   Thumb Code    12  stm32f4xx_ll_usb.o(i.USB_DisableGlobalInt)
    USB_EP0StartXfer                         0x08006df1   Thumb Code   276  stm32f4xx_ll_usb.o(i.USB_EP0StartXfer)
    USB_EP0_OutStart                         0x08006f09   Thumb Code    84  stm32f4xx_ll_usb.o(i.USB_EP0_OutStart)
    USB_EPClearStall                         0x08006f61   Thumb Code    88  stm32f4xx_ll_usb.o(i.USB_EPClearStall)
    USB_EPSetStall                           0x08006fb9   Thumb Code    88  stm32f4xx_ll_usb.o(i.USB_EPSetStall)
    USB_EPStartXfer                          0x08007011   Thumb Code   482  stm32f4xx_ll_usb.o(i.USB_EPStartXfer)
    USB_EnableGlobalInt                      0x080071f9   Thumb Code    12  stm32f4xx_ll_usb.o(i.USB_EnableGlobalInt)
    USB_FlushRxFifo                          0x08007205   Thumb Code    28  stm32f4xx_ll_usb.o(i.USB_FlushRxFifo)
    USB_FlushTxFifo                          0x08007225   Thumb Code    32  stm32f4xx_ll_usb.o(i.USB_FlushTxFifo)
    USB_GetDevSpeed                          0x08007249   Thumb Code    26  stm32f4xx_ll_usb.o(i.USB_GetDevSpeed)
    USB_GetMode                              0x08007263   Thumb Code     8  stm32f4xx_ll_usb.o(i.USB_GetMode)
    USB_ReadDevAllInEpInterrupt              0x0800726b   Thumb Code    14  stm32f4xx_ll_usb.o(i.USB_ReadDevAllInEpInterrupt)
    USB_ReadDevAllOutEpInterrupt             0x08007279   Thumb Code    14  stm32f4xx_ll_usb.o(i.USB_ReadDevAllOutEpInterrupt)
    USB_ReadDevInEPInterrupt                 0x08007287   Thumb Code    36  stm32f4xx_ll_usb.o(i.USB_ReadDevInEPInterrupt)
    USB_ReadDevOutEPInterrupt                0x080072ab   Thumb Code    16  stm32f4xx_ll_usb.o(i.USB_ReadDevOutEPInterrupt)
    USB_ReadInterrupts                       0x080072bb   Thumb Code     8  stm32f4xx_ll_usb.o(i.USB_ReadInterrupts)
    USB_ReadPacket                           0x080072c3   Thumb Code    28  stm32f4xx_ll_usb.o(i.USB_ReadPacket)
    USB_SetCurrentMode                       0x080072df   Thumb Code    46  stm32f4xx_ll_usb.o(i.USB_SetCurrentMode)
    USB_SetDevAddress                        0x0800730d   Thumb Code    34  stm32f4xx_ll_usb.o(i.USB_SetDevAddress)
    USB_SetTurnaroundTime                    0x08007331   Thumb Code   158  stm32f4xx_ll_usb.o(i.USB_SetTurnaroundTime)
    USB_WritePacket                          0x08007419   Thumb Code    36  stm32f4xx_ll_usb.o(i.USB_WritePacket)
    UsageFault_Handler                       0x0800743d   Thumb Code     2  stm32f4xx_it.o(i.UsageFault_Handler)
    _MLPrintLog                              0x0800743f   Thumb Code   134  log_stm32.o(i._MLPrintLog)
    __0sprintf                               0x080074c5   Thumb Code    34  printfa.o(i.__0sprintf)
    __1sprintf                               0x080074c5   Thumb Code     0  printfa.o(i.__0sprintf)
    __2sprintf                               0x080074c5   Thumb Code     0  printfa.o(i.__0sprintf)
    __c89sprintf                             0x080074c5   Thumb Code     0  printfa.o(i.__0sprintf)
    sprintf                                  0x080074c5   Thumb Code     0  printfa.o(i.__0sprintf)
    __0vsprintf                              0x080074ed   Thumb Code    30  printfa.o(i.__0vsprintf)
    __1vsprintf                              0x080074ed   Thumb Code     0  printfa.o(i.__0vsprintf)
    __2vsprintf                              0x080074ed   Thumb Code     0  printfa.o(i.__0vsprintf)
    __c89vsprintf                            0x080074ed   Thumb Code     0  printfa.o(i.__0vsprintf)
    vsprintf                                 0x080074ed   Thumb Code     0  printfa.o(i.__0vsprintf)
    __ARM_fpclassify                         0x08007511   Thumb Code    48  fpclassify.o(i.__ARM_fpclassify)
    __ARM_fpclassifyf                        0x08007541   Thumb Code    38  fpclassifyf.o(i.__ARM_fpclassifyf)
    __hardfp_acosf                           0x08007589   Thumb Code   234  acosf.o(i.__hardfp_acosf)
    __hardfp_atan2f                          0x080076a1   Thumb Code   594  atan2f.o(i.__hardfp_atan2f)
    __hardfp_cosf                            0x0800794d   Thumb Code   280  cosf.o(i.__hardfp_cosf)
    __hardfp_sin                             0x08007aa1   Thumb Code   180  sin.o(i.__hardfp_sin)
    __hardfp_sinf                            0x08007b69   Thumb Code   344  sinf.o(i.__hardfp_sinf)
    __hardfp_sqrtf                           0x08007cf9   Thumb Code    58  sqrtf.o(i.__hardfp_sqrtf)
    __ieee754_rem_pio2                       0x08007d39   Thumb Code   938  rred.o(i.__ieee754_rem_pio2)
    __kernel_cos                             0x08008171   Thumb Code   322  cos_i.o(i.__kernel_cos)
    __kernel_poly                            0x080082e1   Thumb Code   248  poly.o(i.__kernel_poly)
    __kernel_sin                             0x080083d9   Thumb Code   280  sin_i.o(i.__kernel_sin)
    __mathlib_dbl_infnan                     0x08008509   Thumb Code    20  dunder.o(i.__mathlib_dbl_infnan)
    __mathlib_dbl_invalid                    0x08008521   Thumb Code    24  dunder.o(i.__mathlib_dbl_invalid)
    __mathlib_dbl_underflow                  0x08008541   Thumb Code    24  dunder.o(i.__mathlib_dbl_underflow)
    __mathlib_flt_infnan                     0x08008561   Thumb Code     6  funder.o(i.__mathlib_flt_infnan)
    __mathlib_flt_infnan2                    0x08008567   Thumb Code     6  funder.o(i.__mathlib_flt_infnan2)
    __mathlib_flt_invalid                    0x0800856d   Thumb Code    10  funder.o(i.__mathlib_flt_invalid)
    __mathlib_flt_underflow                  0x0800857d   Thumb Code    10  funder.o(i.__mathlib_flt_underflow)
    __mathlib_rredf2                         0x0800858d   Thumb Code   316  rredf.o(i.__mathlib_rredf2)
    __scatterload_copy                       0x08008711   Thumb Code    14  handlers.o(i.__scatterload_copy)
    __scatterload_null                       0x0800871f   Thumb Code     2  handlers.o(i.__scatterload_null)
    __scatterload_zeroinit                   0x08008721   Thumb Code    14  handlers.o(i.__scatterload_zeroinit)
    __set_errno                              0x08008731   Thumb Code     6  errno.o(i.__set_errno)
    acosf                                    0x08008fd1   Thumb Code    16  acosf.o(i.acosf)
    cosf                                     0x08008fe1   Thumb Code    16  cosf.o(i.cosf)
    fabs                                     0x08009049   Thumb Code    24  fabs.o(i.fabs)
    free                                     0x080090ad   Thumb Code    76  malloc.o(i.free)
    i2c_read                                 0x080090fd   Thumb Code    62  inv_i2c.o(i.i2c_read)
    i2c_write                                0x0800913b   Thumb Code    26  inv_i2c.o(i.i2c_write)
    init_cybergear                           0x08009155   Thumb Code    44  cybergear.o(i.init_cybergear)
    inv_apply_calibration                    0x08009185   Thumb Code   106  data_builder.o(i.inv_apply_calibration)
    inv_build_accel                          0x080091f1   Thumb Code    96  data_builder.o(i.inv_build_accel)
    inv_build_gyro                           0x08009259   Thumb Code    42  data_builder.o(i.inv_build_gyro)
    inv_build_temp                           0x08009289   Thumb Code    24  data_builder.o(i.inv_build_temp)
    inv_compass_angle                        0x080092a5   Thumb Code   162  ml_math_func.o(i.inv_compass_angle)
    inv_convert_to_body_with_scale           0x08009351   Thumb Code    92  ml_math_func.o(i.inv_convert_to_body_with_scale)
    inv_enable_eMPL_outputs                  0x080093fd   Thumb Code    20  empl_outputs.o(i.inv_enable_eMPL_outputs)
    inv_enable_results_holder                0x08009419   Thumb Code    22  results_holder.o(i.inv_enable_results_holder)
    inv_execute_mpl_start_notification       0x08009435   Thumb Code    38  start_manager.o(i.inv_execute_mpl_start_notification)
    inv_execute_on_data                      0x08009461   Thumb Code   120  data_builder.o(i.inv_execute_on_data)
    inv_generate_results                     0x08009585   Thumb Code    10  results_holder.o(i.inv_generate_results)
    inv_get_6axis_quaternion                 0x08009595   Thumb Code    14  results_holder.o(i.inv_get_6axis_quaternion)
    inv_get_acc_state                        0x080095a9   Thumb Code     6  results_holder.o(i.inv_get_acc_state)
    inv_get_accel_accuracy                   0x080095b5   Thumb Code     6  data_builder.o(i.inv_get_accel_accuracy)
    inv_get_accel_on                         0x080095c1   Thumb Code    12  data_builder.o(i.inv_get_accel_on)
    inv_get_accel_set                        0x080095d1   Thumb Code    34  data_builder.o(i.inv_get_accel_set)
    inv_get_compass_correction               0x080095f9   Thumb Code    20  results_holder.o(i.inv_get_compass_correction)
    inv_get_compass_on                       0x08009611   Thumb Code    12  data_builder.o(i.inv_get_compass_on)
    inv_get_gravity                          0x08009621   Thumb Code    80  results_holder.o(i.inv_get_gravity)
    inv_get_gyro                             0x08009675   Thumb Code    10  data_builder.o(i.inv_get_gyro)
    inv_get_gyro_accuracy                    0x08009685   Thumb Code     6  data_builder.o(i.inv_get_gyro_accuracy)
    inv_get_gyro_bias                        0x08009691   Thumb Code    26  data_builder.o(i.inv_get_gyro_bias)
    inv_get_gyro_bias_tc_set                 0x080096b5   Thumb Code    20  data_builder.o(i.inv_get_gyro_bias_tc_set)
    inv_get_gyro_on                          0x080096cd   Thumb Code    10  data_builder.o(i.inv_get_gyro_on)
    inv_get_gyro_sum_of_sqr                  0x080096dd   Thumb Code    26  ml_math_func.o(i.inv_get_gyro_sum_of_sqr)
    inv_get_last_timestamp                   0x080096f9   Thumb Code    66  data_builder.o(i.inv_get_last_timestamp)
    inv_get_linear_accel                     0x08009741   Thumb Code    58  results_holder.o(i.inv_get_linear_accel)
    inv_get_local_field                      0x0800977d   Thumb Code    10  results_holder.o(i.inv_get_local_field)
    inv_get_mag_accuracy                     0x0800978d   Thumb Code    20  data_builder.o(i.inv_get_mag_accuracy)
    inv_get_motion_state                     0x080097a9   Thumb Code    12  results_holder.o(i.inv_get_motion_state)
    inv_get_quaternion                       0x080097b9   Thumb Code    48  results_holder.o(i.inv_get_quaternion)
    inv_get_quaternion_set                   0x080097ed   Thumb Code    56  results_holder.o(i.inv_get_quaternion_set)
    inv_get_sensor_type_euler                0x08009825   Thumb Code   408  empl_outputs.o(i.inv_get_sensor_type_euler)
    inv_got_compass_bias                     0x080099e1   Thumb Code     6  results_holder.o(i.inv_got_compass_bias)
    inv_init_data_builder                    0x080099ed   Thumb Code    44  data_builder.o(i.inv_init_data_builder)
    inv_init_mpl                             0x08009a29   Thumb Code    94  mpl.o(i.inv_init_mpl)
    inv_init_results_holder                  0x08009aad   Thumb Code    40  results_holder.o(i.inv_init_results_holder)
    inv_init_start_manager                   0x08009add   Thumb Code    14  start_manager.o(i.inv_init_start_manager)
    inv_init_storage_manager                 0x08009af1   Thumb Code    20  storage_manager.o(i.inv_init_storage_manager)
    inv_orientation_matrix_to_scalar         0x08009b09   Thumb Code    34  ml_math_func.o(i.inv_orientation_matrix_to_scalar)
    inv_q29_mult                             0x08009b2b   Thumb Code    12  ml_math_func.o(i.inv_q29_mult)
    inv_q30_mult                             0x08009b37   Thumb Code    12  ml_math_func.o(i.inv_q30_mult)
    inv_q_add                                0x08009b43   Thumb Code    36  ml_math_func.o(i.inv_q_add)
    inv_q_addf                               0x08009b67   Thumb Code    66  ml_math_func.o(i.inv_q_addf)
    inv_q_invert                             0x08009ba9   Thumb Code    24  ml_math_func.o(i.inv_q_invert)
    inv_q_invertf                            0x08009bc1   Thumb Code    46  ml_math_func.o(i.inv_q_invertf)
    inv_q_mult                               0x08009bef   Thumb Code   176  ml_math_func.o(i.inv_q_mult)
    inv_q_multf                              0x08009c9f   Thumb Code   210  ml_math_func.o(i.inv_q_multf)
    inv_q_norm4                              0x08009d71   Thumb Code   126  ml_math_func.o(i.inv_q_norm4)
    inv_q_normalizef                         0x08009df5   Thumb Code   170  ml_math_func.o(i.inv_q_normalizef)
    inv_q_rotate                             0x08009ea5   Thumb Code    62  ml_math_func.o(i.inv_q_rotate)
    inv_quaternion_to_rotation               0x08009ee3   Thumb Code   218  ml_math_func.o(i.inv_quaternion_to_rotation)
    inv_register_data_cb                     0x08009fbd   Thumb Code   150  data_builder.o(i.inv_register_data_cb)
    inv_register_load_store                  0x0800a061   Thumb Code   102  storage_manager.o(i.inv_register_load_store)
    inv_register_mpl_start_notification      0x0800a0cd   Thumb Code    28  start_manager.o(i.inv_register_mpl_start_notification)
    inv_reset_compass_soft_iron_matrix       0x0800a0ed   Thumb Code    70  data_builder.o(i.inv_reset_compass_soft_iron_matrix)
    inv_set_accel_orientation_and_scale      0x0800a189   Thumb Code     8  data_builder.o(i.inv_set_accel_orientation_and_scale)
    inv_set_accel_sample_rate                0x0800a195   Thumb Code    34  data_builder.o(i.inv_set_accel_sample_rate)
    inv_set_compass_bias_found               0x0800a1c1   Thumb Code     6  results_holder.o(i.inv_set_compass_bias_found)
    inv_set_compass_correction               0x0800a1cd   Thumb Code    28  results_holder.o(i.inv_set_compass_correction)
    inv_set_compass_disturbance              0x0800a1ed   Thumb Code     8  data_builder.o(i.inv_set_compass_disturbance)
    inv_set_gyro_bias                        0x0800a279   Thumb Code    88  data_builder.o(i.inv_set_gyro_bias)
    inv_set_gyro_orientation_and_scale       0x0800a2d5   Thumb Code     8  data_builder.o(i.inv_set_gyro_orientation_and_scale)
    inv_set_gyro_sample_rate                 0x0800a2e1   Thumb Code    30  data_builder.o(i.inv_set_gyro_sample_rate)
    inv_set_message                          0x0800a309   Thumb Code    16  message_layer.o(i.inv_set_message)
    inv_set_motion_state                     0x0800a31d   Thumb Code    48  results_holder.o(i.inv_set_motion_state)
    inv_start_mpl                            0x0800a361   Thumb Code    34  mpl.o(i.inv_start_mpl)
    inv_start_results_holder                 0x0800a3a9   Thumb Code    18  results_holder.o(i.inv_start_results_holder)
    inv_store_gaming_quaternion              0x0800a3c1   Thumb Code    28  results_holder.o(i.inv_store_gaming_quaternion)
    inv_unregister_data_cb                   0x0800a3e1   Thumb Code    72  data_builder.o(i.inv_unregister_data_cb)
    inv_unregister_mpl_start_notification    0x0800a42d   Thumb Code    68  start_manager.o(i.inv_unregister_mpl_start_notification)
    linked_state                             0x0800a475   Thumb Code     6  cybergear.o(i.linked_state)
    main                                     0x0800a481   Thumb Code   446  main.o(i.main)
    malloc                                   0x0800a685   Thumb Code    92  malloc.o(i.malloc)
    module_mpu_init                          0x0800a6f1   Thumb Code   178  mpu6050.o(i.module_mpu_init)
    motor_controlmode                        0x0800a7b1   Thumb Code   274  cybergear.o(i.motor_controlmode)
    mpu_configure_fifo                       0x0800a8d9   Thumb Code    78  inv_mpu.o(i.mpu_configure_fifo)
    mpu_get_accel_fsr                        0x0800a92d   Thumb Code    54  inv_mpu.o(i.mpu_get_accel_fsr)
    mpu_get_gyro_fsr                         0x0800a969   Thumb Code    48  inv_mpu.o(i.mpu_get_gyro_fsr)
    mpu_get_sample_rate                      0x0800a99d   Thumb Code    22  inv_mpu.o(i.mpu_get_sample_rate)
    mpu_get_temperature                      0x0800a9b9   Thumb Code   122  inv_mpu.o(i.mpu_get_temperature)
    mpu_get_who_am_i                         0x0800aa41   Thumb Code    34  inv_mpu.o(i.mpu_get_who_am_i)
    mpu_init                                 0x0800aa69   Thumb Code   180  inv_mpu.o(i.mpu_init)
    mpu_lp_accel_mode                        0x0800ab21   Thumb Code   178  inv_mpu.o(i.mpu_lp_accel_mode)
    mpu_module_sampling                      0x0800abd9   Thumb Code   176  mpu6050.o(i.mpu_module_sampling)
    mpu_read_euler                           0x0800aca9   Thumb Code    16  mpu6050.o(i.mpu_read_euler)
    mpu_read_fifo                            0x0800acb9   Thumb Code   348  inv_mpu.o(i.mpu_read_fifo)
    mpu_reset_fifo                           0x0800ae19   Thumb Code   346  inv_mpu.o(i.mpu_reset_fifo)
    mpu_set_accel_fsr                        0x0800af79   Thumb Code    98  inv_mpu.o(i.mpu_set_accel_fsr)
    mpu_set_bypass                           0x0800afe1   Thumb Code   214  inv_mpu.o(i.mpu_set_bypass)
    mpu_set_gyro_fsr                         0x0800b0bd   Thumb Code   104  inv_mpu.o(i.mpu_set_gyro_fsr)
    mpu_set_int_latched                      0x0800b129   Thumb Code    94  inv_mpu.o(i.mpu_set_int_latched)
    mpu_set_lpf                              0x0800b18d   Thumb Code   102  inv_mpu.o(i.mpu_set_lpf)
    mpu_set_sample_rate                      0x0800b1f9   Thumb Code   124  inv_mpu.o(i.mpu_set_sample_rate)
    mpu_set_sensors                          0x0800b279   Thumb Code   178  inv_mpu.o(i.mpu_set_sensors)
    set_mode_cybergear                       0x0800b389   Thumb Code    18  cybergear.o(i.set_mode_cybergear)
    sinf                                     0x0800b39b   Thumb Code    16  sinf.o(i.sinf)
    sqrtf                                    0x0800b3ab   Thumb Code    62  sqrtf.o(i.sqrtf)
    start_cybergear                          0x0800b3e9   Thumb Code    30  cybergear.o(i.start_cybergear)
    stop_cybergear                           0x0800b415   Thumb Code    34  cybergear.o(i.stop_cybergear)
    AHBPrescTable                            0x0800b444   Data          16  system_stm32f4xx.o(.constdata)
    reg                                      0x0800b454   Data          30  inv_mpu.o(.constdata)
    hw                                       0x0800b472   Data          12  inv_mpu.o(.constdata)
    test                                     0x0800b480   Data          40  inv_mpu.o(.constdata)
    ml_ver                                   0x0800b4a8   Data          20  mpl.o(.constdata)
    Region$$Table$$Base                      0x0800b668   Number         0  anon$$obj.o(Region$$Table)
    Region$$Table$$Limit                     0x0800b688   Number         0  anon$$obj.o(Region$$Table)
    send_mail_box                            0x20000000   Data           4  cybergear.o(.data)
    byte                                     0x20000004   Data           4  cybergear.o(.data)
    local                                    0x20000008   Data           4  cybergear.o(.data)
    rx_data                                  0x2000000c   Data           8  cybergear.o(.data)
    uwTickFreq                               0x20000018   Data           1  stm32f4xx_hal.o(.data)
    uwTickPrio                               0x2000001c   Data           4  stm32f4xx_hal.o(.data)
    uwTick                                   0x20000020   Data           4  stm32f4xx_hal.o(.data)
    SystemCoreClock                          0x20000024   Data           4  system_stm32f4xx.o(.data)
    FS_Desc                                  0x20000028   Data          32  usbd_desc.o(.data)
    USBD_LangIDDesc                          0x20000048   Data           4  usbd_desc.o(.data)
    USBD_FS_DeviceDesc                       0x2000004c   Data          18  usbd_desc.o(.data)
    USBD_FS_BOSDesc                          0x20000060   Data          12  usbd_desc.o(.data)
    USBD_StringSerial                        0x2000006c   Data          26  usbd_desc.o(.data)
    USBD_Interface_fops_FS                   0x20000088   Data          20  usbd_cdc_if.o(.data)
    USBD_CDC                                 0x20000178   Data          56  usbd_cdc.o(.data)
    mpl_key                                  0x200001c0   Data           4  mpu6050.o(.data)
    __microlib_freelist                      0x200001f4   Data           4  mvars.o(.data)
    __microlib_freelist_initialised          0x200001f8   Data           4  mvars.o(.data)
    rxMsg                                    0x20000200   Data          28  cybergear.o(.bss)
    txMsg                                    0x2000021c   Data          24  cybergear.o(.bss)
    mi_motor                                 0x20000234   Data          32  cybergear.o(.bss)
    hcan2                                    0x20000254   Data          40  can.o(.bss)
    htim2                                    0x2000027c   Data          64  tim.o(.bss)
    hUsbDeviceFS                             0x200002bc   Data         720  usb_device.o(.bss)
    USBD_StrDesc                             0x2000058c   Data         512  usbd_desc.o(.bss)
    UserRxBufferFS                           0x2000078c   Data        2048  usbd_cdc_if.o(.bss)
    UserTxBufferFS                           0x20000f8c   Data        2048  usbd_cdc_if.o(.bss)
    hpcd_USB_OTG_FS                          0x2000178c   Data        1032  usbd_conf.o(.bss)
    fnm                                      0x20002118   Data         608  fast_no_motion.o(.bss)
    s9axis                                   0x200023b8   Data         312  fusion_9axis.o(.bss)
    mag_disturb                              0x20002720   Data         184  mag_disturb.o(.bss)
    __heap_base                              0x200027d8   Data           0  startup_stm32f446xx.o(HEAP)
    __heap_limit                             0x20002bd8   Data           0  startup_stm32f446xx.o(HEAP)
    __initial_sp                             0x200033d8   Data           0  startup_stm32f446xx.o(STACK)



==============================================================================

Memory Map of the image

  Image Entry point : 0x080001c5

  Load Region LR_IROM1 (Base: 0x08000000, Size: 0x0000b888, Max: 0x00040000, ABSOLUTE, COMPRESSED[0x0000b770])

    Execution Region ER_IROM1 (Exec base: 0x08000000, Load base: 0x08000000, Size: 0x0000b688, Max: 0x00040000, ABSOLUTE)

    Exec Addr    Load Addr    Size         Type   Attr      Idx    E Section Name        Object

    0x08000000   0x08000000   0x000001c4   Data   RO            3    RESET               startup_stm32f446xx.o
    0x080001c4   0x080001c4   0x00000000   Code   RO         7010  * .ARM.Collect$$$$00000000  mc_w.l(entry.o)
    0x080001c4   0x080001c4   0x00000004   Code   RO         7422    .ARM.Collect$$$$00000001  mc_w.l(entry2.o)
    0x080001c8   0x080001c8   0x00000004   Code   RO         7425    .ARM.Collect$$$$00000004  mc_w.l(entry5.o)
    0x080001cc   0x080001cc   0x00000000   Code   RO         7427    .ARM.Collect$$$$00000008  mc_w.l(entry7b.o)
    0x080001cc   0x080001cc   0x00000000   Code   RO         7429    .ARM.Collect$$$$0000000A  mc_w.l(entry8b.o)
    0x080001cc   0x080001cc   0x00000008   Code   RO         7430    .ARM.Collect$$$$0000000B  mc_w.l(entry9a.o)
    0x080001d4   0x080001d4   0x00000004   Code   RO         7437    .ARM.Collect$$$$0000000E  mc_w.l(entry12b.o)
    0x080001d8   0x080001d8   0x00000000   Code   RO         7432    .ARM.Collect$$$$0000000F  mc_w.l(entry10a.o)
    0x080001d8   0x080001d8   0x00000000   Code   RO         7434    .ARM.Collect$$$$00000011  mc_w.l(entry11a.o)
    0x080001d8   0x080001d8   0x00000004   Code   RO         7423    .ARM.Collect$$$$00002712  mc_w.l(entry2.o)
    0x080001dc   0x080001dc   0x00000024   Code   RO            4    .text               startup_stm32f446xx.o
    0x08000200   0x08000200   0x000009f4   Code   RO         6631    .text               libmpllib.lib(fast_no_motion.o)
    0x08000bf4   0x08000bf4   0x0000065c   Code   RO         6722    .text               libmpllib.lib(fusion_9axis.o)
    0x08001250   0x08001250   0x000004bc   Code   RO         6747    .text               libmpllib.lib(gyro_tc.o)
    0x0800170c   0x0800170c   0x00000940   Code   RO         6768    .text               libmpllib.lib(quaternion_supervisor.o)
    0x0800204c   0x0800204c   0x00000550   Code   RO         6786    .text               libmpllib.lib(mag_disturb.o)
    0x0800259c   0x0800259c   0x00000062   Code   RO         7013    .text               mc_w.l(uldiv.o)
    0x080025fe   0x080025fe   0x00000062   Code   RO         7015    .text               mc_w.l(ldiv.o)
    0x08002660   0x08002660   0x0000001e   Code   RO         7017    .text               mc_w.l(llshl.o)
    0x0800267e   0x0800267e   0x00000024   Code   RO         7019    .text               mc_w.l(llsshr.o)
    0x080026a2   0x080026a2   0x00000040   Code   RO         7023    .text               mc_w.l(memmovea.o)
    0x080026e2   0x080026e2   0x00000024   Code   RO         7025    .text               mc_w.l(memseta.o)
    0x08002706   0x08002706   0x0000001a   Code   RO         7027    .text               mc_w.l(memcmp.o)
    0x08002720   0x08002720   0x000000b0   Code   RO         7322    .text               mf_w.l(fadd.o)
    0x080027d0   0x080027d0   0x00000064   Code   RO         7324    .text               mf_w.l(fmul.o)
    0x08002834   0x08002834   0x0000007c   Code   RO         7326    .text               mf_w.l(fdiv.o)
    0x080028b0   0x080028b0   0x00000018   Code   RO         7328    .text               mf_w.l(fscalb.o)
    0x080028c8   0x080028c8   0x0000014e   Code   RO         7330    .text               mf_w.l(dadd.o)
    0x08002a16   0x08002a16   0x000000e4   Code   RO         7332    .text               mf_w.l(dmul.o)
    0x08002afa   0x08002afa   0x000000de   Code   RO         7334    .text               mf_w.l(ddiv.o)
    0x08002bd8   0x08002bd8   0x0000002e   Code   RO         7336    .text               mf_w.l(dscalb.o)
    0x08002c06   0x08002c06   0x00000012   Code   RO         7338    .text               mf_w.l(fflti.o)
    0x08002c18   0x08002c18   0x0000000a   Code   RO         7340    .text               mf_w.l(ffltui.o)
    0x08002c22   0x08002c22   0x0000002c   Code   RO         7342    .text               mf_w.l(ffltl.o)
    0x08002c4e   0x08002c4e   0x00000022   Code   RO         7344    .text               mf_w.l(dflti.o)
    0x08002c70   0x08002c70   0x00000032   Code   RO         7346    .text               mf_w.l(ffixi.o)
    0x08002ca2   0x08002ca2   0x00000042   Code   RO         7348    .text               mf_w.l(ffixl.o)
    0x08002ce4   0x08002ce4   0x0000003e   Code   RO         7350    .text               mf_w.l(dfixi.o)
    0x08002d22   0x08002d22   0x00000026   Code   RO         7352    .text               mf_w.l(f2d.o)
    0x08002d48   0x08002d48   0x00000030   Code   RO         7356    .text               mf_w.l(cdrcmple.o)
    0x08002d78   0x08002d78   0x00000038   Code   RO         7358    .text               mf_w.l(d2f.o)
    0x08002db0   0x08002db0   0x00000014   Code   RO         7360    .text               mf_w.l(cfcmple.o)
    0x08002dc4   0x08002dc4   0x00000014   Code   RO         7362    .text               mf_w.l(cfrcmple.o)
    0x08002dd8   0x08002dd8   0x0000002c   Code   RO         7441    .text               mc_w.l(uidiv.o)
    0x08002e04   0x08002e04   0x00000020   Code   RO         7443    .text               mc_w.l(llushr.o)
    0x08002e24   0x08002e24   0x00000000   Code   RO         7454    .text               mc_w.l(iusefp.o)
    0x08002e24   0x08002e24   0x0000006e   Code   RO         7455    .text               mf_w.l(fepilogue.o)
    0x08002e92   0x08002e92   0x000000ba   Code   RO         7457    .text               mf_w.l(depilogue.o)
    0x08002f4c   0x08002f4c   0x00000030   Code   RO         7463    .text               mf_w.l(dfixul.o)
    0x08002f7c   0x08002f7c   0x00000024   Code   RO         7465    .text               mc_w.l(init.o)
    0x08002fa0   0x08002fa0   0x0000001a   Code   RO         7469    .text               mf_w.l(dfltui.o)
    0x08002fba   0x08002fba   0x00000056   Code   RO         7479    .text               mc_w.l(__dczerorl2.o)
    0x08003010   0x08003010   0x00000002   Code   RO          519    i.BusFault_Handler  stm32f4xx_it.o
    0x08003012   0x08003012   0x00000002   PAD
    0x08003014   0x08003014   0x0000000c   Code   RO          520    i.CAN2_RX0_IRQHandler  stm32f4xx_it.o
    0x08003020   0x08003020   0x00000004   Code   RO         3890    i.CDC_Control_FS    usbd_cdc_if.o
    0x08003024   0x08003024   0x00000004   Code   RO         3891    i.CDC_DeInit_FS     usbd_cdc_if.o
    0x08003028   0x08003028   0x00000024   Code   RO         3892    i.CDC_Init_FS       usbd_cdc_if.o
    0x0800304c   0x0800304c   0x00000018   Code   RO         3893    i.CDC_Receive_FS    usbd_cdc_if.o
    0x08003064   0x08003064   0x00000004   Code   RO         3894    i.CDC_TransmitCplt_FS  usbd_cdc_if.o
    0x08003068   0x08003068   0x0000002c   Code   RO         3895    i.CDC_Transmit_FS   usbd_cdc_if.o
    0x08003094   0x08003094   0x00000002   Code   RO          521    i.DebugMon_Handler  stm32f4xx_it.o
    0x08003096   0x08003096   0x00000004   Code   RO          329    i.Error_Handler     main.o
    0x0800309a   0x0800309a   0x00000024   Code   RO         2551    i.HAL_CAN_ActivateNotification  stm32f4xx_hal_can.o
    0x080030be   0x080030be   0x000000dc   Code   RO         2552    i.HAL_CAN_AddTxMessage  stm32f4xx_hal_can.o
    0x0800319a   0x0800319a   0x00000002   PAD
    0x0800319c   0x0800319c   0x0000010c   Code   RO         2553    i.HAL_CAN_ConfigFilter  stm32f4xx_hal_can.o
    0x080032a8   0x080032a8   0x00000002   Code   RO         2556    i.HAL_CAN_ErrorCallback  stm32f4xx_hal_can.o
    0x080032aa   0x080032aa   0x000000e8   Code   RO         2559    i.HAL_CAN_GetRxMessage  stm32f4xx_hal_can.o
    0x08003392   0x08003392   0x000001fc   Code   RO         2563    i.HAL_CAN_IRQHandler  stm32f4xx_hal_can.o
    0x0800358e   0x0800358e   0x0000011a   Code   RO         2564    i.HAL_CAN_Init      stm32f4xx_hal_can.o
    0x080036a8   0x080036a8   0x0000008c   Code   RO          430    i.HAL_CAN_MspInit   can.o
    0x08003734   0x08003734   0x00000002   Code   RO         2571    i.HAL_CAN_RxFifo0FullCallback  stm32f4xx_hal_can.o
    0x08003736   0x08003736   0x00000002   PAD
    0x08003738   0x08003738   0x00000064   Code   RO           13    i.HAL_CAN_RxFifo0MsgPendingCallback  cybergear.o
    0x0800379c   0x0800379c   0x00000002   Code   RO         2573    i.HAL_CAN_RxFifo1FullCallback  stm32f4xx_hal_can.o
    0x0800379e   0x0800379e   0x00000002   Code   RO         2574    i.HAL_CAN_RxFifo1MsgPendingCallback  stm32f4xx_hal_can.o
    0x080037a0   0x080037a0   0x00000002   Code   RO         2575    i.HAL_CAN_SleepCallback  stm32f4xx_hal_can.o
    0x080037a2   0x080037a2   0x00000002   PAD
    0x080037a4   0x080037a4   0x00000058   Code   RO         2576    i.HAL_CAN_Start     stm32f4xx_hal_can.o
    0x080037fc   0x080037fc   0x00000002   Code   RO         2578    i.HAL_CAN_TxMailbox0AbortCallback  stm32f4xx_hal_can.o
    0x080037fe   0x080037fe   0x00000002   Code   RO         2579    i.HAL_CAN_TxMailbox0CompleteCallback  stm32f4xx_hal_can.o
    0x08003800   0x08003800   0x00000002   Code   RO         2580    i.HAL_CAN_TxMailbox1AbortCallback  stm32f4xx_hal_can.o
    0x08003802   0x08003802   0x00000002   Code   RO         2581    i.HAL_CAN_TxMailbox1CompleteCallback  stm32f4xx_hal_can.o
    0x08003804   0x08003804   0x00000002   Code   RO         2582    i.HAL_CAN_TxMailbox2AbortCallback  stm32f4xx_hal_can.o
    0x08003806   0x08003806   0x00000002   Code   RO         2583    i.HAL_CAN_TxMailbox2CompleteCallback  stm32f4xx_hal_can.o
    0x08003808   0x08003808   0x00000002   Code   RO         2585    i.HAL_CAN_WakeUpFromRxMsgCallback  stm32f4xx_hal_can.o
    0x0800380a   0x0800380a   0x00000002   PAD
    0x0800380c   0x0800380c   0x00000024   Code   RO         2299    i.HAL_Delay         stm32f4xx_hal.o
    0x08003830   0x08003830   0x000001a8   Code   RO         1755    i.HAL_GPIO_Init     stm32f4xx_hal_gpio.o
    0x080039d8   0x080039d8   0x0000000a   Code   RO         1757    i.HAL_GPIO_ReadPin  stm32f4xx_hal_gpio.o
    0x080039e2   0x080039e2   0x0000000e   Code   RO         1758    i.HAL_GPIO_TogglePin  stm32f4xx_hal_gpio.o
    0x080039f0   0x080039f0   0x0000000a   Code   RO         1759    i.HAL_GPIO_WritePin  stm32f4xx_hal_gpio.o
    0x080039fa   0x080039fa   0x00000002   PAD
    0x080039fc   0x080039fc   0x0000000c   Code   RO         2305    i.HAL_GetTick       stm32f4xx_hal.o
    0x08003a08   0x08003a08   0x00000068   Code   RO          637    i.HAL_I2C_Master_Receivex  i2c.o
    0x08003a70   0x08003a70   0x00000068   Code   RO          638    i.HAL_I2C_Master_Transmitx  i2c.o
    0x08003ad8   0x08003ad8   0x00000010   Code   RO         2311    i.HAL_IncTick       stm32f4xx_hal.o
    0x08003ae8   0x08003ae8   0x00000034   Code   RO         2312    i.HAL_Init          stm32f4xx_hal.o
    0x08003b1c   0x08003b1c   0x00000040   Code   RO         2313    i.HAL_InitTick      stm32f4xx_hal.o
    0x08003b5c   0x08003b5c   0x00000030   Code   RO          613    i.HAL_MspInit       stm32f4xx_hal_msp.o
    0x08003b8c   0x08003b8c   0x0000001a   Code   RO         2162    i.HAL_NVIC_EnableIRQ  stm32f4xx_hal_cortex.o
    0x08003ba6   0x08003ba6   0x00000002   PAD
    0x08003ba8   0x08003ba8   0x00000040   Code   RO         2168    i.HAL_NVIC_SetPriority  stm32f4xx_hal_cortex.o
    0x08003be8   0x08003be8   0x00000024   Code   RO         2169    i.HAL_NVIC_SetPriorityGrouping  stm32f4xx_hal_cortex.o
    0x08003c0c   0x08003c0c   0x00000028   Code   RO          962    i.HAL_PCDEx_ActivateLPM  stm32f4xx_hal_pcd_ex.o
    0x08003c34   0x08003c34   0x00000060   Code   RO         3947    i.HAL_PCDEx_LPM_Callback  usbd_conf.o
    0x08003c94   0x08003c94   0x00000008   Code   RO          966    i.HAL_PCDEx_SetRxFiFo  stm32f4xx_hal_pcd_ex.o
    0x08003c9c   0x08003c9c   0x00000044   Code   RO          967    i.HAL_PCDEx_SetTxFiFo  stm32f4xx_hal_pcd_ex.o
    0x08003ce0   0x08003ce0   0x00000008   Code   RO         3948    i.HAL_PCD_ConnectCallback  usbd_conf.o
    0x08003ce8   0x08003ce8   0x00000012   Code   RO         3949    i.HAL_PCD_DataInStageCallback  usbd_conf.o
    0x08003cfa   0x08003cfa   0x00000014   Code   RO         3950    i.HAL_PCD_DataOutStageCallback  usbd_conf.o
    0x08003d0e   0x08003d0e   0x00000008   Code   RO         3951    i.HAL_PCD_DisconnectCallback  usbd_conf.o
    0x08003d16   0x08003d16   0x0000004c   Code   RO          745    i.HAL_PCD_EP_Close  stm32f4xx_hal_pcd.o
    0x08003d62   0x08003d62   0x0000005c   Code   RO          746    i.HAL_PCD_EP_ClrStall  stm32f4xx_hal_pcd.o
    0x08003dbe   0x08003dbe   0x00000012   Code   RO          748    i.HAL_PCD_EP_GetRxCount  stm32f4xx_hal_pcd.o
    0x08003dd0   0x08003dd0   0x00000060   Code   RO          749    i.HAL_PCD_EP_Open   stm32f4xx_hal_pcd.o
    0x08003e30   0x08003e30   0x00000048   Code   RO          750    i.HAL_PCD_EP_Receive  stm32f4xx_hal_pcd.o
    0x08003e78   0x08003e78   0x00000074   Code   RO          751    i.HAL_PCD_EP_SetStall  stm32f4xx_hal_pcd.o
    0x08003eec   0x08003eec   0x00000040   Code   RO          752    i.HAL_PCD_EP_Transmit  stm32f4xx_hal_pcd.o
    0x08003f2c   0x08003f2c   0x00000470   Code   RO          754    i.HAL_PCD_IRQHandler  stm32f4xx_hal_pcd.o
    0x0800439c   0x0800439c   0x00000008   Code   RO         3952    i.HAL_PCD_ISOINIncompleteCallback  usbd_conf.o
    0x080043a4   0x080043a4   0x00000008   Code   RO         3953    i.HAL_PCD_ISOOUTIncompleteCallback  usbd_conf.o
    0x080043ac   0x080043ac   0x000000ee   Code   RO          757    i.HAL_PCD_Init      stm32f4xx_hal_pcd.o
    0x0800449a   0x0800449a   0x00000002   PAD
    0x0800449c   0x0800449c   0x00000084   Code   RO         3955    i.HAL_PCD_MspInit   usbd_conf.o
    0x08004520   0x08004520   0x0000002c   Code   RO         3956    i.HAL_PCD_ResetCallback  usbd_conf.o
    0x0800454c   0x0800454c   0x00000008   Code   RO         3957    i.HAL_PCD_ResumeCallback  usbd_conf.o
    0x08004554   0x08004554   0x00000008   Code   RO         3958    i.HAL_PCD_SOFCallback  usbd_conf.o
    0x0800455c   0x0800455c   0x00000028   Code   RO          763    i.HAL_PCD_SetAddress  stm32f4xx_hal_pcd.o
    0x08004584   0x08004584   0x0000000e   Code   RO         3959    i.HAL_PCD_SetupStageCallback  usbd_conf.o
    0x08004592   0x08004592   0x00000042   Code   RO          765    i.HAL_PCD_Start     stm32f4xx_hal_pcd.o
    0x080045d4   0x080045d4   0x00000030   Code   RO         3960    i.HAL_PCD_SuspendCallback  usbd_conf.o
    0x08004604   0x08004604   0x00000430   Code   RO         1424    i.HAL_RCCEx_PeriphCLKConfig  stm32f4xx_hal_rcc_ex.o
    0x08004a34   0x08004a34   0x00000134   Code   RO         1317    i.HAL_RCC_ClockConfig  stm32f4xx_hal_rcc.o
    0x08004b68   0x08004b68   0x0000000c   Code   RO         1322    i.HAL_RCC_GetHCLKFreq  stm32f4xx_hal_rcc.o
    0x08004b74   0x08004b74   0x00000098   Code   RO         1428    i.HAL_RCC_GetSysClockFreq  stm32f4xx_hal_rcc_ex.o
    0x08004c0c   0x08004c0c   0x00000344   Code   RO         1429    i.HAL_RCC_OscConfig  stm32f4xx_hal_rcc_ex.o
    0x08004f50   0x08004f50   0x00000028   Code   RO         2173    i.HAL_SYSTICK_Config  stm32f4xx_hal_cortex.o
    0x08004f78   0x08004f78   0x00000002   Code   RO         3461    i.HAL_TIMEx_BreakCallback  stm32f4xx_hal_tim_ex.o
    0x08004f7a   0x08004f7a   0x00000002   Code   RO         3462    i.HAL_TIMEx_CommutCallback  stm32f4xx_hal_tim_ex.o
    0x08004f7c   0x08004f7c   0x00000090   Code   RO         3479    i.HAL_TIMEx_MasterConfigSynchronization  stm32f4xx_hal_tim_ex.o
    0x0800500c   0x0800500c   0x00000036   Code   RO         2786    i.HAL_TIM_Base_Init  stm32f4xx_hal_tim.o
    0x08005042   0x08005042   0x00000002   PAD
    0x08005044   0x08005044   0x00000038   Code   RO          478    i.HAL_TIM_Base_MspInit  tim.o
    0x0800507c   0x0800507c   0x00000022   Code   RO         2791    i.HAL_TIM_Base_Start_IT  stm32f4xx_hal_tim.o
    0x0800509e   0x0800509e   0x000000d6   Code   RO         2795    i.HAL_TIM_ConfigClockSource  stm32f4xx_hal_tim.o
    0x08005174   0x08005174   0x00000002   Code   RO         2815    i.HAL_TIM_IC_CaptureCallback  stm32f4xx_hal_tim.o
    0x08005176   0x08005176   0x00000166   Code   RO         2829    i.HAL_TIM_IRQHandler  stm32f4xx_hal_tim.o
    0x080052dc   0x080052dc   0x00000002   Code   RO         2832    i.HAL_TIM_OC_DelayElapsedCallback  stm32f4xx_hal_tim.o
    0x080052de   0x080052de   0x00000002   Code   RO         2859    i.HAL_TIM_PWM_PulseFinishedCallback  stm32f4xx_hal_tim.o
    0x080052e0   0x080052e0   0x00000002   Code   RO         2867    i.HAL_TIM_PeriodElapsedCallback  stm32f4xx_hal_tim.o
    0x080052e2   0x080052e2   0x00000002   Code   RO         2872    i.HAL_TIM_TriggerCallback  stm32f4xx_hal_tim.o
    0x080052e4   0x080052e4   0x00000002   Code   RO          522    i.HardFault_Handler  stm32f4xx_it.o
    0x080052e6   0x080052e6   0x00000002   PAD
    0x080052e8   0x080052e8   0x00000048   Code   RO          639    i.I2C_Bus_Free_Check  i2c.o
    0x08005330   0x08005330   0x00000048   Code   RO          640    i.I2C_NAck          i2c.o
    0x08005378   0x08005378   0x000000a0   Code   RO          641    i.I2C_Read_Byte     i2c.o
    0x08005418   0x08005418   0x00000068   Code   RO          642    i.I2C_Send_Byte     i2c.o
    0x08005480   0x08005480   0x00000048   Code   RO          643    i.I2C_Start         i2c.o
    0x080054c8   0x080054c8   0x0000004c   Code   RO          644    i.I2C_Stop          i2c.o
    0x08005514   0x08005514   0x00000064   Code   RO          645    i.I2C_Wait_Ack      i2c.o
    0x08005578   0x08005578   0x00000038   Code   RO         3798    i.IntToUnicode      usbd_desc.o
    0x080055b0   0x080055b0   0x00000048   Code   RO          431    i.MX_CAN2_Filter_Init  can.o
    0x080055f8   0x080055f8   0x00000048   Code   RO          432    i.MX_CAN2_Init      can.o
    0x08005640   0x08005640   0x00000114   Code   RO          405    i.MX_GPIO_Init      gpio.o
    0x08005754   0x08005754   0x00000064   Code   RO          479    i.MX_TIM2_Init      tim.o
    0x080057b8   0x080057b8   0x00000054   Code   RO         3750    i.MX_USB_DEVICE_Init  usb_device.o
    0x0800580c   0x0800580c   0x00000002   Code   RO          523    i.MemManage_Handler  stm32f4xx_it.o
    0x0800580e   0x0800580e   0x00000002   Code   RO          524    i.NMI_Handler       stm32f4xx_it.o
    0x08005810   0x08005810   0x0000000c   Code   RO          525    i.OTG_FS_IRQHandler  stm32f4xx_it.o
    0x0800581c   0x0800581c   0x000000cc   Code   RO          769    i.PCD_EP_OutXfrComplete_int  stm32f4xx_hal_pcd.o
    0x080058e8   0x080058e8   0x000000a2   Code   RO          770    i.PCD_WriteEmptyTxFifo  stm32f4xx_hal_pcd.o
    0x0800598a   0x0800598a   0x00000002   Code   RO          526    i.PendSV_Handler    stm32f4xx_it.o
    0x0800598c   0x0800598c   0x00000028   Code   RO          646    i.SCL_Output        i2c.o
    0x080059b4   0x080059b4   0x00000024   Code   RO          647    i.SDA_Input         i2c.o
    0x080059d8   0x080059d8   0x00000028   Code   RO          648    i.SDA_Output        i2c.o
    0x08005a00   0x08005a00   0x00000002   Code   RO          527    i.SVC_Handler       stm32f4xx_it.o
    0x08005a02   0x08005a02   0x0000000a   Code   RO         4286    i.SWAPBYTE          usbd_ctlreq.o
    0x08005a0c   0x08005a0c   0x00000084   Code   RO           14    i.Set_Motor_Parameter  cybergear.o
    0x08005a90   0x08005a90   0x00000028   Code   RO          649    i.Soft_I2C_Init     i2c.o
    0x08005ab8   0x08005ab8   0x00000004   Code   RO          528    i.SysTick_Handler   stm32f4xx_it.o
    0x08005abc   0x08005abc   0x000000b8   Code   RO          330    i.SystemClock_Config  main.o
    0x08005b74   0x08005b74   0x0000001c   Code   RO         3713    i.SystemInit        system_stm32f4xx.o
    0x08005b90   0x08005b90   0x0000000c   Code   RO          529    i.TIM2_IRQHandler   stm32f4xx_it.o
    0x08005b9c   0x08005b9c   0x000000c8   Code   RO         2874    i.TIM_Base_SetConfig  stm32f4xx_hal_tim.o
    0x08005c64   0x08005c64   0x00000014   Code   RO         2885    i.TIM_ETR_SetConfig  stm32f4xx_hal_tim.o
    0x08005c78   0x08005c78   0x00000010   Code   RO         2886    i.TIM_ITRx_SetConfig  stm32f4xx_hal_tim.o
    0x08005c88   0x08005c88   0x00000022   Code   RO         2892    i.TIM_TI1_ConfigInputStage  stm32f4xx_hal_tim.o
    0x08005caa   0x08005caa   0x00000024   Code   RO         2894    i.TIM_TI2_ConfigInputStage  stm32f4xx_hal_tim.o
    0x08005cce   0x08005cce   0x00000062   Code   RO         4419    i.USBD_CDC_DataIn   usbd_cdc.o
    0x08005d30   0x08005d30   0x0000002a   Code   RO         4420    i.USBD_CDC_DataOut  usbd_cdc.o
    0x08005d5a   0x08005d5a   0x0000004a   Code   RO         4421    i.USBD_CDC_DeInit   usbd_cdc.o
    0x08005da4   0x08005da4   0x00000024   Code   RO         4422    i.USBD_CDC_EP0_RxReady  usbd_cdc.o
    0x08005dc8   0x08005dc8   0x0000000c   Code   RO         4423    i.USBD_CDC_GetDeviceQualifierDescriptor  usbd_cdc.o
    0x08005dd4   0x08005dd4   0x0000000c   Code   RO         4424    i.USBD_CDC_GetFSCfgDesc  usbd_cdc.o
    0x08005de0   0x08005de0   0x0000000c   Code   RO         4425    i.USBD_CDC_GetHSCfgDesc  usbd_cdc.o
    0x08005dec   0x08005dec   0x0000000c   Code   RO         4426    i.USBD_CDC_GetOtherSpeedCfgDesc  usbd_cdc.o
    0x08005df8   0x08005df8   0x000000a2   Code   RO         4427    i.USBD_CDC_Init     usbd_cdc.o
    0x08005e9a   0x08005e9a   0x00000028   Code   RO         4428    i.USBD_CDC_ReceivePacket  usbd_cdc.o
    0x08005ec2   0x08005ec2   0x0000000e   Code   RO         4429    i.USBD_CDC_RegisterInterface  usbd_cdc.o
    0x08005ed0   0x08005ed0   0x0000000c   Code   RO         4430    i.USBD_CDC_SetRxBuffer  usbd_cdc.o
    0x08005edc   0x08005edc   0x00000010   Code   RO         4431    i.USBD_CDC_SetTxBuffer  usbd_cdc.o
    0x08005eec   0x08005eec   0x000000b0   Code   RO         4432    i.USBD_CDC_Setup    usbd_cdc.o
    0x08005f9c   0x08005f9c   0x00000036   Code   RO         4433    i.USBD_CDC_TransmitPacket  usbd_cdc.o
    0x08005fd2   0x08005fd2   0x00000010   Code   RO         4148    i.USBD_ClrClassConfig  usbd_core.o
    0x08005fe2   0x08005fe2   0x00000010   Code   RO         4359    i.USBD_CtlContinueRx  usbd_ioreq.o
    0x08005ff2   0x08005ff2   0x00000010   Code   RO         4360    i.USBD_CtlContinueSendData  usbd_ioreq.o
    0x08006002   0x08006002   0x00000016   Code   RO         4287    i.USBD_CtlError     usbd_ctlreq.o
    0x08006018   0x08006018   0x0000001e   Code   RO         4361    i.USBD_CtlPrepareRx  usbd_ioreq.o
    0x08006036   0x08006036   0x00000016   Code   RO         4362    i.USBD_CtlReceiveStatus  usbd_ioreq.o
    0x0800604c   0x0800604c   0x0000001a   Code   RO         4363    i.USBD_CtlSendData  usbd_ioreq.o
    0x08006066   0x08006066   0x00000016   Code   RO         4364    i.USBD_CtlSendStatus  usbd_ioreq.o
    0x0800607c   0x0800607c   0x00000020   Code   RO         3799    i.USBD_FS_ConfigStrDescriptor  usbd_desc.o
    0x0800609c   0x0800609c   0x0000000c   Code   RO         3800    i.USBD_FS_DeviceDescriptor  usbd_desc.o
    0x080060a8   0x080060a8   0x00000024   Code   RO         3801    i.USBD_FS_InterfaceStrDescriptor  usbd_desc.o
    0x080060cc   0x080060cc   0x0000000c   Code   RO         3802    i.USBD_FS_LangIDStrDescriptor  usbd_desc.o
    0x080060d8   0x080060d8   0x00000028   Code   RO         3803    i.USBD_FS_ManufacturerStrDescriptor  usbd_desc.o
    0x08006100   0x08006100   0x0000002c   Code   RO         3804    i.USBD_FS_ProductStrDescriptor  usbd_desc.o
    0x0800612c   0x0800612c   0x00000038   Code   RO         3805    i.USBD_FS_SerialStrDescriptor  usbd_desc.o
    0x08006164   0x08006164   0x0000000c   Code   RO         3806    i.USBD_FS_USR_BOSDescriptor  usbd_desc.o
    0x08006170   0x08006170   0x000000fa   Code   RO         4288    i.USBD_GetDescriptor  usbd_ctlreq.o
    0x0800626a   0x0800626a   0x00000048   Code   RO         4289    i.USBD_GetString    usbd_ctlreq.o
    0x080062b2   0x080062b2   0x00000018   Code   RO         3961    i.USBD_Get_USB_Status  usbd_conf.o
    0x080062ca   0x080062ca   0x00000034   Code   RO         4150    i.USBD_Init         usbd_core.o
    0x080062fe   0x080062fe   0x00000012   Code   RO         3962    i.USBD_LL_ClearStallEP  usbd_conf.o
    0x08006310   0x08006310   0x00000012   Code   RO         3963    i.USBD_LL_CloseEP   usbd_conf.o
    0x08006322   0x08006322   0x000000aa   Code   RO         4151    i.USBD_LL_DataInStage  usbd_core.o
    0x080063cc   0x080063cc   0x0000006e   Code   RO         4152    i.USBD_LL_DataOutStage  usbd_core.o
    0x0800643a   0x0800643a   0x00000004   Code   RO         4153    i.USBD_LL_DevConnected  usbd_core.o
    0x0800643e   0x0800643e   0x00000018   Code   RO         4154    i.USBD_LL_DevDisconnected  usbd_core.o
    0x08006456   0x08006456   0x00000008   Code   RO         3967    i.USBD_LL_GetRxDataSize  usbd_conf.o
    0x0800645e   0x0800645e   0x00000002   PAD
    0x08006460   0x08006460   0x00000060   Code   RO         3968    i.USBD_LL_Init      usbd_conf.o
    0x080064c0   0x080064c0   0x00000020   Code   RO         3969    i.USBD_LL_IsStallEP  usbd_conf.o
    0x080064e0   0x080064e0   0x00000004   Code   RO         4155    i.USBD_LL_IsoINIncomplete  usbd_core.o
    0x080064e4   0x080064e4   0x00000004   Code   RO         4156    i.USBD_LL_IsoOUTIncomplete  usbd_core.o
    0x080064e8   0x080064e8   0x00000018   Code   RO         3970    i.USBD_LL_OpenEP    usbd_conf.o
    0x08006500   0x08006500   0x00000012   Code   RO         3971    i.USBD_LL_PrepareReceive  usbd_conf.o
    0x08006512   0x08006512   0x00000052   Code   RO         4157    i.USBD_LL_Reset     usbd_core.o
    0x08006564   0x08006564   0x00000014   Code   RO         4158    i.USBD_LL_Resume    usbd_core.o
    0x08006578   0x08006578   0x00000018   Code   RO         4159    i.USBD_LL_SOF       usbd_core.o
    0x08006590   0x08006590   0x00000006   Code   RO         4160    i.USBD_LL_SetSpeed  usbd_core.o
    0x08006596   0x08006596   0x00000012   Code   RO         3972    i.USBD_LL_SetUSBAddress  usbd_conf.o
    0x080065a8   0x080065a8   0x00000060   Code   RO         4161    i.USBD_LL_SetupStage  usbd_core.o
    0x08006608   0x08006608   0x00000012   Code   RO         3973    i.USBD_LL_StallEP   usbd_conf.o
    0x0800661a   0x0800661a   0x00000012   Code   RO         3974    i.USBD_LL_Start     usbd_conf.o
    0x0800662c   0x0800662c   0x00000012   Code   RO         4162    i.USBD_LL_Suspend   usbd_core.o
    0x0800663e   0x0800663e   0x00000012   Code   RO         3976    i.USBD_LL_Transmit  usbd_conf.o
    0x08006650   0x08006650   0x0000002c   Code   RO         4290    i.USBD_ParseSetupRequest  usbd_ctlreq.o
    0x0800667c   0x0800667c   0x00000022   Code   RO         4163    i.USBD_RegisterClass  usbd_core.o
    0x0800669e   0x0800669e   0x00000014   Code   RO         4165    i.USBD_SetClassConfig  usbd_core.o
    0x080066b2   0x080066b2   0x00000002   PAD
    0x080066b4   0x080066b4   0x000000bc   Code   RO         4291    i.USBD_SetConfig    usbd_ctlreq.o
    0x08006770   0x08006770   0x00000004   Code   RO         4166    i.USBD_Start        usbd_core.o
    0x08006774   0x08006774   0x00000114   Code   RO         4292    i.USBD_StdDevReq    usbd_ctlreq.o
    0x08006888   0x08006888   0x0000014c   Code   RO         4293    i.USBD_StdEPReq     usbd_ctlreq.o
    0x080069d4   0x080069d4   0x00000052   Code   RO         4294    i.USBD_StdItfReq    usbd_ctlreq.o
    0x08006a26   0x08006a26   0x00000002   PAD
    0x08006a28   0x08006a28   0x00000080   Code   RO         1017    i.USB_ActivateEndpoint  stm32f4xx_ll_usb.o
    0x08006aa8   0x08006aa8   0x0000001c   Code   RO         1019    i.USB_ActivateSetup  stm32f4xx_ll_usb.o
    0x08006ac4   0x08006ac4   0x00000074   Code   RO         1021    i.USB_CoreInit      stm32f4xx_ll_usb.o
    0x08006b38   0x08006b38   0x00000038   Code   RO         1022    i.USB_CoreReset     stm32f4xx_ll_usb.o
    0x08006b70   0x08006b70   0x000000cc   Code   RO         1025    i.USB_DeactivateEndpoint  stm32f4xx_ll_usb.o
    0x08006c3c   0x08006c3c   0x0000001c   Code   RO         1026    i.USB_DevConnect    stm32f4xx_ll_usb.o
    0x08006c58   0x08006c58   0x0000001c   Code   RO         1027    i.USB_DevDisconnect  stm32f4xx_ll_usb.o
    0x08006c74   0x08006c74   0x00000170   Code   RO         1028    i.USB_DevInit       stm32f4xx_ll_usb.o
    0x08006de4   0x08006de4   0x0000000c   Code   RO         1029    i.USB_DisableGlobalInt  stm32f4xx_ll_usb.o
    0x08006df0   0x08006df0   0x00000118   Code   RO         1032    i.USB_EP0StartXfer  stm32f4xx_ll_usb.o
    0x08006f08   0x08006f08   0x00000058   Code   RO         1033    i.USB_EP0_OutStart  stm32f4xx_ll_usb.o
    0x08006f60   0x08006f60   0x00000058   Code   RO         1034    i.USB_EPClearStall  stm32f4xx_ll_usb.o
    0x08006fb8   0x08006fb8   0x00000058   Code   RO         1035    i.USB_EPSetStall    stm32f4xx_ll_usb.o
    0x08007010   0x08007010   0x000001e8   Code   RO         1036    i.USB_EPStartXfer   stm32f4xx_ll_usb.o
    0x080071f8   0x080071f8   0x0000000c   Code   RO         1037    i.USB_EnableGlobalInt  stm32f4xx_ll_usb.o
    0x08007204   0x08007204   0x00000020   Code   RO         1038    i.USB_FlushRxFifo   stm32f4xx_ll_usb.o
    0x08007224   0x08007224   0x00000024   Code   RO         1039    i.USB_FlushTxFifo   stm32f4xx_ll_usb.o
    0x08007248   0x08007248   0x0000001a   Code   RO         1041    i.USB_GetDevSpeed   stm32f4xx_ll_usb.o
    0x08007262   0x08007262   0x00000008   Code   RO         1043    i.USB_GetMode       stm32f4xx_ll_usb.o
    0x0800726a   0x0800726a   0x0000000e   Code   RO         1050    i.USB_ReadDevAllInEpInterrupt  stm32f4xx_ll_usb.o
    0x08007278   0x08007278   0x0000000e   Code   RO         1051    i.USB_ReadDevAllOutEpInterrupt  stm32f4xx_ll_usb.o
    0x08007286   0x08007286   0x00000024   Code   RO         1052    i.USB_ReadDevInEPInterrupt  stm32f4xx_ll_usb.o
    0x080072aa   0x080072aa   0x00000010   Code   RO         1053    i.USB_ReadDevOutEPInterrupt  stm32f4xx_ll_usb.o
    0x080072ba   0x080072ba   0x00000008   Code   RO         1054    i.USB_ReadInterrupts  stm32f4xx_ll_usb.o
    0x080072c2   0x080072c2   0x0000001c   Code   RO         1055    i.USB_ReadPacket    stm32f4xx_ll_usb.o
    0x080072de   0x080072de   0x0000002e   Code   RO         1057    i.USB_SetCurrentMode  stm32f4xx_ll_usb.o
    0x0800730c   0x0800730c   0x00000022   Code   RO         1058    i.USB_SetDevAddress  stm32f4xx_ll_usb.o
    0x0800732e   0x0800732e   0x00000002   PAD
    0x08007330   0x08007330   0x000000e8   Code   RO         1060    i.USB_SetTurnaroundTime  stm32f4xx_ll_usb.o
    0x08007418   0x08007418   0x00000024   Code   RO         1063    i.USB_WritePacket   stm32f4xx_ll_usb.o
    0x0800743c   0x0800743c   0x00000002   Code   RO          530    i.UsageFault_Handler  stm32f4xx_it.o
    0x0800743e   0x0800743e   0x00000086   Code   RO         5228    i._MLPrintLog       log_stm32.o
    0x080074c4   0x080074c4   0x00000028   Code   RO         7268    i.__0sprintf        mc_w.l(printfa.o)
    0x080074ec   0x080074ec   0x00000024   Code   RO         7272    i.__0vsprintf       mc_w.l(printfa.o)
    0x08007510   0x08007510   0x00000030   Code   RO         7387    i.__ARM_fpclassify  m_wm.l(fpclassify.o)
    0x08007540   0x08007540   0x00000026   Code   RO         7389    i.__ARM_fpclassifyf  m_wm.l(fpclassifyf.o)
    0x08007566   0x08007566   0x00000020   Code   RO         2175    i.__NVIC_SetPriority  stm32f4xx_hal_cortex.o
    0x08007586   0x08007586   0x00000002   PAD
    0x08007588   0x08007588   0x00000118   Code   RO         6822    i.__hardfp_acosf    m_wm.l(acosf.o)
    0x080076a0   0x080076a0   0x000002ac   Code   RO         6886    i.__hardfp_atan2f   m_wm.l(atan2f.o)
    0x0800794c   0x0800794c   0x00000150   Code   RO         6916    i.__hardfp_cosf     m_wm.l(cosf.o)
    0x08007a9c   0x08007a9c   0x00000004   PAD
    0x08007aa0   0x08007aa0   0x000000c8   Code   RO         6962    i.__hardfp_sin      m_wm.l(sin.o)
    0x08007b68   0x08007b68   0x00000190   Code   RO         6974    i.__hardfp_sinf     m_wm.l(sinf.o)
    0x08007cf8   0x08007cf8   0x0000003a   Code   RO         6998    i.__hardfp_sqrtf    m_wm.l(sqrtf.o)
    0x08007d32   0x08007d32   0x00000006   PAD
    0x08007d38   0x08007d38   0x00000438   Code   RO         7408    i.__ieee754_rem_pio2  m_wm.l(rred.o)
    0x08008170   0x08008170   0x00000170   Code   RO         7364    i.__kernel_cos      m_wm.l(cos_i.o)
    0x080082e0   0x080082e0   0x000000f8   Code   RO         7405    i.__kernel_poly     m_wm.l(poly.o)
    0x080083d8   0x080083d8   0x00000130   Code   RO         7416    i.__kernel_sin      m_wm.l(sin_i.o)
    0x08008508   0x08008508   0x00000014   Code   RO         7368    i.__mathlib_dbl_infnan  m_wm.l(dunder.o)
    0x0800851c   0x0800851c   0x00000004   PAD
    0x08008520   0x08008520   0x00000020   Code   RO         7370    i.__mathlib_dbl_invalid  m_wm.l(dunder.o)
    0x08008540   0x08008540   0x00000020   Code   RO         7373    i.__mathlib_dbl_underflow  m_wm.l(dunder.o)
    0x08008560   0x08008560   0x00000006   Code   RO         7392    i.__mathlib_flt_infnan  m_wm.l(funder.o)
    0x08008566   0x08008566   0x00000006   Code   RO         7393    i.__mathlib_flt_infnan2  m_wm.l(funder.o)
    0x0800856c   0x0800856c   0x00000010   Code   RO         7394    i.__mathlib_flt_invalid  m_wm.l(funder.o)
    0x0800857c   0x0800857c   0x00000010   Code   RO         7397    i.__mathlib_flt_underflow  m_wm.l(funder.o)
    0x0800858c   0x0800858c   0x00000154   Code   RO         7413    i.__mathlib_rredf2  m_wm.l(rredf.o)
    0x080086e0   0x080086e0   0x00000030   Code   RO         6288    i.__print_result_location  mpl.o
    0x08008710   0x08008710   0x0000000e   Code   RO         7473    i.__scatterload_copy  mc_w.l(handlers.o)
    0x0800871e   0x0800871e   0x00000002   Code   RO         7474    i.__scatterload_null  mc_w.l(handlers.o)
    0x08008720   0x08008720   0x0000000e   Code   RO         7475    i.__scatterload_zeroinit  mc_w.l(handlers.o)
    0x0800872e   0x0800872e   0x00000002   PAD
    0x08008730   0x08008730   0x0000000c   Code   RO         7449    i.__set_errno       mc_w.l(errno.o)
    0x0800873c   0x0800873c   0x00000184   Code   RO         7273    i._fp_digits        mc_w.l(printfa.o)
    0x080088c0   0x080088c0   0x000006b4   Code   RO         7274    i._printf_core      mc_w.l(printfa.o)
    0x08008f74   0x08008f74   0x00000024   Code   RO         7275    i._printf_post_padding  mc_w.l(printfa.o)
    0x08008f98   0x08008f98   0x0000002e   Code   RO         7276    i._printf_pre_padding  mc_w.l(printfa.o)
    0x08008fc6   0x08008fc6   0x0000000a   Code   RO         7278    i._sputc            mc_w.l(printfa.o)
    0x08008fd0   0x08008fd0   0x00000010   Code   RO         6824    i.acosf             m_wm.l(acosf.o)
    0x08008fe0   0x08008fe0   0x00000010   Code   RO         6918    i.cosf              m_wm.l(cosf.o)
    0x08008ff0   0x08008ff0   0x00000058   Code   RO          651    i.delay_xus         i2c.o
    0x08009048   0x08009048   0x00000018   Code   RO         7383    i.fabs              m_wm.l(fabs.o)
    0x08009060   0x08009060   0x0000004a   Code   RO           16    i.float_to_uint     cybergear.o
    0x080090aa   0x080090aa   0x00000002   PAD
    0x080090ac   0x080090ac   0x00000050   Code   RO         7294    i.free              mc_w.l(malloc.o)
    0x080090fc   0x080090fc   0x0000003e   Code   RO         4676    i.i2c_read          inv_i2c.o
    0x0800913a   0x0800913a   0x0000001a   Code   RO         4677    i.i2c_write         inv_i2c.o
    0x08009154   0x08009154   0x00000030   Code   RO           17    i.init_cybergear    cybergear.o
    0x08009184   0x08009184   0x0000006a   Code   RO         5343    i.inv_apply_calibration  data_builder.o
    0x080091ee   0x080091ee   0x00000002   PAD
    0x080091f0   0x080091f0   0x00000068   Code   RO         5344    i.inv_build_accel   data_builder.o
    0x08009258   0x08009258   0x00000030   Code   RO         5346    i.inv_build_gyro    data_builder.o
    0x08009288   0x08009288   0x0000001c   Code   RO         5348    i.inv_build_temp    data_builder.o
    0x080092a4   0x080092a4   0x000000ac   Code   RO         5938    i.inv_compass_angle  ml_math_func.o
    0x08009350   0x08009350   0x0000005c   Code   RO         5940    i.inv_convert_to_body_with_scale  ml_math_func.o
    0x080093ac   0x080093ac   0x0000003c   Code   RO         5350    i.inv_db_load_func  data_builder.o
    0x080093e8   0x080093e8   0x00000014   Code   RO         5351    i.inv_db_save_func  data_builder.o
    0x080093fc   0x080093fc   0x0000001c   Code   RO         5265    i.inv_enable_eMPL_outputs  empl_outputs.o
    0x08009418   0x08009418   0x0000001c   Code   RO         6326    i.inv_enable_results_holder  results_holder.o
    0x08009434   0x08009434   0x0000002c   Code   RO         6561    i.inv_execute_mpl_start_notification  start_manager.o
    0x08009460   0x08009460   0x00000080   Code   RO         5354    i.inv_execute_on_data  data_builder.o
    0x080094e0   0x080094e0   0x000000a4   Code   RO         5266    i.inv_generate_eMPL_outputs  empl_outputs.o
    0x08009584   0x08009584   0x00000010   Code   RO         6327    i.inv_generate_results  results_holder.o
    0x08009594   0x08009594   0x00000014   Code   RO         6328    i.inv_get_6axis_quaternion  results_holder.o
    0x080095a8   0x080095a8   0x0000000c   Code   RO         6329    i.inv_get_acc_state  results_holder.o
    0x080095b4   0x080095b4   0x0000000c   Code   RO         5355    i.inv_get_accel_accuracy  data_builder.o
    0x080095c0   0x080095c0   0x00000010   Code   RO         5357    i.inv_get_accel_on  data_builder.o
    0x080095d0   0x080095d0   0x00000028   Code   RO         5361    i.inv_get_accel_set  data_builder.o
    0x080095f8   0x080095f8   0x00000018   Code   RO         6333    i.inv_get_compass_correction  results_holder.o
    0x08009610   0x08009610   0x00000010   Code   RO         5364    i.inv_get_compass_on  data_builder.o
    0x08009620   0x08009620   0x00000054   Code   RO         6335    i.inv_get_gravity   results_holder.o
    0x08009674   0x08009674   0x00000010   Code   RO         5372    i.inv_get_gyro      data_builder.o
    0x08009684   0x08009684   0x0000000c   Code   RO         5373    i.inv_get_gyro_accuracy  data_builder.o
    0x08009690   0x08009690   0x00000024   Code   RO         5374    i.inv_get_gyro_bias  data_builder.o
    0x080096b4   0x080096b4   0x00000018   Code   RO         5375    i.inv_get_gyro_bias_tc_set  data_builder.o
    0x080096cc   0x080096cc   0x00000010   Code   RO         5376    i.inv_get_gyro_on   data_builder.o
    0x080096dc   0x080096dc   0x0000001a   Code   RO         5944    i.inv_get_gyro_sum_of_sqr  ml_math_func.o
    0x080096f6   0x080096f6   0x00000002   PAD
    0x080096f8   0x080096f8   0x00000048   Code   RO         5382    i.inv_get_last_timestamp  data_builder.o
    0x08009740   0x08009740   0x0000003a   Code   RO         6339    i.inv_get_linear_accel  results_holder.o
    0x0800977a   0x0800977a   0x00000002   PAD
    0x0800977c   0x0800977c   0x00000010   Code   RO         6341    i.inv_get_local_field  results_holder.o
    0x0800978c   0x0800978c   0x0000001c   Code   RO         5383    i.inv_get_mag_accuracy  data_builder.o
    0x080097a8   0x080097a8   0x00000010   Code   RO         6343    i.inv_get_motion_state  results_holder.o
    0x080097b8   0x080097b8   0x00000034   Code   RO         6344    i.inv_get_quaternion  results_holder.o
    0x080097ec   0x080097ec   0x00000038   Code   RO         6346    i.inv_get_quaternion_set  results_holder.o
    0x08009824   0x08009824   0x000001bc   Code   RO         5269    i.inv_get_sensor_type_euler  empl_outputs.o
    0x080099e0   0x080099e0   0x0000000c   Code   RO         6348    i.inv_got_compass_bias  results_holder.o
    0x080099ec   0x080099ec   0x0000003c   Code   RO         5386    i.inv_init_data_builder  data_builder.o
    0x08009a28   0x08009a28   0x00000084   Code   RO         6290    i.inv_init_mpl      mpl.o
    0x08009aac   0x08009aac   0x00000030   Code   RO         6349    i.inv_init_results_holder  results_holder.o
    0x08009adc   0x08009adc   0x00000014   Code   RO         6562    i.inv_init_start_manager  start_manager.o
    0x08009af0   0x08009af0   0x00000018   Code   RO         6594    i.inv_init_storage_manager  storage_manager.o
    0x08009b08   0x08009b08   0x00000022   Code   RO         5953    i.inv_orientation_matrix_to_scalar  ml_math_func.o
    0x08009b2a   0x08009b2a   0x0000000c   Code   RO         5954    i.inv_q29_mult      ml_math_func.o
    0x08009b36   0x08009b36   0x0000000c   Code   RO         5956    i.inv_q30_mult      ml_math_func.o
    0x08009b42   0x08009b42   0x00000024   Code   RO         5958    i.inv_q_add         ml_math_func.o
    0x08009b66   0x08009b66   0x00000042   Code   RO         5959    i.inv_q_addf        ml_math_func.o
    0x08009ba8   0x08009ba8   0x00000018   Code   RO         5960    i.inv_q_invert      ml_math_func.o
    0x08009bc0   0x08009bc0   0x0000002e   Code   RO         5961    i.inv_q_invertf     ml_math_func.o
    0x08009bee   0x08009bee   0x000000b0   Code   RO         5962    i.inv_q_mult        ml_math_func.o
    0x08009c9e   0x08009c9e   0x000000d2   Code   RO         5963    i.inv_q_multf       ml_math_func.o
    0x08009d70   0x08009d70   0x00000084   Code   RO         5964    i.inv_q_norm4       ml_math_func.o
    0x08009df4   0x08009df4   0x000000b0   Code   RO         5966    i.inv_q_normalizef  ml_math_func.o
    0x08009ea4   0x08009ea4   0x0000003e   Code   RO         5967    i.inv_q_rotate      ml_math_func.o
    0x08009ee2   0x08009ee2   0x000000da   Code   RO         5969    i.inv_quaternion_to_rotation  ml_math_func.o
    0x08009fbc   0x08009fbc   0x000000a4   Code   RO         5389    i.inv_register_data_cb  data_builder.o
    0x0800a060   0x0800a060   0x0000006c   Code   RO         6596    i.inv_register_load_store  storage_manager.o
    0x0800a0cc   0x0800a0cc   0x00000020   Code   RO         6563    i.inv_register_mpl_start_notification  start_manager.o
    0x0800a0ec   0x0800a0ec   0x00000054   Code   RO         5390    i.inv_reset_compass_soft_iron_matrix  data_builder.o
    0x0800a140   0x0800a140   0x00000048   Code   RO         5971    i.inv_row_2_scale   ml_math_func.o
    0x0800a188   0x0800a188   0x0000000c   Code   RO         5395    i.inv_set_accel_orientation_and_scale  data_builder.o
    0x0800a194   0x0800a194   0x0000002c   Code   RO         5396    i.inv_set_accel_sample_rate  data_builder.o
    0x0800a1c0   0x0800a1c0   0x0000000c   Code   RO         6354    i.inv_set_compass_bias_found  results_holder.o
    0x0800a1cc   0x0800a1cc   0x00000020   Code   RO         6355    i.inv_set_compass_correction  results_holder.o
    0x0800a1ec   0x0800a1ec   0x0000000c   Code   RO         5399    i.inv_set_compass_disturbance  data_builder.o
    0x0800a1f8   0x0800a1f8   0x00000080   Code   RO         5405    i.inv_set_contiguous  data_builder.o
    0x0800a278   0x0800a278   0x0000005c   Code   RO         5407    i.inv_set_gyro_bias  data_builder.o
    0x0800a2d4   0x0800a2d4   0x0000000c   Code   RO         5408    i.inv_set_gyro_orientation_and_scale  data_builder.o
    0x0800a2e0   0x0800a2e0   0x00000028   Code   RO         5409    i.inv_set_gyro_sample_rate  data_builder.o
    0x0800a308   0x0800a308   0x00000014   Code   RO         5913    i.inv_set_message   message_layer.o
    0x0800a31c   0x0800a31c   0x00000034   Code   RO         6361    i.inv_set_motion_state  results_holder.o
    0x0800a350   0x0800a350   0x00000010   Code   RO         5274    i.inv_start_eMPL_outputs  empl_outputs.o
    0x0800a360   0x0800a360   0x00000048   Code   RO         6291    i.inv_start_mpl     mpl.o
    0x0800a3a8   0x0800a3a8   0x00000018   Code   RO         6362    i.inv_start_results_holder  results_holder.o
    0x0800a3c0   0x0800a3c0   0x00000020   Code   RO         6363    i.inv_store_gaming_quaternion  results_holder.o
    0x0800a3e0   0x0800a3e0   0x0000004c   Code   RO         5412    i.inv_unregister_data_cb  data_builder.o
    0x0800a42c   0x0800a42c   0x00000048   Code   RO         6564    i.inv_unregister_mpl_start_notification  start_manager.o
    0x0800a474   0x0800a474   0x0000000c   Code   RO           18    i.linked_state      cybergear.o
    0x0800a480   0x0800a480   0x00000204   Code   RO          331    i.main              main.o
    0x0800a684   0x0800a684   0x0000006c   Code   RO         7295    i.malloc            mc_w.l(malloc.o)
    0x0800a6f0   0x0800a6f0   0x000000c0   Code   RO         4525    i.module_mpu_init   mpu6050.o
    0x0800a7b0   0x0800a7b0   0x00000128   Code   RO           19    i.motor_controlmode  cybergear.o
    0x0800a8d8   0x0800a8d8   0x00000054   Code   RO         4713    i.mpu_configure_fifo  inv_mpu.o
    0x0800a92c   0x0800a92c   0x0000003c   Code   RO         4714    i.mpu_get_accel_fsr  inv_mpu.o
    0x0800a968   0x0800a968   0x00000034   Code   RO         4722    i.mpu_get_gyro_fsr  inv_mpu.o
    0x0800a99c   0x0800a99c   0x0000001c   Code   RO         4728    i.mpu_get_sample_rate  inv_mpu.o
    0x0800a9b8   0x0800a9b8   0x00000088   Code   RO         4729    i.mpu_get_temperature  inv_mpu.o
    0x0800aa40   0x0800aa40   0x00000028   Code   RO         4730    i.mpu_get_who_am_i  inv_mpu.o
    0x0800aa68   0x0800aa68   0x000000b8   Code   RO         4731    i.mpu_init          inv_mpu.o
    0x0800ab20   0x0800ab20   0x000000b8   Code   RO         4733    i.mpu_lp_accel_mode  inv_mpu.o
    0x0800abd8   0x0800abd8   0x000000d0   Code   RO         4527    i.mpu_module_sampling  mpu6050.o
    0x0800aca8   0x0800aca8   0x00000010   Code   RO         4528    i.mpu_read_euler    mpu6050.o
    0x0800acb8   0x0800acb8   0x00000160   Code   RO         4738    i.mpu_read_fifo     inv_mpu.o
    0x0800ae18   0x0800ae18   0x00000160   Code   RO         4743    i.mpu_reset_fifo    inv_mpu.o
    0x0800af78   0x0800af78   0x00000068   Code   RO         4747    i.mpu_set_accel_fsr  inv_mpu.o
    0x0800afe0   0x0800afe0   0x000000dc   Code   RO         4748    i.mpu_set_bypass    inv_mpu.o
    0x0800b0bc   0x0800b0bc   0x0000006c   Code   RO         4752    i.mpu_set_gyro_fsr  inv_mpu.o
    0x0800b128   0x0800b128   0x00000064   Code   RO         4753    i.mpu_set_int_latched  inv_mpu.o
    0x0800b18c   0x0800b18c   0x0000006c   Code   RO         4755    i.mpu_set_lpf       inv_mpu.o
    0x0800b1f8   0x0800b1f8   0x00000080   Code   RO         4756    i.mpu_set_sample_rate  inv_mpu.o
    0x0800b278   0x0800b278   0x000000b8   Code   RO         4757    i.mpu_set_sensors   inv_mpu.o
    0x0800b330   0x0800b330   0x00000058   Code   RO         4759    i.set_int_enable    inv_mpu.o
    0x0800b388   0x0800b388   0x00000012   Code   RO           22    i.set_mode_cybergear  cybergear.o
    0x0800b39a   0x0800b39a   0x00000010   Code   RO         6976    i.sinf              m_wm.l(sinf.o)
    0x0800b3aa   0x0800b3aa   0x0000003e   Code   RO         7000    i.sqrtf             m_wm.l(sqrtf.o)
    0x0800b3e8   0x0800b3e8   0x0000002c   Code   RO           24    i.start_cybergear   cybergear.o
    0x0800b414   0x0800b414   0x00000030   Code   RO           25    i.stop_cybergear    cybergear.o
    0x0800b444   0x0800b444   0x00000010   Data   RO         3714    .constdata          system_stm32f4xx.o
    0x0800b454   0x0800b454   0x0000001e   Data   RO         4760    .constdata          inv_mpu.o
    0x0800b472   0x0800b472   0x0000000c   Data   RO         4761    .constdata          inv_mpu.o
    0x0800b47e   0x0800b47e   0x00000002   PAD
    0x0800b480   0x0800b480   0x00000028   Data   RO         4762    .constdata          inv_mpu.o
    0x0800b4a8   0x0800b4a8   0x0000002f   Data   RO         6292    .constdata          mpl.o
    0x0800b4d7   0x0800b4d7   0x00000001   PAD
    0x0800b4d8   0x0800b4d8   0x00000030   Data   RO         7365    .constdata          m_wm.l(cos_i.o)
    0x0800b508   0x0800b508   0x000000c8   Data   RO         7410    .constdata          m_wm.l(rred.o)
    0x0800b5d0   0x0800b5d0   0x00000020   Data   RO         7414    .constdata          m_wm.l(rredf.o)
    0x0800b5f0   0x0800b5f0   0x00000028   Data   RO         7417    .constdata          m_wm.l(sin_i.o)
    0x0800b618   0x0800b618   0x00000009   Data   RO         4530    .conststring        mpu6050.o
    0x0800b621   0x0800b621   0x00000003   PAD
    0x0800b624   0x0800b624   0x00000044   Data   RO         5415    .conststring        data_builder.o
    0x0800b668   0x0800b668   0x00000020   Data   RO         7471    Region$$Table       anon$$obj.o


    Execution Region RW_IRAM1 (Exec base: 0x20000000, Load base: 0x0800b688, Size: 0x000033d8, Max: 0x00020000, ABSOLUTE, COMPRESSED[0x000000e8])

    Exec Addr    Load Addr    Size         Type   Attr      Idx    E Section Name        Object

    0x20000000   COMPRESSED   0x00000014   Data   RW           28    .data               cybergear.o
    0x20000014   COMPRESSED   0x00000001   Data   RW          652    .data               i2c.o
    0x20000015   COMPRESSED   0x00000003   PAD
    0x20000018   COMPRESSED   0x0000000c   Data   RW         2319    .data               stm32f4xx_hal.o
    0x20000024   COMPRESSED   0x00000004   Data   RW         3716    .data               system_stm32f4xx.o
    0x20000028   COMPRESSED   0x00000020   Data   RW         3808    .data               usbd_desc.o
    0x20000048   COMPRESSED   0x0000003e   Data   RW         3809    .data               usbd_desc.o
    0x20000086   COMPRESSED   0x00000002   PAD
    0x20000088   COMPRESSED   0x00000014   Data   RW         3897    .data               usbd_cdc_if.o
    0x2000009c   COMPRESSED   0x00000001   Data   RW         4295    .data               usbd_ctlreq.o
    0x2000009d   COMPRESSED   0x00000003   PAD
    0x200000a0   COMPRESSED   0x000000d7   Data   RW         4434    .data               usbd_cdc.o
    0x20000177   COMPRESSED   0x00000001   PAD
    0x20000178   COMPRESSED   0x00000038   Data   RW         4435    .data               usbd_cdc.o
    0x200001b0   COMPRESSED   0x0000000d   Data   RW         4531    .data               mpu6050.o
    0x200001bd   COMPRESSED   0x00000003   PAD
    0x200001c0   COMPRESSED   0x00000004   Data   RW         4532    .data               mpu6050.o
    0x200001c4   COMPRESSED   0x0000002c   Data   RW         4763    .data               inv_mpu.o
    0x200001f0   COMPRESSED   0x00000004   Data   RW         5914    .data               message_layer.o
    0x200001f4   COMPRESSED   0x00000004   Data   RW         7445    .data               mc_w.l(mvars.o)
    0x200001f8   COMPRESSED   0x00000004   Data   RW         7446    .data               mc_w.l(mvars.o)
    0x200001fc   COMPRESSED   0x00000004   Data   RW         7450    .data               mc_w.l(errno.o)
    0x20000200        -       0x00000034   Zero   RW           26    .bss                cybergear.o
    0x20000234        -       0x00000020   Zero   RW           27    .bss                cybergear.o
    0x20000254        -       0x00000028   Zero   RW          433    .bss                can.o
    0x2000027c        -       0x00000040   Zero   RW          480    .bss                tim.o
    0x200002bc        -       0x000002d0   Zero   RW         3751    .bss                usb_device.o
    0x2000058c        -       0x00000200   Zero   RW         3807    .bss                usbd_desc.o
    0x2000078c        -       0x00001000   Zero   RW         3896    .bss                usbd_cdc_if.o
    0x2000178c        -       0x00000408   Zero   RW         3977    .bss                usbd_conf.o
    0x20001b94        -       0x00000010   Zero   RW         4529    .bss                mpu6050.o
    0x20001ba4        -       0x00000028   Zero   RW         5275    .bss                empl_outputs.o
    0x20001bcc        -       0x000002d8   Zero   RW         5414    .bss                data_builder.o
    0x20001ea4        -       0x00000088   Zero   RW         6364    .bss                results_holder.o
    0x20001f2c        -       0x00000054   Zero   RW         6565    .bss                start_manager.o
    0x20001f80        -       0x00000198   Zero   RW         6598    .bss                storage_manager.o
    0x20002118        -       0x000002a0   Zero   RW         6632    .bss                libmpllib.lib(fast_no_motion.o)
    0x200023b8        -       0x00000138   Zero   RW         6723    .bss                libmpllib.lib(fusion_9axis.o)
    0x200024f0        -       0x000001c4   Zero   RW         6748    .bss                libmpllib.lib(gyro_tc.o)
    0x200026b4        -       0x0000006c   Zero   RW         6769    .bss                libmpllib.lib(quaternion_supervisor.o)
    0x20002720        -       0x000000b8   Zero   RW         6787    .bss                libmpllib.lib(mag_disturb.o)
    0x200027d8        -       0x00000400   Zero   RW            2    HEAP                startup_stm32f446xx.o
    0x20002bd8        -       0x00000800   Zero   RW            1    STACK               startup_stm32f446xx.o


==============================================================================

Image component sizes


      Code (inc. data)   RO Data    RW Data    ZI Data      Debug   Object Name

       284         30          0          0         40       2327   can.o
       772         84          0         20         84     725419   cybergear.o
      1506        192         68          0        728      22814   data_builder.o
       652         52          0          0         40       4698   empl_outputs.o
       276         22          0          0          0       1071   gpio.o
      1108         60          0          1          0       9617   i2c.o
        88          0          0          0          0       1527   inv_i2c.o
      2512        104         82         44          0      19981   inv_mpu.o
       134         10          0          0          0        974   log_stm32.o
       704         80          0          0          0       7984   main.o
        20          4          0          4          0       1250   message_layer.o
      1566         22          0          0          0      13860   ml_math_func.o
       252        102         47          0          0       5372   mpl.o
       416         46          9         17         16      11291   mpu6050.o
       594         84          0          0        136      12598   results_holder.o
       168         20          0          0         84       3492   start_manager.o
        36          8        452          0       3072        840   startup_stm32f446xx.o
       180         28          0         12          0       9313   stm32f4xx_hal.o
      1658          6          0          0          0      14367   stm32f4xx_hal_can.o
       198         14          0          0          0      33975   stm32f4xx_hal_cortex.o
       458         40          0          0          0       3692   stm32f4xx_hal_gpio.o
        48          6          0          0          0        866   stm32f4xx_hal_msp.o
      2380         14          0          0          0      12877   stm32f4xx_hal_pcd.o
       116          6          0          0          0       2496   stm32f4xx_hal_pcd_ex.o
       320         26          0          0          0       2196   stm32f4xx_hal_rcc.o
      2060         74          0          0          0       4514   stm32f4xx_hal_rcc_ex.o
       976         44          0          0          0      10641   stm32f4xx_hal_tim.o
       148         28          0          0          0       2473   stm32f4xx_hal_tim_ex.o
        56         18          0          0          0       5634   stm32f4xx_it.o
      2578        132          0          0          0      22867   stm32f4xx_ll_usb.o
       132         10          0          0        408       2597   storage_manager.o
        28          6         16          4          0       1167   system_stm32f4xx.o
       156         10          0          0         64       1710   tim.o
        84         18          0          0        720       2607   usb_device.o
       772         16          0        271          0      13597   usbd_cdc.o
       116         22          0         20       4096       3956   usbd_cdc_if.o
       730         24          0          0       1032      16505   usbd_conf.o
       688          0          0          0          0      12485   usbd_core.o
      1276         22          0          1          0      14120   usbd_ctlreq.o
       300        108          0         94        512       6869   usbd_desc.o
       132          0          0          0          0       4540   usbd_ioreq.o

    ----------------------------------------------------------------------
     26716       1592        712        500      11032    1051179   Object Totals
         0          0         32          0          0          0   (incl. Generated)
        38          0          6         12          0          0   (incl. Padding)

    ----------------------------------------------------------------------

      Code (inc. data)   RO Data    RW Data    ZI Data      Debug   Library Member Name

      2548         42          0          0        672      19752   fast_no_motion.o
      1628         54          0          0        312       5308   fusion_9axis.o
      1212         30          0          0        452       5515   gyro_tc.o
      1360         46          0          0        184       7270   mag_disturb.o
      2368        102          0          0        108       5409   quaternion_supervisor.o
       296         46          0          0          0        300   acosf.o
       684         90          0          0          0        208   atan2f.o
       368         46         48          0          0        200   cos_i.o
       352         56          0          0          0        260   cosf.o
        84         16          0          0          0        372   dunder.o
        24          0          0          0          0        124   fabs.o
        48          0          0          0          0        124   fpclassify.o
        38          0          0          0          0        116   fpclassifyf.o
        44         12          0          0          0        464   funder.o
       248          0          0          0          0        152   poly.o
      1080        142        200          0          0        188   rred.o
       340         24         32          0          0        160   rredf.o
       200         20          0          0          0        164   sin.o
       304         24         40          0          0        208   sin_i.o
       416         56          0          0          0        336   sinf.o
       120          0          0          0          0        272   sqrtf.o
        86          0          0          0          0          0   __dczerorl2.o
         0          0          0          0          0          0   entry.o
         0          0          0          0          0          0   entry10a.o
         0          0          0          0          0          0   entry11a.o
         4          0          0          0          0          0   entry12b.o
         8          4          0          0          0          0   entry2.o
         4          0          0          0          0          0   entry5.o
         0          0          0          0          0          0   entry7b.o
         0          0          0          0          0          0   entry8b.o
         8          4          0          0          0          0   entry9a.o
        12          6          0          4          0         68   errno.o
        30          0          0          0          0          0   handlers.o
        36          8          0          0          0         68   init.o
         0          0          0          0          0          0   iusefp.o
        98          0          0          0          0         84   ldiv.o
        30          0          0          0          0         68   llshl.o
        36          0          0          0          0         68   llsshr.o
        32          0          0          0          0         68   llushr.o
       188         20          0          0          0        160   malloc.o
        26          0          0          0          0         80   memcmp.o
        64          0          0          0          0         76   memmovea.o
        36          0          0          0          0        108   memseta.o
         0          0          0          8          0          0   mvars.o
      2272         92          0          0          0        612   printfa.o
        44          0          0          0          0         80   uidiv.o
        98          0          0          0          0         92   uldiv.o
        48          0          0          0          0         68   cdrcmple.o
        20          0          0          0          0         68   cfcmple.o
        20          0          0          0          0         68   cfrcmple.o
        56          0          0          0          0         88   d2f.o
       334          0          0          0          0        148   dadd.o
       222          0          0          0          0        100   ddiv.o
       186          0          0          0          0        176   depilogue.o
        62          0          0          0          0         80   dfixi.o
        48          0          0          0          0         68   dfixul.o
        34          0          0          0          0         76   dflti.o
        26          0          0          0          0         76   dfltui.o
       228          0          0          0          0         96   dmul.o
        46          0          0          0          0         80   dscalb.o
        38          0          0          0          0         68   f2d.o
       176          0          0          0          0        140   fadd.o
       124          0          0          0          0         88   fdiv.o
       110          0          0          0          0        168   fepilogue.o
        50          0          0          0          0         68   ffixi.o
        66          0          0          0          0         76   ffixl.o
        18          0          0          0          0         68   fflti.o
        44          0          0          0          0         92   ffltl.o
        10          0          0          0          0         68   ffltui.o
       100          0          0          0          0         76   fmul.o
        24          0          0          0          0         68   fscalb.o

    ----------------------------------------------------------------------
     18980        944        320         12       1728      50706   Library Totals
        16          4          0          0          0          0   (incl. Padding)

    ----------------------------------------------------------------------

      Code (inc. data)   RO Data    RW Data    ZI Data      Debug   Library Name

      9116        274          0          0       1728      43254   libmpllib.lib
      4646        532        320          0          0       3648   m_wm.l
      3112        134          0         12          0       1632   mc_w.l
      2090          0          0          0          0       2172   mf_w.l

    ----------------------------------------------------------------------
     18980        944        320         12       1728      50706   Library Totals

    ----------------------------------------------------------------------

==============================================================================


      Code (inc. data)   RO Data    RW Data    ZI Data      Debug   

     45696       2536       1032        512      12760    1064357   Grand Totals
     45696       2536       1032        232      12760    1064357   ELF Image Totals (compressed)
     45696       2536       1032        232          0          0   ROM Totals

==============================================================================

    Total RO  Size (Code + RO Data)                46728 (  45.63kB)
    Total RW  Size (RW Data + ZI Data)             13272 (  12.96kB)
    Total ROM Size (Code + RO Data + RW Data)      46960 (  45.86kB)

==============================================================================

