<html>
<body>
<pre>
<h1>µVision Build Log</h1>
<h2>Tool Versions:</h2>
IDE-Version: ¦ÌVision V5.39.0.0
Copyright (C) 2023 ARM Ltd and ARM Germany GmbH. All rights reserved.
License Information: Yu Pan, McMaster University, LIC=----
 
Tool Versions:
Toolchain:       MDK-ARM Plus  Version: 5.39.0.0
Toolchain Path:  C:\Keil_v5\ARM\ARMCLANG\Bin
C Compiler:      ArmClang.exe V6.21
Assembler:       Armasm.exe V6.21
Linker/Locator:  ArmLink.exe V6.21
Library Manager: ArmAr.exe V6.21
Hex Converter:   FromElf.exe V6.21
CPU DLL:         SARMCM3.DLL V5.39.0.0
Dialog DLL:      DCM.DLL V1.17.5.0
Target DLL:      STLink\ST-LINKIII-KEIL_SWO.dll V3.2.0.0
Dialog DLL:      TCM.DLL V1.56.4.0
 
<h2>Project:</h2>
D:\github\control_system\MDK-ARM\CtrBoard.uvprojx
Project File Date:  03/01/2024

<h2>Output:</h2>
*** Using Compiler 'V6.21', folder: 'C:\Keil_v5\ARM\ARMCLANG\Bin'
Rebuild target 'CtrBoard'
assembling startup_stm32f446xx.s...
compiling hx711.c...
compiling cybergear.c...
compiling i2c.c...
compiling stm32f4xx_hal_rcc_ex.c...
compiling gpio.c...
compiling stm32f4xx_hal_pwr.c...
compiling stm32f4xx_hal_pcd.c...
compiling tim.c...
compiling stm32f4xx_hal_dma.c...
compiling stm32f4xx_hal_pcd_ex.c...
compiling stm32f4xx_hal_flash.c...
compiling can.c...
compiling stm32f4xx_hal_flash_ramfunc.c...
compiling stm32f4xx_hal_dma_ex.c...
compiling stm32f4xx_hal_gpio.c...
compiling stm32f4xx_hal_msp.c...
compiling stm32f4xx_hal.c...
compiling stm32f4xx_hal_exti.c...
compiling stm32f4xx_hal_pwr_ex.c...
compiling stm32f4xx_it.c...
compiling stm32f4xx_hal_flash_ex.c...
compiling stm32f4xx_hal_cortex.c...
compiling main.c...
compiling stm32f4xx_hal_rcc.c...
compiling system_stm32f4xx.c...
compiling stm32f4xx_hal_can.c...
compiling usb_device.c...
compiling stm32f4xx_hal_tim_ex.c...
compiling usbd_cdc_if.c...
compiling usbd_desc.c...
compiling usbd_ioreq.c...
compiling stm32f4xx_ll_usb.c...
compiling usbd_cdc.c...
compiling usbd_core.c...
compiling usbd_conf.c...
../Middlewares/ST/STM32_USB_Device_Library/Core/Src/usbd_ctlreq.c(288): warning: expression result unused [-Wunused-value]
  288 |           (USBD_StatusTypeDef)pdev->pClass->Setup(pdev, req);
      |           ^                   ~~~~~~~~~~~~~~~~~~~~~~~~~~~~~~
1 warning generated.
compiling usbd_ctlreq.c...
compiling message_layer.c...
compiling inv_i2c.c...
compiling eMPL_outputs.c...
../Drivers/MPU6050/MPU6050.c(7): warning: In file included from...
../Drivers/MPU6050/mpl\invensense_adv.h(21): warning: In file included from...
../Drivers/MPU6050/mpl/gyro_tc.h(14): warning: '_GYRO_TC_H' is used as a header guard here, followed by #define of a different macro [-Wheader-guard]
   14 | #ifndef _GYRO_TC_H
      |         ^~~~~~~~~~
../Drivers/MPU6050/mpl/gyro_tc.h(15): note: '_GYRO_TC_H_' is defined here; did you mean '_GYRO_TC_H'?
   15 | #define _GYRO_TC_H_
      |         ^~~~~~~~~~~
      |         _GYRO_TC_H
1 warning generated.
compiling MPU6050.c...
compiling hal_outputs.c...
compiling log_stm32.c...
compiling mlmath.c...
compiling mpl.c...
compiling stm32f4xx_hal_tim.c...
compiling start_manager.c...
compiling inv_mpu_dmp_motion_driver.c...
compiling storage_manager.c...
compiling results_holder.c...
compiling data_builder.c...
compiling ml_math_func.c...
compiling inv_mpu.c...
linking...
Program Size: Code=53172 RO-data=1064 RW-data=472 ZI-data=12792  
FromELF: creating hex file...
"CtrBoard\CtrBoard.axf" - 0 Error(s), 2 Warning(s).

<h2>Software Packages used:</h2>

Package Vendor: ARM
                https://www.keil.com/pack/ARM.CMSIS.6.0.0.pack
                ARM::CMSIS@6.0.0
                CMSIS (Common Microcontroller Software Interface Standard)
   * Component: CORE Version: 6.0.0

Package Vendor: Keil
                https://www.keil.com/pack/Keil.STM32F4xx_DFP.2.17.1.pack
                Keil::STM32F4xx_DFP@2.17.1
                STMicroelectronics STM32F4 Series Device Support, Drivers and Examples

<h2>Collection of Component include folders:</h2>
  ./RTE/_CtrBoard
  C:/Users/panyu/AppData/Local/Arm/Packs/ARM/CMSIS/6.0.0/CMSIS/Core/Include
  C:/Users/panyu/AppData/Local/Arm/Packs/Keil/STM32F4xx_DFP/2.17.1/Drivers/CMSIS/Device/ST/STM32F4xx/Include

<h2>Collection of Component Files used:</h2>

   * Component: ARM::CMSIS:CORE@6.0.0
      Include file:  CMSIS/Core/Include/tz_context.h
Build Time Elapsed:  00:00:01
</pre>
</body>
</html>
