<html>
<body>
<pre>
<h1>µVision Build Log</h1>
<h2>Tool Versions:</h2>
IDE-Version: ¦ÌVision V5.33.0.0
Copyright (C) 2020 ARM Ltd and ARM Germany GmbH. All rights reserved.
License Information: Yuying Lai, Mcmaster University, LIC=585FJ-UZ5Y6-SBCEJ-UYB5C-JDCA5-RVKTG
 
Tool Versions:
Toolchain:       MDK-ARM Plus  Version: 5.33.0.0
Toolchain Path:  D:\app\keil\ARM\ARMCC\Bin
C Compiler:      Armcc.exe V5.06 update 7 (build 960)
Assembler:       Armasm.exe V5.06 update 7 (build 960)
Linker/Locator:  ArmLink.exe V5.06 update 7 (build 960)
Library Manager: ArmAr.exe V5.06 update 7 (build 960)
Hex Converter:   FromElf.exe V5.06 update 7 (build 960)
CPU DLL:         SARMCM3.DLL V5.33.0.0
Dialog DLL:      DCM.DLL V1.17.3.0
Target DLL:      STLink\ST-LINKIII-KEIL_SWO.dll V3.0.8.0
Dialog DLL:      TCM.DLL V1.48.0.0
 
<h2>Project:</h2>
D:\personal-project\roboeg\control_system\MDK-ARM\CtrBoard.uvprojx
Project File Date:  03/01/2024

<h2>Output:</h2>
*** Using Compiler 'V5.06 update 7 (build 960)', folder: 'D:\app\keil\ARM\ARMCC\Bin'
Build target 'CtrBoard'
compiling usbd_desc.c...
compiling stm32f4xx_hal_msp.c...
compiling usb_device.c...
compiling main.c...
../Core/Src/main.c(127): warning:  #188-D: enumerated type mixed with another type
  	HAL_GPIO_WritePin(GPIOC, LED_Pin,0);
../Core/Src/main.c(130): warning:  #188-D: enumerated type mixed with another type
  	HAL_GPIO_WritePin(GPIOC, Power_5V_EN_Pin,1);
../Core/Src/main.c(152): warning:  #188-D: enumerated type mixed with another type
  	HAL_GPIO_WritePin(GPIOC, Power_OUT2_EN_Pin,1);
../Core/Src/main.c(200): warning:  #1035-D: single-precision operand implicitly converted to double-precision
  					outTorque = (maxTorque-minTorque) * sin(pitch / 180 * 3.14159) + minTorque;
../Core/Src/main.c(209): warning:  #223-D: function "CDC_Transmit_FS" declared implicitly
  				CDC_Transmit_FS(str,20);
../Core/Src/main.c(89): warning:  #177-D: variable "roll"  was declared but never referenced
  	float pitch = 0.0f, roll = 0.0f, yaw = 0.0f;
../Core/Src/main.c(89): warning:  #177-D: variable "yaw"  was declared but never referenced
  	float pitch = 0.0f, roll = 0.0f, yaw = 0.0f;
../Core/Src/main.c(94): warning:  #550-D: variable "stop_count"  was set but never used
  	uint8_t stop_count = 0;
../Core/Src/main.c(99): warning:  #177-D: variable "ID"  was declared but never referenced
  	uint8_t ID;
../Core/Src/main.c: 9 warnings, 0 errors
compiling hx711.c...
../Core/Inc/hx711.h(64): warning:  #1-D: last line of file ends without a newline
  #endif 
../Core/Inc/hx711Config.h(6): warning:  #1-D: last line of file ends without a newline
  #endif 
..\Core\Src\hx711.c(168): warning:  #1-D: last line of file ends without a newline
  //#############################################################################################
..\Core\Src\hx711.c: 3 warnings, 0 errors
compiling stm32f4xx_it.c...
compiling gpio.c...
compiling i2c.c...
..\Core\Src\i2c.c(465): warning:  #188-D: enumerated type mixed with another type
      return 0;
..\Core\Src\i2c.c(520): warning:  #188-D: enumerated type mixed with another type
      return 0;
..\Core\Src\i2c.c: 2 warnings, 0 errors
compiling can.c...
compiling cybergear.c...
..\Core\Src\cybergear.c(116): warning:  #177-D: function "Get_Motor_ID"  was declared but never referenced
  static uint32_t Get_Motor_ID(uint32_t CAN_ID_Frame)
..\Core\Src\cybergear.c(128): warning:  #177-D: function "Motor_Data_Handler"  was declared but never referenced
  static void Motor_Data_Handler(MI_Motor *Motor,uint8_t DataFrame[8],uint32_t IDFrame)
..\Core\Src\cybergear.c: 2 warnings, 0 errors
compiling tim.c...
compiling usbd_conf.c...
compiling usbd_ioreq.c...
compiling inv_i2c.c...
compiling usbd_cdc_if.c...
compiling usbd_core.c...
compiling usbd_cdc.c...
compiling usbd_ctlreq.c...
compiling MPU6050.c...
../Drivers/MPU6050/mllite/data_builder.h(259): warning:  #1-D: last line of file ends without a newline
  #endif  /* INV_DATA_BUILDER_H__ */
../Drivers/MPU6050/mllite/hal_outputs.h(45): warning:  #1-D: last line of file ends without a newline
  #endif                          // INV_HAL_OUTPUTS_H__
../Drivers/MPU6050/mllite/ml_math_func.h(137): warning:  #1-D: last line of file ends without a newline
  		
../Drivers/MPU6050/mllite/mpl.h(24): warning:  #1-D: last line of file ends without a newline
  #endif // INV_MPL_H__
../Drivers/MPU6050/mllite/results_holder.h(81): warning:  #1-D: last line of file ends without a newline
  #endif // INV_RESULTS_HOLDER_H__
../Drivers/MPU6050/mllite/start_manager.h(27): warning:  #1-D: last line of file ends without a newline
  #endif  // INV_START_MANAGER_H__
../Drivers/MPU6050/mllite/storage_manager.h(30): warning:  #1-D: last line of file ends without a newline
  #endif  /* INV_STORAGE_MANAGER_H__ */
../Drivers/MPU6050/mllite/invensense.h(28): warning:  #1-D: last line of file ends without a newline
  //#include "..\HAL\include\mlos.h"
../Drivers/MPU6050/mpl/fusion_9axis.h(38): warning:  #1-D: last line of file ends without a newline
  #endif // MLDMP_FUSION9AXIS_H__
../Drivers/MPU6050/mpl/heading_from_gyro.h(33): warning:  #1-D: last line of file ends without a newline
  #endif  /* _HEADING_FROM_GYRO_H_ */
../Drivers/MPU6050/mpl/mag_disturb.h(37): warning:  #1-D: last line of file ends without a newline
  #endif // MLDMP_MAGDISTURB_H__
../Drivers/MPU6050/mpl/motion_no_motion.h(28): warning:  #1-D: last line of file ends without a newline
  #endif // INV_MOTION_NO_MOTION_H__
../Drivers/MPU6050/mpl/no_gyro_fusion.h(34): warning:  #1-D: last line of file ends without a newline
  #endif // MLDMP_NOGYROFUSION_H__
../Drivers/MPU6050/mpl/quaternion_supervisor.h(27): warning:  #1-D: last line of file ends without a newline
  #endif // INV_QUATERNION_SUPERVISOR_H__
../Drivers/MPU6050/mpl/invensense_adv.h(27): warning:  #1-D: last line of file ends without a newline
  #include "mag_disturb.h"
../Drivers/MPU6050/eMPL-hal/eMPL_outputs.h(44): warning:  #1-D: last line of file ends without a newline
   */
../Drivers/MPU6050/driver/include/mpu.h(380): warning:  #1-D: last line of file ends without a newline
  #endif				/* __MPU_H_ */
../Drivers/MPU6050/driver/eMPL/inv_mpu.h(133): warning:  #1295-D: Deprecated declaration mpu_get_who_am_i - give arg types
  unsigned char mpu_get_who_am_i();
..\Drivers\MPU6050\MPU6050.c: 18 warnings, 0 errors
compiling inv_mpu.c...
..\Drivers\MPU6050\driver\eMPL\inv_mpu.h(133): warning:  #1295-D: Deprecated declaration mpu_get_who_am_i - give arg types
  unsigned char mpu_get_who_am_i();
..\Drivers\MPU6050\driver\eMPL\inv_mpu.c(3285): warning:  #68-D: integer conversion resulted in a change of sign
  			return -1;
..\Drivers\MPU6050\driver\eMPL\inv_mpu.c: 2 warnings, 0 errors
compiling inv_mpu_dmp_motion_driver.c...
..\Drivers\MPU6050\driver\eMPL\inv_mpu.h(133): warning:  #1295-D: Deprecated declaration mpu_get_who_am_i - give arg types
  unsigned char mpu_get_who_am_i();
..\Drivers\MPU6050\driver\eMPL\inv_mpu_dmp_motion_driver.c(634): warning:  #174-D: expression has no effect
      __no_operation();
..\Drivers\MPU6050\driver\eMPL\inv_mpu_dmp_motion_driver.c: 2 warnings, 0 errors
linking...
Program Size: Code=45696 RO-data=1032 RW-data=512 ZI-data=12760  
FromELF: creating hex file...
"CtrBoard\CtrBoard.axf" - 0 Error(s), 38 Warning(s).

<h2>Software Packages used:</h2>

Package Vendor: ARM
                http://www.keil.com/pack/ARM.CMSIS.5.7.0.pack
                ARM.CMSIS.5.7.0
                CMSIS (Cortex Microcontroller Software Interface Standard)
   * Component: CORE Version: 5.4.0

Package Vendor: Keil
                http://www.keil.com/pack/Keil.STM32F4xx_DFP.2.15.0.pack
                Keil.STM32F4xx_DFP.2.15.0
                STMicroelectronics STM32F4 Series Device Support, Drivers and Examples

<h2>Collection of Component include folders:</h2>
  .\RTE\_CtrBoard
  C:\Users\isabe\AppData\Local\Arm\Packs\ARM\CMSIS\5.7.0\CMSIS\Core\Include
  C:\Users\isabe\AppData\Local\Arm\Packs\Keil\STM32F4xx_DFP\2.15.0\Drivers\CMSIS\Device\ST\STM32F4xx\Include

<h2>Collection of Component Files used:</h2>

   * Component: ARM::CMSIS:CORE:5.4.0
      Include file:  CMSIS\Core\Include\tz_context.h
Build Time Elapsed:  00:00:27
</pre>
</body>
</html>
